docs/engineering/playability-launch-review/evidence/p14b4-20260919/1370-ao-observer-row-diagnostic-closure/payload/1370-ao-m0-fullfunction-current-prelaunch-preparation-source-20261010-r1/current-an-root-prelaunch.py.forward.diff:4: trailing whitespace.
+ 
docs/engineering/playability-launch-review/evidence/p14b4-20260919/1370-ao-observer-row-diagnostic-closure/payload/1370-ao-m0-fullfunction-current-prelaunch-preparation-source-20261010-r1/current-an-root-prelaunch.py.inverse.diff:4: trailing whitespace.
+ 
docs/engineering/playability-launch-review/evidence/p14b4-20260919/1370-ao-observer-row-diagnostic-closure/payload/1370-ao-observer-row-diagnostic-source-20261010-r1/talentMarket.ts.forward.diff:32: trailing whitespace.
+ 
docs/engineering/playability-launch-review/evidence/p14b4-20260919/1370-ao-observer-row-diagnostic-closure/payload/1370-ao-observer-row-diagnostic-source-20261010-r1/talentMarket.ts.forward.diff:36: trailing whitespace.
+ 
docs/engineering/playability-launch-review/evidence/p14b4-20260919/1370-ao-observer-row-diagnostic-closure/payload/1370-ao-observer-row-diagnostic-source-20261010-r1/talentMarket.ts.inverse.diff:32: trailing whitespace.
+ 
docs/engineering/playability-launch-review/evidence/p14b4-20260919/1370-ao-observer-row-diagnostic-closure/payload/1370-ao-observer-row-diagnostic-source-20261010-r1/talentMarket.ts.inverse.diff:36: trailing whitespace.
+ 
docs/engineering/playability-launch-review/evidence/p14b4-20260919/1370-ao-observer-row-diagnostic-closure/payload/1370-ao-observer-row-diagnostic-source-20261010-r1/typed-propagation-removed-talentMarket.ts.forward.diff:32: trailing whitespace.
+ 
docs/engineering/playability-launch-review/evidence/p14b4-20260919/1370-ao-observer-row-diagnostic-closure/payload/1370-ao-observer-row-diagnostic-source-20261010-r1/typed-propagation-removed-talentMarket.ts.forward.diff:36: trailing whitespace.
+ 
docs/engineering/playability-launch-review/evidence/p14b4-20260919/1370-ao-observer-row-diagnostic-closure/payload/1370-ao-observer-row-diagnostic-source-20261010-r1/typed-propagation-removed-talentMarket.ts.inverse.diff:32: trailing whitespace.
+ 
docs/engineering/playability-launch-review/evidence/p14b4-20260919/1370-ao-observer-row-diagnostic-closure/payload/1370-ao-observer-row-diagnostic-source-20261010-r1/typed-propagation-removed-talentMarket.ts.inverse.diff:36: trailing whitespace.
+ 
docs/engineering/playability-launch-review/evidence/p14b4-20260919/1370-ao-observer-row-diagnostic-closure/payload/1370-ao-observer-row-diagnostic-source-20261010-r2/talentMarket.ts.forward.diff:32: trailing whitespace.
+ 
docs/engineering/playability-launch-review/evidence/p14b4-20260919/1370-ao-observer-row-diagnostic-closure/payload/1370-ao-observer-row-diagnostic-source-20261010-r2/talentMarket.ts.forward.diff:36: trailing whitespace.
+ 
docs/engineering/playability-launch-review/evidence/p14b4-20260919/1370-ao-observer-row-diagnostic-closure/payload/1370-ao-observer-row-diagnostic-source-20261010-r2/talentMarket.ts.inverse.diff:32: trailing whitespace.
+ 
docs/engineering/playability-launch-review/evidence/p14b4-20260919/1370-ao-observer-row-diagnostic-closure/payload/1370-ao-observer-row-diagnostic-source-20261010-r2/talentMarket.ts.inverse.diff:36: trailing whitespace.
+ 
docs/engineering/playability-launch-review/evidence/p14b4-20260919/1370-ao-observer-row-diagnostic-closure/payload/1370-ao-observer-row-diagnostic-source-20261010-r2/typed-propagation-removed-talentMarket.ts.forward.diff:32: trailing whitespace.
+ 
docs/engineering/playability-launch-review/evidence/p14b4-20260919/1370-ao-observer-row-diagnostic-closure/payload/1370-ao-observer-row-diagnostic-source-20261010-r2/typed-propagation-removed-talentMarket.ts.forward.diff:36: trailing whitespace.
+ 
docs/engineering/playability-launch-review/evidence/p14b4-20260919/1370-ao-observer-row-diagnostic-closure/payload/1370-ao-observer-row-diagnostic-source-20261010-r2/typed-propagation-removed-talentMarket.ts.inverse.diff:32: trailing whitespace.
+ 
docs/engineering/playability-launch-review/evidence/p14b4-20260919/1370-ao-observer-row-diagnostic-closure/payload/1370-ao-observer-row-diagnostic-source-20261010-r2/typed-propagation-removed-talentMarket.ts.inverse.diff:36: trailing whitespace.
+ 
docs/engineering/playability-launch-review/evidence/p14b4-20260919/1370-ao-observer-row-diagnostic-closure/payload/1370-ao-observer-row-diagnostic-source-20261010-r3/talentMarket.ts.forward.diff:32: trailing whitespace.
+ 
docs/engineering/playability-launch-review/evidence/p14b4-20260919/1370-ao-observer-row-diagnostic-closure/payload/1370-ao-observer-row-diagnostic-source-20261010-r3/talentMarket.ts.forward.diff:36: trailing whitespace.
+ 
docs/engineering/playability-launch-review/evidence/p14b4-20260919/1370-ao-observer-row-diagnostic-closure/payload/1370-ao-observer-row-diagnostic-source-20261010-r3/talentMarket.ts.inverse.diff:32: trailing whitespace.
+ 
docs/engineering/playability-launch-review/evidence/p14b4-20260919/1370-ao-observer-row-diagnostic-closure/payload/1370-ao-observer-row-diagnostic-source-20261010-r3/talentMarket.ts.inverse.diff:36: trailing whitespace.
+ 
docs/engineering/playability-launch-review/evidence/p14b4-20260919/1370-ao-observer-row-diagnostic-closure/payload/1370-ao-observer-row-diagnostic-source-20261010-r3/typed-propagation-removed-talentMarket.ts.forward.diff:32: trailing whitespace.
+ 
docs/engineering/playability-launch-review/evidence/p14b4-20260919/1370-ao-observer-row-diagnostic-closure/payload/1370-ao-observer-row-diagnostic-source-20261010-r3/typed-propagation-removed-talentMarket.ts.forward.diff:36: trailing whitespace.
+ 
docs/engineering/playability-launch-review/evidence/p14b4-20260919/1370-ao-observer-row-diagnostic-closure/payload/1370-ao-observer-row-diagnostic-source-20261010-r3/typed-propagation-removed-talentMarket.ts.inverse.diff:32: trailing whitespace.
+ 
docs/engineering/playability-launch-review/evidence/p14b4-20260919/1370-ao-observer-row-diagnostic-closure/payload/1370-ao-observer-row-diagnostic-source-20261010-r3/typed-propagation-removed-talentMarket.ts.inverse.diff:36: trailing whitespace.
+ 
