docs/engineering/playability-launch-review/evidence/p14b4-20260919/1370-aj-initial-salary-attribution-and-shared-workload-accounting/payload/1370-ai-checkpoint-root-finalization-20261009-r1/ARCHIVE-WHITESPACE-CHECK.stdout:2: trailing whitespace.
++ 
docs/engineering/playability-launch-review/evidence/p14b4-20260919/1370-aj-initial-salary-attribution-and-shared-workload-accounting/payload/1370-ai-checkpoint-root-finalization-20261009-r1/ARCHIVE-WHITESPACE-CHECK.stdout:4: trailing whitespace.
++ 
docs/engineering/playability-launch-review/evidence/p14b4-20260919/1370-aj-initial-salary-attribution-and-shared-workload-accounting/payload/1370-ai-checkpoint-root-finalization-20261009-r1/ARCHIVE-WHITESPACE-CHECK.stdout:6: trailing whitespace.
++ 
docs/engineering/playability-launch-review/evidence/p14b4-20260919/1370-aj-initial-salary-attribution-and-shared-workload-accounting/payload/1370-ai-checkpoint-root-finalization-20261009-r1/ARCHIVE-WHITESPACE-CHECK.stdout:8: trailing whitespace.
++ 
docs/engineering/playability-launch-review/evidence/p14b4-20260919/1370-aj-initial-salary-attribution-and-shared-workload-accounting/payload/1370-ai-checkpoint-root-finalization-20261009-r1/ARCHIVE-WHITESPACE-CHECK.stdout:10: trailing whitespace.
++ 
docs/engineering/playability-launch-review/evidence/p14b4-20260919/1370-aj-initial-salary-attribution-and-shared-workload-accounting/payload/1370-ai-checkpoint-root-finalization-20261009-r1/ARCHIVE-WHITESPACE-CHECK.stdout:12: trailing whitespace.
++ 
docs/engineering/playability-launch-review/evidence/p14b4-20260919/1370-aj-initial-salary-attribution-and-shared-workload-accounting/payload/1370-c0-b109-string-token-cache-proposal-20261009-r1/test-encoder.mjs.diff:6: trailing whitespace.
+ 
docs/engineering/playability-launch-review/evidence/p14b4-20260919/1370-aj-initial-salary-attribution-and-shared-workload-accounting/payload/1370-c0-initial22-first-draw-witness-proposal-20261009-r1/RNG-TYPE-ERASURE.diff:50: trailing whitespace.
+ 
docs/engineering/playability-launch-review/evidence/p14b4-20260919/1370-aj-initial-salary-attribution-and-shared-workload-accounting/payload/1370-c0-initial22-first-draw-witness-proposal-20261009-r1/RNG-TYPE-ERASURE.diff:59: trailing whitespace.
+ 
docs/engineering/playability-launch-review/evidence/p14b4-20260919/1370-aj-initial-salary-attribution-and-shared-workload-accounting/payload/1370-c0-initial22-first-draw-witness-proposal-20261009-r1/RNG-TYPE-ERASURE.diff:74: trailing whitespace.
+ 
docs/engineering/playability-launch-review/evidence/p14b4-20260919/1370-aj-initial-salary-attribution-and-shared-workload-accounting/payload/1370-c0-initial22-first-draw-witness-proposal-20261009-r1/RNG-TYPE-ERASURE.diff:83: trailing whitespace.
+ 
docs/engineering/playability-launch-review/evidence/p14b4-20260919/1370-aj-initial-salary-attribution-and-shared-workload-accounting/payload/1370-c0-initial22-first-draw-witness-proposal-20261009-r1/RNG-TYPE-ERASURE.diff:93: trailing whitespace.
+ 
docs/engineering/playability-launch-review/evidence/p14b4-20260919/1370-aj-initial-salary-attribution-and-shared-workload-accounting/payload/1370-c0-initial22-first-draw-witness-proposal-20261009-r1/RNG-TYPE-ERASURE.diff:98: trailing whitespace.
+ 
docs/engineering/playability-launch-review/evidence/p14b4-20260919/1370-aj-initial-salary-attribution-and-shared-workload-accounting/payload/1370-c0-initial22-first-draw-witness-proposal-20261009-r1/RNG-TYPE-ERASURE.diff:103: trailing whitespace.
+ 
docs/engineering/playability-launch-review/evidence/p14b4-20260919/1370-aj-initial-salary-attribution-and-shared-workload-accounting/payload/1370-c0-initial22-first-draw-witness-proposal-20261009-r1/RNG-TYPE-ERASURE.diff:116: trailing whitespace.
+ 
docs/engineering/playability-launch-review/evidence/p14b4-20260919/1370-aj-initial-salary-attribution-and-shared-workload-accounting/payload/1370-c0-initial22-first-draw-witness-proposal-20261009-r1/RNG-TYPE-ERASURE.diff:123: trailing whitespace.
+ 
docs/engineering/playability-launch-review/evidence/p14b4-20260919/1370-aj-initial-salary-attribution-and-shared-workload-accounting/payload/1370-c0-initial22-first-draw-witness-proposal-20261009-r1/RNG-TYPE-ERASURE.diff:129: trailing whitespace.
+ 
docs/engineering/playability-launch-review/evidence/p14b4-20260919/1370-aj-initial-salary-attribution-and-shared-workload-accounting/payload/1370-c0-initial22-first-draw-witness-proposal-20261009-r1/RNG-TYPE-ERASURE.diff:135: trailing whitespace.
+ 
docs/engineering/playability-launch-review/evidence/p14b4-20260919/1370-aj-initial-salary-attribution-and-shared-workload-accounting/payload/1370-c0-initial22-first-draw-witness-proposal-20261009-r1/RNG-TYPE-ERASURE.diff:152: trailing whitespace.
+ 
docs/engineering/playability-launch-review/evidence/p14b4-20260919/1370-aj-initial-salary-attribution-and-shared-workload-accounting/payload/1370-c0-initial23-source-order-pricing-verification-proposal-20261009-r2/R1-TO-R2.diff:161: trailing whitespace.
+ 
docs/engineering/playability-launch-review/evidence/p14b4-20260919/1370-aj-initial-salary-attribution-and-shared-workload-accounting/payload/1370-c0-initial23-source-order-pricing-verification-proposal-20261009-r2/R1-TO-R2.diff:164: trailing whitespace.
+ 
docs/engineering/playability-launch-review/evidence/p14b4-20260919/1370-aj-initial-salary-attribution-and-shared-workload-accounting/payload/1370-c0-initial23-source-order-pricing-verification-proposal-20261009-r2/R1-TO-R2.diff:167: trailing whitespace.
+ 
docs/engineering/playability-launch-review/evidence/p14b4-20260919/1370-aj-initial-salary-attribution-and-shared-workload-accounting/payload/1370-c0-initial23-source-order-pricing-verification-proposal-20261009-r2/R1-TO-R2.diff:170: trailing whitespace.
+ 
docs/engineering/playability-launch-review/evidence/p14b4-20260919/1370-aj-initial-salary-attribution-and-shared-workload-accounting/payload/1370-c0-m0-additive-bridge-dependency-proposal-20261009-r1/add_inputs.py.diff:70: trailing whitespace.
+ 
docs/engineering/playability-launch-review/evidence/p14b4-20260919/1370-aj-initial-salary-attribution-and-shared-workload-accounting/payload/1370-c0-m0-additive-bridge-dependency-proposal-20261009-r1/add_inputs.py.diff:219: trailing whitespace.
+ 
docs/engineering/playability-launch-review/evidence/p14b4-20260919/1370-aj-initial-salary-attribution-and-shared-workload-accounting/payload/1370-c0-m0-additive-bridge-dependency-proposal-20261009-r2/add_inputs.py.diff:66: trailing whitespace.
+ 
docs/engineering/playability-launch-review/evidence/p14b4-20260919/1370-aj-initial-salary-attribution-and-shared-workload-accounting/payload/1370-c0-m0-additive-bridge-dependency-proposal-20261009-r2/add_inputs.py.diff:82: trailing whitespace.
+ 
docs/engineering/playability-launch-review/evidence/p14b4-20260919/1370-aj-initial-salary-attribution-and-shared-workload-accounting/payload/1370-c0-m0-additive-bridge-dependency-proposal-20261009-r2/add_inputs.py.diff:87: trailing whitespace.
+ 
docs/engineering/playability-launch-review/evidence/p14b4-20260919/1370-aj-initial-salary-attribution-and-shared-workload-accounting/payload/1370-c0-m0-additive-recorded-controls-proposal-20261009-r2/REPORT.md.diff:6: trailing whitespace.
+ 
docs/engineering/playability-launch-review/evidence/p14b4-20260919/1370-aj-initial-salary-attribution-and-shared-workload-accounting/payload/1370-c0-m0-additive-recorded-route-proposal-20261009-r1/add_inputs.py.diff:32: trailing whitespace.
+ 
docs/engineering/playability-launch-review/evidence/p14b4-20260919/1370-aj-initial-salary-attribution-and-shared-workload-accounting/payload/1370-c0-m0-additive-recorded-route-proposal-20261009-r1/record.py.diff:6: trailing whitespace.
+ 
docs/engineering/playability-launch-review/evidence/p14b4-20260919/1370-aj-initial-salary-attribution-and-shared-workload-accounting/payload/1370-c0-m0-additive-recorded-route-proposal-20261009-r1/record.py.diff:10: trailing whitespace.
+ 
docs/engineering/playability-launch-review/evidence/p14b4-20260919/1370-aj-initial-salary-attribution-and-shared-workload-accounting/payload/1370-c0-m0-additive-recorded-route-proposal-20261009-r1/record.py.diff:14: trailing whitespace.
+ 
docs/engineering/playability-launch-review/evidence/p14b4-20260919/1370-aj-initial-salary-attribution-and-shared-workload-accounting/payload/1370-c0-m0-additive-recorded-route-proposal-20261009-r1/record.py.diff:19: trailing whitespace.
+ 
docs/engineering/playability-launch-review/evidence/p14b4-20260919/1370-aj-initial-salary-attribution-and-shared-workload-accounting/payload/1370-c0-m0-additive-recorded-route-proposal-20261009-r1/record.py.diff:20: trailing whitespace.
+ 
docs/engineering/playability-launch-review/evidence/p14b4-20260919/1370-aj-initial-salary-attribution-and-shared-workload-accounting/payload/1370-c0-m0-additive-recorded-route-proposal-20261009-r1/record.py.diff:23: trailing whitespace.
+ 
docs/engineering/playability-launch-review/evidence/p14b4-20260919/1370-aj-initial-salary-attribution-and-shared-workload-accounting/payload/1370-c0-m0-additive-recorded-route-proposal-20261009-r1/record.py.diff:24: trailing whitespace.
+ 
docs/engineering/playability-launch-review/evidence/p14b4-20260919/1370-aj-initial-salary-attribution-and-shared-workload-accounting/payload/1370-c0-m0-additive-recorded-route-proposal-20261009-r1/record.py.diff:70: trailing whitespace.
+ 
docs/engineering/playability-launch-review/evidence/p14b4-20260919/1370-aj-initial-salary-attribution-and-shared-workload-accounting/payload/1370-c0-m0-additive-recorded-route-proposal-20261009-r1/record.py.diff:140: trailing whitespace.
+ 
docs/engineering/playability-launch-review/evidence/p14b4-20260919/1370-aj-initial-salary-attribution-and-shared-workload-accounting/payload/1370-c0-m0-additive-recorded-route-proposal-20261009-r1/record.py.diff:141: trailing whitespace.
+ 
docs/engineering/playability-launch-review/evidence/p14b4-20260919/1370-aj-initial-salary-attribution-and-shared-workload-accounting/payload/1370-c0-m0-additive-recorded-route-proposal-20261009-r1/supervise.py.diff:6: trailing whitespace.
+ 
docs/engineering/playability-launch-review/evidence/p14b4-20260919/1370-aj-initial-salary-attribution-and-shared-workload-accounting/payload/1370-c0-m0-additive-recorded-route-proposal-20261009-r1/supervise.py.diff:10: trailing whitespace.
+ 
docs/engineering/playability-launch-review/evidence/p14b4-20260919/1370-aj-initial-salary-attribution-and-shared-workload-accounting/payload/1370-c0-m0-additive-recorded-route-proposal-20261009-r1/supervise.py.diff:22: trailing whitespace.
+ 
docs/engineering/playability-launch-review/evidence/p14b4-20260919/1370-aj-initial-salary-attribution-and-shared-workload-accounting/payload/1370-c0-m0-additive-recorded-route-proposal-20261009-r1/supervise.py.diff:27: trailing whitespace.
+ 
docs/engineering/playability-launch-review/evidence/p14b4-20260919/1370-aj-initial-salary-attribution-and-shared-workload-accounting/payload/1370-c0-m0-additive-recorded-route-proposal-20261009-r1/supervise.py.diff:81: trailing whitespace.
+ 
docs/engineering/playability-launch-review/evidence/p14b4-20260919/1370-aj-initial-salary-attribution-and-shared-workload-accounting/payload/1370-c0-m0-additive-recorded-route-proposal-20261009-r2/REPORT.md.diff:6: trailing whitespace.
+ 
docs/engineering/playability-launch-review/evidence/p14b4-20260919/1370-aj-initial-salary-attribution-and-shared-workload-accounting/payload/1370-c0-m0-additive-recorded-route-proposal-20261009-r2/REPORT.md.diff:9: trailing whitespace.
+ 
docs/engineering/playability-launch-review/evidence/p14b4-20260919/1370-aj-initial-salary-attribution-and-shared-workload-accounting/payload/1370-c0-m0-additive-recorded-route-proposal-20261009-r2/record.py.diff:9: trailing whitespace.
+ 
docs/engineering/playability-launch-review/evidence/p14b4-20260919/1370-aj-initial-salary-attribution-and-shared-workload-accounting/payload/1370-c0-m0-additive-recorded-route-proposal-20261009-r2/record.py.diff:10: trailing whitespace.
+ 
docs/engineering/playability-launch-review/evidence/p14b4-20260919/1370-aj-initial-salary-attribution-and-shared-workload-accounting/payload/1370-c0-m0-additive-recorded-route-proposal-20261009-r2/record.py.diff:14: trailing whitespace.
+ 
docs/engineering/playability-launch-review/evidence/p14b4-20260919/1370-aj-initial-salary-attribution-and-shared-workload-accounting/payload/1370-c0-m0-additive-recorded-route-proposal-20261009-r2/record.py.diff:15: trailing whitespace.
+ 
docs/engineering/playability-launch-review/evidence/p14b4-20260919/1370-aj-initial-salary-attribution-and-shared-workload-accounting/payload/1370-c0-m0-additive-recorded-route-proposal-20261009-r2/record.py.diff:65: trailing whitespace.
+ 
docs/engineering/playability-launch-review/evidence/p14b4-20260919/1370-aj-initial-salary-attribution-and-shared-workload-accounting/payload/1370-c0-m0-additive-recorded-route-proposal-20261009-r2/record.py.diff:66: trailing whitespace.
+ 
docs/engineering/playability-launch-review/evidence/p14b4-20260919/1370-aj-initial-salary-attribution-and-shared-workload-accounting/payload/1370-c0-m0-additive-recorded-route-proposal-20261009-r2/supervise.py.diff:5: trailing whitespace.
+ 
docs/engineering/playability-launch-review/evidence/p14b4-20260919/1370-aj-initial-salary-attribution-and-shared-workload-accounting/payload/1370-c0-m0-additive-recorded-route-proposal-20261009-r2/supervise.py.diff:6: trailing whitespace.
+ 
