[1359-GP] p13a-core-causal-01: week 520/6240, 7 s
[1359-GP] p13a-core-causal-01: week 1040/6240, 9 s
[1359-GP] p13a-core-causal-01: week 1560/6240, 13 s
[1359-GP] p13a-core-causal-01: week 2080/6240, 19 s
[1359-GP] p13a-core-causal-01: week 2600/6240, 23 s
[1359-GP] p13a-core-causal-01: week 3120/6240, 30 s
[1359-GP] p13a-core-causal-01: week 3640/6240, 38 s
[1359-GP] p13a-core-causal-01: week 4160/6240, 45 s
[1359-GP] p13a-core-causal-01: week 4680/6240, 53 s
[1359-GP] p13a-core-causal-01: week 5200/6240, 61 s
[1359-GP] p13a-core-causal-01: week 5720/6240, 71 s
[1359-GP] p13a-core-causal-01: week 6240/6240, 83 s
[1359-GP] p13a-core-causal-01: P15 roots at week 6240: p15Sequence, powerRanking, sharedMarket; p15Sequence.next 481; ranking 480 records in 4229 rows; market - assessments
[1359-GP] p13a-core-causal-01: F1 BRIDGE: the landed law refused an authored film's null settledWeek (campaignLegacy.ts:351; 1359-F2 F1); the law runs on a copy where 8 authored films read settledWeek 0
[1359-GP] p13a-core-causal-01: RECORD-ID BRIDGE: the landed law refused a ranking record's second studio row (campaignLegacy.ts:482; 1359-F3); the law runs on a copy where 4229 ranking rows carry one id each, and every powerRanking ref maps back to its record id
[1359-GP] p13a-core-causal-01: freeze at week 6240: adapter 5 ms, law 21 ms, manifest 42495 bytes
[1359-GP] seed-b: week 520/6240, 12 s
[1359-GP] seed-b: week 1040/6240, 17 s
[1359-GP] seed-b: week 1560/6240, 23 s
[1359-GP] seed-b: week 2080/6240, 32 s
[1359-GP] seed-b: week 2600/6240, 45 s
[1359-GP] seed-b: week 3120/6240, 64 s
[1359-GP] seed-b: week 3640/6240, 90 s
[1359-GP] seed-b: week 4160/6240, 120 s
[1359-GP] seed-b: week 4680/6240, 158 s
[1359-GP] seed-b: week 5200/6240, 201 s
[1359-GP] seed-b: week 5720/6240, 255 s
[1359-GP] seed-b: week 6240/6240, 314 s
[1359-GP] seed-b: P15 roots at week 6240: p15Sequence, powerRanking, sharedMarket; p15Sequence.next 481; ranking 480 records in 4229 rows; market - assessments
[1359-GP] seed-b: F1 BRIDGE: the landed law refused an authored film's null settledWeek (campaignLegacy.ts:351; 1359-F2 F1); the law runs on a copy where 8 authored films read settledWeek 0
[1359-GP] seed-b: RECORD-ID BRIDGE: the landed law refused a ranking record's second studio row (campaignLegacy.ts:482; 1359-F3); the law runs on a copy where 4229 ranking rows carry one id each, and every powerRanking ref maps back to its record id
[1359-GP] seed-b: freeze at week 6240: adapter 10 ms, law 36 ms, manifest 67304 bytes
[1359-GP] check artistic-voice: evaluated; held p13a-core-causal-01 0/10, seed-b 2/10; retune no (some-seed reading YES)
[1359-GP] check audience-institution: evaluated; held p13a-core-causal-01 0/10, seed-b 5/10; retune no (some-seed reading YES)
[1359-GP] check commercial-engine: evaluated; held p13a-core-causal-01 0/10, seed-b 2/10; retune no (some-seed reading YES)
[1359-GP] check technology-pioneer: evaluated; held p13a-core-causal-01 1/10, seed-b 5/10; retune no (some-seed reading no)
[1359-GP] check talent-foundry: evaluated; held p13a-core-causal-01 2/10, seed-b 5/10; retune no (some-seed reading no)
[1359-GP] check genre-specialist: evaluated; held p13a-core-causal-01 4/10, seed-b 3/10; retune no (some-seed reading no)
[1359-GP] check resilient-survivor: exempt; held p13a-core-causal-01 0/10, seed-b 0/10; retune no (some-seed reading no)
[1359-GP] check awards-dynasty: notEvaluated; held p13a-core-causal-01 0/10, seed-b 0/10; retune no (some-seed reading no)
