Traceback (most recent call last):
  File "/Users/zacheryspector/studio-scratch/1370-aq-original-shared-postflight-diagnostic-source-20261010-r1/diagnose_shared_post.py", line 106, in <module>
    if __name__=='__main__':main()
                            ~~~~^^
  File "/Users/zacheryspector/studio-scratch/1370-aq-original-shared-postflight-diagnostic-source-20261010-r1/diagnose_shared_post.py", line 105, in main
    run_original(scanner,original_args,out,base)
    ~~~~~~~~~~~~^^^^^^^^^^^^^^^^^^^^^^^^^^^^^^^^
  File "/Users/zacheryspector/studio-scratch/1370-aq-original-shared-postflight-diagnostic-source-20261010-r1/diagnose_shared_post.py", line 64, in run_original
    runner(scanner['path'],run_name='__main__')
    ~~~~~~^^^^^^^^^^^^^^^^^^^^^^^^^^^^^^^^^^^^^
  File "<frozen runpy>", line 287, in run_path
  File "<frozen runpy>", line 98, in _run_module_code
  File "<frozen runpy>", line 88, in _run_code
  File "/Users/zacheryspector/studio-scratch/1370-aq-current-operational-fullguard-source-20261010-r1/snapshot.py", line 161, in <module>
    if __name__=='__main__':main()
                            ~~~~^^
  File "/Users/zacheryspector/studio-scratch/1370-aq-current-operational-fullguard-source-20261010-r1/snapshot.py", line 154, in main
    if baseline is not None:require(immutable==baseline['immutable'],'full baseline byte/metadata/inode/root equality failed')
                            ~~~~~~~^^^^^^^^^^^^^^^^^^^^^^^^^^^^^^^^^^^^^^^^^^^^^^^^^^^^^^^^^^^^^^^^^^^^^^^^^^^^^^^^^^^^^^^^^^^
  File "/Users/zacheryspector/studio-scratch/1370-aq-current-operational-fullguard-source-20261010-r1/snapshot.py", line 17, in require
    if not ok:raise RuntimeError('STOP: '+msg)
              ^^^^^^^^^^^^^^^^^^^^^^^^^^^^^^^^
RuntimeError: STOP: full baseline byte/metadata/inode/root equality failed
