
 RUN  v2.1.9 /Users/zacheryspector/The-Movies-headless-program

 ✓ |core| tests/p14b5-relationships.test.ts (46 tests) 24883ms
   ✓ P14B.5 T1 — the module and its named exports exist (RED at import; never a spurious pass) > the hypothesis constants carry the companion values named in the expansion and the ONE pinned relation 772ms
   ✓ family 2 — CANONICAL KEY and REPETITION on the rival chain (scope (2a); S25 symmetry) > the first post-migration RIVAL take mints six edges under the same law; the 45 pre-migration takes mint none (Q3) 1804ms
   ✓ family 3 — DRIFT ON READ and FOLD-BY-COUNT (scope (3), (9); §5.5 :467-468) > past the grace window the value drifts toward the baseline by the plan formula (independent oracle), from either side, never past it, and is fully returned at GRACE + RETURN 519ms
   ✓ family 3 — DRIFT ON READ and FOLD-BY-COUNT (scope (3), (9); §5.5 :467-468) > a WRITE after dormancy materialises the drifted value first, then applies the delta; counters, firstSharedWeek and the peak survive; recent folds by count at the cap 404ms
   ✓ family 4 — TIER RULE under RELATIONSHIP_RULES_VERSION 1 and the D2 reachability (scope (3)-(4)) > a staged pair at the Acquaintances floor reads Strained after one flop and pairChemistry reads sign −1; Enemies/Nemeses never read on any B.5-minted edge 315ms
   ✓ family 5 — RELEASE and CANCEL drivers (scope (2b)-(2c); 647-B R1 week stamp; coexistence with the promise seam) > a rival release (hollywood.films / industry.growth) mints under the same law; a release whose take predates every edge mints nothing (I2) 561ms
   ✓ family 6 — D5 IN THE CHOOSER under the D1 roster predicate (scope (5); companion :116, :120) > the base (no edge) declines by the tie order: every landed band ties between the two survivors (measured premise) 10351ms
   ✓ family 6 — D5 IN THE CHOOSER under the D1 roster predicate (scope (5); companion :116, :120) > a CloseFriends counterpart on the player's OFF-CYCLE row (startWeek < W, active at W) settles the case for the player with the D5 sentence as the ONLY reason 760ms
   ✓ family 6 — D5 IN THE CHOOSER under the D1 roster predicate (scope (5); companion :116, :120) > the same case at a W where that edge has DRIFTED below Close Friends declines by the tie order 421ms
   ✓ family 6 — D5 IN THE CHOOSER under the D1 roster predicate (scope (5); companion :116, :120) > a row CLOSED AT W (the actor signed at 0 for 208 weeks) never counts — the predicate's strict upper end 489ms
   ✓ family 6 — D5 IN THE CHOOSER under the D1 roster predicate (scope (5); companion :116, :120) > a row COMMITTED AT W (startWeek === W) never counts — the predicate's strict lower end; the same row one week earlier does 739ms
   ✓ family 6 — D5 IN THE CHOOSER under the D1 roster predicate (scope (5); companion :116, :120) > `enemies here` is never read: without a Close Friends counterpart no D5 sentence appears, whatever the value on the record 573ms
   ✓ family 8 — RESERVATION enumerated and CHEMISTRY read-only (scope (6)-(7); §5.6 :476, :482) > pairChemistry returns {null, 0, []} without an edge, sign +1 for Colleagues and above, −1 for Strained and below, no digit in any reason, and reads nothing but the record 837ms
   ✓ family 10 — the V31 ROOT VALIDATOR refuses every malformed edge; family 9's ONE-EDGE downgrade refusal (scope (10)) > refuses a week outside the recording interval (before the boundary; after market.tick) 437ms
   ✓ family 10 — the V31 ROOT VALIDATOR refuses every malformed edge; family 9's ONE-EDGE downgrade refusal (scope (10)) > refuses closeness outside 0..100 or non-integer 584ms
   ✓ family 10 — the V31 ROOT VALIDATOR refuses every malformed edge; family 9's ONE-EDGE downgrade refusal (scope (10)) > refuses inconsistent counters 483ms
   ✓ family 10 — the V31 ROOT VALIDATOR refuses every malformed edge; family 9's ONE-EDGE downgrade refusal (scope (10)) > refuses an unknown driver kind, an empty ref and a non-integer delta 416ms
   ✓ family 10 — the V31 ROOT VALIDATOR refuses every malformed edge; family 9's ONE-EDGE downgrade refusal (scope (10)) > a V31 world holding ONE edge refuses migrateToV30 with the downgrade message and refuses every older migrateToVn; empty is lossless 358ms
 ✓ |core| tests/p14b5-save-v31.test.ts (57 tests) 51432ms
   ✓ P14B.5 frozen side — the OUTGOING identities and the T0 corpus (GREEN today; moves only at the T2 values-only sweep) > genuine V30 empty: pins, provenance, the frozen V30 validator first, byte-stable export, and V29 downgrade law unchanged 700ms
   ✓ P14B.5 frozen side — the OUTGOING identities and the T0 corpus (GREEN today; moves only at the T2 values-only sweep) > genuine V30 current-p1: pins, provenance, the frozen V30 validator first, byte-stable export, and V29 downgrade law unchanged 999ms
   ✓ P14B.5 frozen side — the OUTGOING identities and the T0 corpus (GREEN today; moves only at the T2 values-only sweep) > genuine V30 bound-open-p1: pins, provenance, the frozen V30 validator first, byte-stable export, and V29 downgrade law unchanged 918ms
   ✓ P14B.5 frozen side — the OUTGOING identities and the T0 corpus (GREEN today; moves only at the T2 values-only sweep) > genuine V30 bound-open-p2-lead: pins, provenance, the frozen V30 validator first, byte-stable export, and V29 downgrade law unchanged 571ms
   ✓ P14B.5 frozen side — the OUTGOING identities and the T0 corpus (GREEN today; moves only at the T2 values-only sweep) > genuine V30 bound-open-p2-lead-or-antagonist: pins, provenance, the frozen V30 validator first, byte-stable export, and V29 downgrade law unchanged 525ms
   ✓ P14B.5 frozen side — the OUTGOING identities and the T0 corpus (GREEN today; moves only at the T2 values-only sweep) > genuine V30 kept-and-broken: pins, provenance, the frozen V30 validator first, byte-stable export, and V29 downgrade law unchanged 870ms
   ✓ P14B.5 frozen side — the OUTGOING identities and the T0 corpus (GREEN today; moves only at the T2 values-only sweep) > genuine V30 rival-current-p1-and-p2: pins, provenance, the frozen V30 validator first, byte-stable export, and V29 downgrade law unchanged 466ms
   ✓ P14B.5 frozen side — the OUTGOING identities and the T0 corpus (GREEN today; moves only at the T2 values-only sweep) > genuine V30 rival-shared-take-terminal: pins, provenance, the frozen V30 validator first, byte-stable export, and V29 downgrade law unchanged 605ms
   ✓ P14B.5 frozen side — the OUTGOING identities and the T0 corpus (GREEN today; moves only at the T2 values-only sweep) > genuine V30 first-take-at-five: pins, provenance, the frozen V30 validator first, byte-stable export, and V29 downgrade law unchanged 508ms
   ✓ P14B.5 frozen side — the OUTGOING identities and the T0 corpus (GREEN today; moves only at the T2 values-only sweep) > genuine V30 legacy-count-only-p2-current-draft: pins, provenance, the frozen V30 validator first, byte-stable export, and V29 downgrade law unchanged 1132ms
   ✓ P14B.5 frozen side — the OUTGOING identities and the T0 corpus (GREEN today; moves only at the T2 values-only sweep) > genuine V29 empty reaches V30 through the frozen chain byte-identically (the accepted P14B.4 law) 583ms
   ✓ P14B.5 frozen side — the OUTGOING identities and the T0 corpus (GREEN today; moves only at the T2 values-only sweep) > genuine V29 current-p1 reaches V30 through the frozen chain byte-identically (the accepted P14B.4 law) 922ms
   ✓ P14B.5 frozen side — the OUTGOING identities and the T0 corpus (GREEN today; moves only at the T2 values-only sweep) > genuine V29 replaced-p1 reaches V30 through the frozen chain byte-identically (the accepted P14B.4 law) 857ms
   ✓ P14B.5 frozen side — the OUTGOING identities and the T0 corpus (GREEN today; moves only at the T2 values-only sweep) > genuine V29 withdrawn-p1 reaches V30 through the frozen chain byte-identically (the accepted P14B.4 law) 666ms
   ✓ P14B.5 frozen side — the OUTGOING identities and the T0 corpus (GREEN today; moves only at the T2 values-only sweep) > genuine V29 bound-open-p1 reaches V30 through the frozen chain byte-identically (the accepted P14B.4 law) 891ms
   ✓ P14B.5 frozen side — the OUTGOING identities and the T0 corpus (GREEN today; moves only at the T2 values-only sweep) > genuine V29 kept-and-broken-p1 reaches V30 through the frozen chain byte-identically (the accepted P14B.4 law) 854ms
   ✓ P14B.5 frozen side — the OUTGOING identities and the T0 corpus (GREEN today; moves only at the T2 values-only sweep) > genuine V29 rival-current-p1 reaches V30 through the frozen chain byte-identically (the accepted P14B.4 law) 1112ms
   ✓ P14B.5 frozen side — the OUTGOING identities and the T0 corpus (GREEN today; moves only at the T2 values-only sweep) > genuine V29 rival-shared-take-terminal-p1 reaches V30 through the frozen chain byte-identically (the accepted P14B.4 law) 1013ms
   ✓ P14B.5 frozen side — the OUTGOING identities and the T0 corpus (GREEN today; moves only at the T2 values-only sweep) > genuine V29 refused-p2-count-only-current-draft reaches V30 through the frozen chain byte-identically (the accepted P14B.4 law) 669ms
   ✓ P14B.5 frozen side — the OUTGOING identities and the T0 corpus (GREEN today; moves only at the T2 values-only sweep) > legacy legacy-v28-open-case-45 reaches V29 and V30 through the frozen chain with empty P14 roots 621ms
   ✓ P14B.5 frozen side — the OUTGOING identities and the T0 corpus (GREEN today; moves only at the T2 values-only sweep) > legacy legacy-v28-settled-208 reaches V29 and V30 through the frozen chain with empty P14 roots 926ms
   ✓ P14B.5 frozen side — the OUTGOING identities and the T0 corpus (GREEN today; moves only at the T2 values-only sweep) > legacy legacy-v28-legacy-terminations-20 reaches V29 and V30 through the frozen chain with empty P14 roots 486ms
   ✓ P14B.5 frozen side — the OUTGOING identities and the T0 corpus (GREEN today; moves only at the T2 values-only sweep) > the genuine projection-47 checkpoint embeds two genuine V30 saves; the saved slot IS the current-p1 raw 725ms
   ✓ family 9 — every genuine V30 case migrates through migrateToV31 with an EMPTY root, otherwise byte-identical; lossless downgrade when empty > genuine V30 empty 1349ms
   ✓ family 9 — every genuine V30 case migrates through migrateToV31 with an EMPTY root, otherwise byte-identical; lossless downgrade when empty > genuine V30 current-p1 2067ms
   ✓ family 9 — every genuine V30 case migrates through migrateToV31 with an EMPTY root, otherwise byte-identical; lossless downgrade when empty > genuine V30 bound-open-p1 1893ms
   ✓ family 9 — every genuine V30 case migrates through migrateToV31 with an EMPTY root, otherwise byte-identical; lossless downgrade when empty > genuine V30 bound-open-p2-lead 1692ms
   ✓ family 9 — every genuine V30 case migrates through migrateToV31 with an EMPTY root, otherwise byte-identical; lossless downgrade when empty > genuine V30 bound-open-p2-lead-or-antagonist 1507ms
   ✓ family 9 — every genuine V30 case migrates through migrateToV31 with an EMPTY root, otherwise byte-identical; lossless downgrade when empty > genuine V30 kept-and-broken 1558ms
   ✓ family 9 — every genuine V30 case migrates through migrateToV31 with an EMPTY root, otherwise byte-identical; lossless downgrade when empty > genuine V30 rival-current-p1-and-p2 2040ms
   ✓ family 9 — every genuine V30 case migrates through migrateToV31 with an EMPTY root, otherwise byte-identical; lossless downgrade when empty > genuine V30 rival-shared-take-terminal 1681ms
   ✓ family 9 — every genuine V30 case migrates through migrateToV31 with an EMPTY root, otherwise byte-identical; lossless downgrade when empty > genuine V30 first-take-at-five 1372ms
   ✓ family 9 — every genuine V30 case migrates through migrateToV31 with an EMPTY root, otherwise byte-identical; lossless downgrade when empty > genuine V30 legacy-count-only-p2-current-draft 1406ms
   ✓ family 9 — every genuine V30 case migrates through migrateToV31 with an EMPTY root, otherwise byte-identical; lossless downgrade when empty > the older routes see a lifted V31 exactly as they saw its V30 source (each migrateToVn gained the 31 route line) 3985ms
   ✓ family 9 — the V29 and V28 corpora reach V31 through their frozen chains unchanged (R4 through migrateToV31) > genuine V29 empty 391ms
   ✓ family 9 — the V29 and V28 corpora reach V31 through their frozen chains unchanged (R4 through migrateToV31) > genuine V29 current-p1 738ms
   ✓ family 9 — the V29 and V28 corpora reach V31 through their frozen chains unchanged (R4 through migrateToV31) > genuine V29 replaced-p1 941ms
   ✓ family 9 — the V29 and V28 corpora reach V31 through their frozen chains unchanged (R4 through migrateToV31) > genuine V29 withdrawn-p1 787ms
   ✓ family 9 — the V29 and V28 corpora reach V31 through their frozen chains unchanged (R4 through migrateToV31) > genuine V29 bound-open-p1 802ms
   ✓ family 9 — the V29 and V28 corpora reach V31 through their frozen chains unchanged (R4 through migrateToV31) > genuine V29 kept-and-broken-p1 854ms
   ✓ family 9 — the V29 and V28 corpora reach V31 through their frozen chains unchanged (R4 through migrateToV31) > genuine V29 rival-current-p1 1135ms
   ✓ family 9 — the V29 and V28 corpora reach V31 through their frozen chains unchanged (R4 through migrateToV31) > genuine V29 rival-shared-take-terminal-p1 1058ms
   ✓ family 9 — the V29 and V28 corpora reach V31 through their frozen chains unchanged (R4 through migrateToV31) > genuine V29 refused-p2-count-only-current-draft 704ms
   ✓ family 9 — the V29 and V28 corpora reach V31 through their frozen chains unchanged (R4 through migrateToV31) > legacy legacy-v28-shooting-5 338ms
   ✓ family 9 — the V29 and V28 corpora reach V31 through their frozen chains unchanged (R4 through migrateToV31) > legacy legacy-v28-open-case-45 746ms
   ✓ family 9 — the V29 and V28 corpora reach V31 through their frozen chains unchanged (R4 through migrateToV31) > legacy legacy-v28-settled-208 1291ms
   ✓ family 9 — the V29 and V28 corpora reach V31 through their frozen chains unchanged (R4 through migrateToV31) > legacy legacy-v28-legacy-terminations-20 545ms
   ✓ family 9 — the projection-47 checkpoint's embedded saves load through the live route > currentSaveJson lifts with an empty root and every other root byte-identical to its own genuine V30 bytes 1052ms
   ✓ family 9 — the projection-47 checkpoint's embedded saves load through the live route > savedSaveJson lifts with an empty root and every other root byte-identical to its own genuine V30 bytes 1197ms
stdout | tests/bridge-p14b5-relationships.test.ts > family 12 — the R-D5 natural-chain LEDGER (measured; the frozen controls MUST NOT move at T2; after T2 every settlement is checked against the D5 receipt facts) > the MOST EXPOSED shared fixture, poachingFixture (p14b2-fixtures.ts :145-211; consumers bridge-p14b2-trust, p14b2-fixture-preconditions): the week-208 reasons pin and endedWeek 208 hold, and under D1 no survivor holds a shared-take counterpart
poaching pipeline premise {"week":197,"promises":[{"promiseId":"promise-42","version":4,"issuerStudioId":"studio-5a47d054-r01","beneficiaryPersonId":"person-studio-5a47d054-r04-3","windowStartWeek":208,"dueWeekExclusive":416,"feasibilityReceipt":{"classification":"REASONABLY_ACHIEVABLE","bottleneck":null,"inputsDigest":"d47355fa0c8494c3","rulesVersion":4,"week":196},"progress":0,"evidenceRefs":[],"outcome":null,"outcomeWeek":null,"outcomeCause":null,"outcomeEventId":null,"contractId":null,"family":"LEAD_OR_SIGNIFICANT_ROLE_COUNT","predicate":{"kind":"castRoleCount","count":1,"seatClass":"leadOrAntagonist"}},{"promiseId":"promise-43","version":4,"issuerStudioId":"studio-5a47d054-r02","beneficiaryPersonId":"person-studio-5a47d054-r04-3","windowStartWeek":208,"dueWeekExclusive":416,"feasibilityReceipt":{"classification":"REASONABLY_ACHIEVABLE","bottleneck":null,"inputsDigest":"dfa4a41e3f908bd0","rulesVersion":4,"week":196},"progress":0,"evidenceRefs":[],"outcome":null,"outcomeWeek":null,"outcomeCause":null,"outcomeEventId":null,"contractId":null,"family":"LEAD_OR_SIGNIFICANT_ROLE_COUNT","predicate":{"kind":"castRoleCount","count":1,"seatClass":"leadOrAntagonist"}}],"scripts":{"mode":"managed","projects":[{"id":"script-0000","conceptId":"c-00","writerId":"t-wri-10","writerIds":["t-wri-10"],"shape":{"opening":"slowSetup","midpoint":"revelation","ending":"bittersweet"},"promise":{"genre":"comedy","intendedSegments":["adult"],"ranges":{"intimacy":[-0.5,0.5],"tonalWeight":[-0.5,0.5],"kineticEnergy":[-0.5,0.5]}},"status":"review","rewriteCount":0,"commissionedWeek":196,"dueWeek":null,"assessment":{"actualStrength":68.72650768853818,"perceivedStrength":68.72650768853818},"reservation":null,"productionId":null},{"id":"script-0001","conceptId":"c-01","writerId":"t-wri-10","writerIds":["t-wri-10"],"shape":{"opening":"slowSetup","midpoint":"revelation","ending":"bittersweet"},"promise":{"genre":"romance","intendedSegments":["adult"],"ranges":{"intimacy":[-0.5,0.5],"tonalWeight":[-0.5,0.5],"kineticEnergy":[-0.5,0.5]}},"status":"drafting","rewriteCount":0,"commissionedWeek":197,"dueWeek":198,"assessment":null,"reservation":{"projectId":"script-0001","facilityId":"facility-development-casting","capability":"development-casting","slot":0},"productionId":null}]},"concepts":["c-00","c-01","c-02","c-03","c-04","c-05","c-06","c-07","c-08","c-09","c-10","c-11","c-12","c-13","c-14","c-15","c-16","c-17","c-18","c-19","c-20","c-21","c-22","c-23","c-24","c-25","c-26","c-27","c-28","c-29"],"stages":[{"id":"facility-soundstage-07","name":"Soundstage 7","capability":"soundstage","capacity":1},{"id":"facility-soundstage-12","name":"Soundstage 12","capability":"soundstage","capacity":1}]}

 ✓ |core| tests/bridge-p14b5-relationships.test.ts (15 tests) 59982ms
   ✓ P14B.5 frozen side — the OUTGOING wire identities (R-VERSION class, re-expressed by 662-T2 after T2 landed projection 48 / Save V31) > the genuine projection-47 checkpoint is no longer the CURRENT identity: it takes the governed prior path exactly once (family 11 pins the slot bytes) 1802ms
   ✓ family 11 — projection 48 THIN (RED by value): the enum, the registry, the seven-member order, the D5 sentence on the wire > the genuine projection-47 checkpoint takes the governed prior path and currentSaveJson lands on the live save through migrateToV31 1804ms
   ✓ family 11 — projection 48 THIN (RED by value): the enum, the registry, the seven-member order, the D5 sentence on the wire > the genuine projection-47 checkpoint takes the governed prior path and savedSaveJson lands on the live save through migrateToV31 2525ms
   ✓ family 11 — projection 48 THIN (RED by value): the enum, the registry, the seven-member order, the D5 sentence on the wire > preferences.priorityOrder publishes SEVEN members on a genuine open case with the `line` unchanged, and the value parses against the widened enum 324ms
   ✓ family 11 — projection 48 THIN (RED by value): the enum, the registry, the seven-member order, the D5 sentence on the wire > the D5 settlement sentence reaches settlementReasons VERBATIM on the family-6 world, and no closeness, edge or driver leaks onto any serialized DTO 12016ms
   ✓ family 12 — the R-D5 natural-chain LEDGER (measured; the frozen controls MUST NOT move at T2; after T2 every settlement is checked against the D5 receipt facts) > p13a-core-causal-01: chain digests, row counts, churn rosters empty under D1, zero exposed rows through 416; the nine frozen drop templates only 9958ms
   ✓ family 12 — the R-D5 natural-chain LEDGER (measured; the frozen controls MUST NOT move at T2; after T2 every settlement is checked against the D5 receipt facts) > seed-b: chain digests, row counts, churn rosters empty under D1, zero exposed rows through 416; the nine frozen drop templates only 13908ms
   ✓ family 12 — the R-D5 natural-chain LEDGER (measured; the frozen controls MUST NOT move at T2; after T2 every settlement is checked against the D5 receipt facts) > p13b-s8-bridge-probe-01: chain digests, row counts, churn rosters empty under D1, zero exposed rows through 416; the nine frozen drop templates only 8592ms
   ✓ family 12 — the R-D5 natural-chain LEDGER (measured; the frozen controls MUST NOT move at T2; after T2 every settlement is checked against the D5 receipt facts) > p13-public-commercial-adoption: chain digests, row counts, churn rosters empty under D1, zero exposed rows through 416; the nine frozen drop templates only 5317ms
   ✓ family 12 — the R-D5 natural-chain LEDGER (measured; the frozen controls MUST NOT move at T2; after T2 every settlement is checked against the D5 receipt facts) > the MOST EXPOSED shared fixture, poachingFixture (p14b2-fixtures.ts :145-211; consumers bridge-p14b2-trust, p14b2-fixture-preconditions): the week-208 reasons pin and endedWeek 208 hold, and under D1 no survivor holds a shared-take counterpart 3604ms

 Test Files  3 passed (3)
      Tests  118 passed (118)
   Start at  13:14:07
   Duration  64.30s (transform 4.30s, setup 0ms, collect 8.30s, tests 136.30s, environment 1ms, prepare 775ms)

