
 RUN  v2.1.9 /Users/zacheryspector/The-Movies-headless-program

 ✓ |core| tests/p14b4-cast-class-outcomes.test.ts (23 tests) 13055ms
   ✓ P14B4 genuine submit/settle/take routes, no synthetic commitments > PLAYER: actual offered lead P2 settles and the real class-compatible take satisfies it 1900ms
   ✓ P14B4 genuine submit/settle/take routes, no synthetic commitments > PLAYER: actual offered leadOrAntagonist P2 settles and the real class-compatible take satisfies it 1003ms
   ✓ P14B4 genuine submit/settle/take routes, no synthetic commitments > RIVAL: a genuinely naturally authored tagged commitment binds and qualifies through the real scheduled owner transition 3079ms
   ✓ P14B4 labeled outcome-owner probes on real bound roots and actual casts > 'player' 'lead' with actual 'lead' seat: qualification=true 801ms
   ✓ P14B4 labeled outcome-owner probes on real bound roots and actual casts > 'player' 'lead' with actual 'antagonist' seat: qualification=false 381ms
   ✓ P14B4 labeled outcome-owner probes on real bound roots and actual casts > 'player' 'lead' with actual 'support' seat: qualification=false 302ms
   ✓ P14B4 labeled outcome-owner probes on real bound roots and actual casts > 'rival' 'lead' with actual 'support' seat: qualification=false 314ms
   ✓ P14B4 labeled outcome-owner probes on real bound roots and actual casts > 'rival' 'leadOrAntagonist' with actual 'antagonist' seat: qualification=true 311ms
   ✓ P14B4 labeled outcome-owner probes on real bound roots and actual casts > rival support qualifies for P1 and shape-legacy count-only P2, not tagged P2 653ms
   ✓ P14B4 labeled outcome-owner probes on real bound roots and actual casts > player half-open window counts start, excludes before-start and excludes due 634ms
   ✓ P14B4 labeled outcome-owner probes on real bound roots and actual casts > rival half-open window counts start, excludes before-start and excludes due 726ms
   ✓ P14B4 labeled outcome-owner probes on real bound roots and actual casts > count2 requires TWO real distinct productions; repeated owner passes/ticks on one picture never add another event 376ms
   ✓ P14B4 labeled outcome-owner probes on real bound roots and actual casts > two genuinely bound beneficiaries share one completed take but receive DISTINCT own outcome receipts exactly once 392ms

 Test Files  1 passed (1)
      Tests  23 passed (23)
   Start at  11:45:48
   Duration  16.01s (transform 1.66s, setup 0ms, collect 2.28s, tests 13.05s, environment 0ms, prepare 101ms)

EXIT 0
