docs/engineering/playability-launch-review/evidence/p14b4-20260919/1370-aq-git-guard-repair-and-preservation-diagnostic/payload/1370-ap-checkpoint-root-finalization-20261010-r1/DIFF-CHECK-COMPLETE.stdout:2: trailing whitespace.
+++ 
docs/engineering/playability-launch-review/evidence/p14b4-20260919/1370-aq-git-guard-repair-and-preservation-diagnostic/payload/1370-ap-checkpoint-root-finalization-20261010-r1/DIFF-CHECK-COMPLETE.stdout:4: trailing whitespace.
+++ 
docs/engineering/playability-launch-review/evidence/p14b4-20260919/1370-aq-git-guard-repair-and-preservation-diagnostic/payload/1370-ap-checkpoint-root-finalization-20261010-r1/DIFF-CHECK-COMPLETE.stdout:6: trailing whitespace.
+++ 
docs/engineering/playability-launch-review/evidence/p14b4-20260919/1370-aq-git-guard-repair-and-preservation-diagnostic/payload/1370-ap-checkpoint-root-finalization-20261010-r1/DIFF-CHECK-COMPLETE.stdout:8: trailing whitespace.
+++ 
docs/engineering/playability-launch-review/evidence/p14b4-20260919/1370-aq-git-guard-repair-and-preservation-diagnostic/payload/1370-ap-checkpoint-root-finalization-20261010-r1/DIFF-CHECK-COMPLETE.stdout:10: trailing whitespace.
+++ 
docs/engineering/playability-launch-review/evidence/p14b4-20260919/1370-aq-git-guard-repair-and-preservation-diagnostic/payload/1370-ap-checkpoint-root-finalization-20261010-r1/DIFF-CHECK-COMPLETE.stdout:12: trailing whitespace.
+++ 
docs/engineering/playability-launch-review/evidence/p14b4-20260919/1370-aq-git-guard-repair-and-preservation-diagnostic/payload/1370-ap-checkpoint-root-finalization-20261010-r1/DIFF-CHECK-COMPLETE.stdout:14: trailing whitespace.
+++ 
docs/engineering/playability-launch-review/evidence/p14b4-20260919/1370-aq-git-guard-repair-and-preservation-diagnostic/payload/1370-ap-checkpoint-root-finalization-20261010-r1/DIFF-CHECK-COMPLETE.stdout:16: trailing whitespace.
+++ 
docs/engineering/playability-launch-review/evidence/p14b4-20260919/1370-aq-git-guard-repair-and-preservation-diagnostic/payload/1370-ap-checkpoint-root-finalization-20261010-r1/DIFF-CHECK-COMPLETE.stdout:18: trailing whitespace.
+++ 
docs/engineering/playability-launch-review/evidence/p14b4-20260919/1370-aq-git-guard-repair-and-preservation-diagnostic/payload/1370-ap-checkpoint-root-finalization-20261010-r1/DIFF-CHECK-COMPLETE.stdout:20: trailing whitespace.
+++ 
docs/engineering/playability-launch-review/evidence/p14b4-20260919/1370-aq-git-guard-repair-and-preservation-diagnostic/payload/1370-ap-checkpoint-root-finalization-20261010-r1/DIFF-CHECK-COMPLETE.stdout:22: trailing whitespace.
+++ 
docs/engineering/playability-launch-review/evidence/p14b4-20260919/1370-aq-git-guard-repair-and-preservation-diagnostic/payload/1370-ap-checkpoint-root-finalization-20261010-r1/DIFF-CHECK-COMPLETE.stdout:24: trailing whitespace.
+++ 
docs/engineering/playability-launch-review/evidence/p14b4-20260919/1370-aq-git-guard-repair-and-preservation-diagnostic/payload/1370-ap-checkpoint-root-finalization-20261010-r1/DIFF-CHECK-COMPLETE.stdout:26: trailing whitespace.
+++ 
docs/engineering/playability-launch-review/evidence/p14b4-20260919/1370-aq-git-guard-repair-and-preservation-diagnostic/payload/1370-ap-checkpoint-root-finalization-20261010-r1/DIFF-CHECK-COMPLETE.stdout:28: trailing whitespace.
+++ 
docs/engineering/playability-launch-review/evidence/p14b4-20260919/1370-aq-git-guard-repair-and-preservation-diagnostic/payload/1370-ap-checkpoint-root-finalization-20261010-r1/DIFF-CHECK-COMPLETE.stdout:30: trailing whitespace.
+++ 
docs/engineering/playability-launch-review/evidence/p14b4-20260919/1370-aq-git-guard-repair-and-preservation-diagnostic/payload/1370-ap-checkpoint-root-finalization-20261010-r1/DIFF-CHECK-COMPLETE.stdout:32: trailing whitespace.
+++ 
docs/engineering/playability-launch-review/evidence/p14b4-20260919/1370-aq-git-guard-repair-and-preservation-diagnostic/payload/1370-ap-checkpoint-root-finalization-20261010-r1/DIFF-CHECK-COMPLETE.stdout:34: trailing whitespace.
+++ 
docs/engineering/playability-launch-review/evidence/p14b4-20260919/1370-aq-git-guard-repair-and-preservation-diagnostic/payload/1370-ap-checkpoint-root-finalization-20261010-r1/DIFF-CHECK-COMPLETE.stdout:36: trailing whitespace.
+++ 
docs/engineering/playability-launch-review/evidence/p14b4-20260919/1370-aq-git-guard-repair-and-preservation-diagnostic/payload/1370-ap-checkpoint-root-finalization-20261010-r1/DIFF-CHECK-COMPLETE.stdout:38: trailing whitespace.
+++ 
docs/engineering/playability-launch-review/evidence/p14b4-20260919/1370-aq-git-guard-repair-and-preservation-diagnostic/payload/1370-ap-checkpoint-root-finalization-20261010-r1/DIFF-CHECK-COMPLETE.stdout:40: trailing whitespace.
+++ 
docs/engineering/playability-launch-review/evidence/p14b4-20260919/1370-aq-git-guard-repair-and-preservation-diagnostic/payload/1370-ap-checkpoint-root-finalization-20261010-r1/DIFF-CHECK-COMPLETE.stdout:42: trailing whitespace.
+++ 
docs/engineering/playability-launch-review/evidence/p14b4-20260919/1370-aq-git-guard-repair-and-preservation-diagnostic/payload/1370-ap-checkpoint-root-finalization-20261010-r1/DIFF-CHECK-COMPLETE.stdout:44: trailing whitespace.
+++ 
docs/engineering/playability-launch-review/evidence/p14b4-20260919/1370-aq-git-guard-repair-and-preservation-diagnostic/payload/1370-ap-checkpoint-root-finalization-20261010-r1/DIFF-CHECK-COMPLETE.stdout:46: trailing whitespace.
+++ 
docs/engineering/playability-launch-review/evidence/p14b4-20260919/1370-aq-git-guard-repair-and-preservation-diagnostic/payload/1370-ap-checkpoint-root-finalization-20261010-r1/DIFF-CHECK-COMPLETE.stdout:48: trailing whitespace.
+++ 
docs/engineering/playability-launch-review/evidence/p14b4-20260919/1370-aq-git-guard-repair-and-preservation-diagnostic/payload/1370-ap-checkpoint-root-finalization-20261010-r1/DIFF-CHECK-COMPLETE.stdout:50: trailing whitespace.
+++ 
docs/engineering/playability-launch-review/evidence/p14b4-20260919/1370-aq-git-guard-repair-and-preservation-diagnostic/payload/1370-ap-checkpoint-root-finalization-20261010-r1/DIFF-CHECK-COMPLETE.stdout:52: trailing whitespace.
+++ 
docs/engineering/playability-launch-review/evidence/p14b4-20260919/1370-aq-git-guard-repair-and-preservation-diagnostic/payload/1370-ap-checkpoint-root-finalization-20261010-r1/DIFF-CHECK-COMPLETE.stdout:54: trailing whitespace.
+++ 
docs/engineering/playability-launch-review/evidence/p14b4-20260919/1370-aq-git-guard-repair-and-preservation-diagnostic/payload/1370-ap-checkpoint-root-finalization-20261010-r1/DIFF-CHECK-COMPLETE.stdout:56: trailing whitespace.
+++ 
docs/engineering/playability-launch-review/evidence/p14b4-20260919/1370-aq-git-guard-repair-and-preservation-diagnostic/payload/1370-ap-checkpoint-root-finalization-20261010-r1/DIFF-CHECK-COMPLETE.stdout:58: trailing whitespace.
+++ 
docs/engineering/playability-launch-review/evidence/p14b4-20260919/1370-aq-git-guard-repair-and-preservation-diagnostic/payload/1370-ap-checkpoint-root-finalization-20261010-r1/DIFF-CHECK-COMPLETE.stdout:60: trailing whitespace.
+++ 
docs/engineering/playability-launch-review/evidence/p14b4-20260919/1370-aq-git-guard-repair-and-preservation-diagnostic/payload/1370-ap-checkpoint-root-finalization-20261010-r1/DIFF-CHECK-COMPLETE.stdout:62: trailing whitespace.
+++ 
docs/engineering/playability-launch-review/evidence/p14b4-20260919/1370-aq-git-guard-repair-and-preservation-diagnostic/payload/1370-ap-checkpoint-root-finalization-20261010-r1/DIFF-CHECK-COMPLETE.stdout:64: trailing whitespace.
+++ 
docs/engineering/playability-launch-review/evidence/p14b4-20260919/1370-aq-git-guard-repair-and-preservation-diagnostic/payload/1370-ap-checkpoint-root-finalization-20261010-r1/DIFF-CHECK-COMPLETE.stdout:66: trailing whitespace.
+++ 
docs/engineering/playability-launch-review/evidence/p14b4-20260919/1370-aq-git-guard-repair-and-preservation-diagnostic/payload/1370-ap-checkpoint-root-finalization-20261010-r1/DIFF-CHECK-COMPLETE.stdout:68: trailing whitespace.
+++ 
docs/engineering/playability-launch-review/evidence/p14b4-20260919/1370-aq-git-guard-repair-and-preservation-diagnostic/payload/1370-ap-checkpoint-root-finalization-20261010-r1/DIFF-CHECK-COMPLETE.stdout:70: trailing whitespace.
+++ 
docs/engineering/playability-launch-review/evidence/p14b4-20260919/1370-aq-git-guard-repair-and-preservation-diagnostic/payload/1370-ap-checkpoint-root-finalization-20261010-r1/DIFF-CHECK-COMPLETE.stdout:72: trailing whitespace.
+++ 
docs/engineering/playability-launch-review/evidence/p14b4-20260919/1370-aq-git-guard-repair-and-preservation-diagnostic/payload/1370-ap-checkpoint-root-finalization-20261010-r1/DIFF-CHECK-COMPLETE.stdout:74: trailing whitespace.
+++ 
docs/engineering/playability-launch-review/evidence/p14b4-20260919/1370-aq-git-guard-repair-and-preservation-diagnostic/payload/1370-ap-checkpoint-root-finalization-20261010-r1/DIFF-CHECK-COMPLETE.stdout:76: trailing whitespace.
+++ 
docs/engineering/playability-launch-review/evidence/p14b4-20260919/1370-aq-git-guard-repair-and-preservation-diagnostic/payload/1370-ap-checkpoint-root-finalization-20261010-r1/DIFF-CHECK-COMPLETE.stdout:78: trailing whitespace.
+++ 
docs/engineering/playability-launch-review/evidence/p14b4-20260919/1370-aq-git-guard-repair-and-preservation-diagnostic/payload/1370-ap-checkpoint-root-finalization-20261010-r1/DIFF-CHECK-COMPLETE.stdout:80: trailing whitespace.
+++ 
docs/engineering/playability-launch-review/evidence/p14b4-20260919/1370-aq-git-guard-repair-and-preservation-diagnostic/payload/1370-ap-checkpoint-root-finalization-20261010-r1/DIFF-CHECK-COMPLETE.stdout:82: trailing whitespace.
+++ 
docs/engineering/playability-launch-review/evidence/p14b4-20260919/1370-aq-git-guard-repair-and-preservation-diagnostic/payload/1370-ap-checkpoint-root-finalization-20261010-r1/DIFF-CHECK-COMPLETE.stdout:84: trailing whitespace.
+++ 
docs/engineering/playability-launch-review/evidence/p14b4-20260919/1370-aq-git-guard-repair-and-preservation-diagnostic/payload/1370-ap-checkpoint-root-finalization-20261010-r1/DIFF-CHECK-COMPLETE.stdout:86: trailing whitespace.
+++ 
docs/engineering/playability-launch-review/evidence/p14b4-20260919/1370-aq-git-guard-repair-and-preservation-diagnostic/payload/1370-ap-checkpoint-root-finalization-20261010-r1/DIFF-CHECK-COMPLETE.stdout:88: trailing whitespace.
+++ 
docs/engineering/playability-launch-review/evidence/p14b4-20260919/1370-aq-git-guard-repair-and-preservation-diagnostic/payload/1370-ap-checkpoint-root-finalization-20261010-r1/DIFF-CHECK-COMPLETE.stdout:90: trailing whitespace.
+++ 
docs/engineering/playability-launch-review/evidence/p14b4-20260919/1370-aq-git-guard-repair-and-preservation-diagnostic/payload/1370-ap-checkpoint-root-finalization-20261010-r1/DIFF-CHECK-COMPLETE.stdout:92: trailing whitespace.
+++ 
docs/engineering/playability-launch-review/evidence/p14b4-20260919/1370-aq-git-guard-repair-and-preservation-diagnostic/payload/1370-ap-checkpoint-root-finalization-20261010-r1/DIFF-CHECK-COMPLETE.stdout:94: trailing whitespace.
+++ 
docs/engineering/playability-launch-review/evidence/p14b4-20260919/1370-aq-git-guard-repair-and-preservation-diagnostic/payload/1370-ap-checkpoint-root-finalization-20261010-r1/DIFF-CHECK-COMPLETE.stdout:96: trailing whitespace.
+++ 
docs/engineering/playability-launch-review/evidence/p14b4-20260919/1370-aq-git-guard-repair-and-preservation-diagnostic/payload/1370-ap-checkpoint-root-finalization-20261010-r1/DIFF-CHECK-COMPLETE.stdout:98: trailing whitespace.
+++ 
docs/engineering/playability-launch-review/evidence/p14b4-20260919/1370-aq-git-guard-repair-and-preservation-diagnostic/payload/1370-ap-checkpoint-root-finalization-20261010-r1/DIFF-CHECK-COMPLETE.stdout:100: trailing whitespace.
+++ 
docs/engineering/playability-launch-review/evidence/p14b4-20260919/1370-aq-git-guard-repair-and-preservation-diagnostic/payload/1370-ap-checkpoint-root-finalization-20261010-r1/DIFF-CHECK-COMPLETE.stdout:102: trailing whitespace.
+++ 
docs/engineering/playability-launch-review/evidence/p14b4-20260919/1370-aq-git-guard-repair-and-preservation-diagnostic/payload/1370-ap-checkpoint-root-finalization-20261010-r1/DIFF-CHECK-COMPLETE.stdout:104: trailing whitespace.
+++ 
docs/engineering/playability-launch-review/evidence/p14b4-20260919/1370-aq-git-guard-repair-and-preservation-diagnostic/payload/1370-ap-checkpoint-root-finalization-20261010-r1/DIFF-CHECK-COMPLETE.stdout:106: trailing whitespace.
++ 
docs/engineering/playability-launch-review/evidence/p14b4-20260919/1370-aq-git-guard-repair-and-preservation-diagnostic/payload/1370-ap-checkpoint-root-finalization-20261010-r1/DIFF-CHECK-COMPLETE.stdout:108: trailing whitespace.
++ 
docs/engineering/playability-launch-review/evidence/p14b4-20260919/1370-aq-git-guard-repair-and-preservation-diagnostic/payload/1370-ap-checkpoint-root-finalization-20261010-r1/DIFF-CHECK-COMPLETE.stdout:110: trailing whitespace.
++ 
docs/engineering/playability-launch-review/evidence/p14b4-20260919/1370-aq-git-guard-repair-and-preservation-diagnostic/payload/1370-ap-checkpoint-root-finalization-20261010-r1/DIFF-CHECK-COMPLETE.stdout:112: trailing whitespace.
++ 
docs/engineering/playability-launch-review/evidence/p14b4-20260919/1370-aq-git-guard-repair-and-preservation-diagnostic/payload/1370-ap-checkpoint-root-finalization-20261010-r1/DIFF-CHECK-COMPLETE.stdout:114: trailing whitespace.
++ 
docs/engineering/playability-launch-review/evidence/p14b4-20260919/1370-aq-git-guard-repair-and-preservation-diagnostic/payload/1370-ap-checkpoint-root-finalization-20261010-r1/DIFF-CHECK-COMPLETE.stdout:116: trailing whitespace.
++ 
docs/engineering/playability-launch-review/evidence/p14b4-20260919/1370-aq-git-guard-repair-and-preservation-diagnostic/payload/1370-ap-checkpoint-root-finalization-20261010-r1/DIFF-CHECK-COMPLETE.stdout:118: trailing whitespace.
++ 
docs/engineering/playability-launch-review/evidence/p14b4-20260919/1370-aq-git-guard-repair-and-preservation-diagnostic/payload/1370-ap-checkpoint-root-finalization-20261010-r1/DIFF-CHECK-COMPLETE.stdout:120: trailing whitespace.
++ 
docs/engineering/playability-launch-review/evidence/p14b4-20260919/1370-aq-git-guard-repair-and-preservation-diagnostic/payload/1370-ap-checkpoint-root-finalization-20261010-r1/DIFF-CHECK-COMPLETE.stdout:122: trailing whitespace.
++ 
docs/engineering/playability-launch-review/evidence/p14b4-20260919/1370-aq-git-guard-repair-and-preservation-diagnostic/payload/1370-ap-checkpoint-root-finalization-20261010-r1/DIFF-CHECK-COMPLETE.stdout:124: trailing whitespace.
++ 
docs/engineering/playability-launch-review/evidence/p14b4-20260919/1370-aq-git-guard-repair-and-preservation-diagnostic/payload/1370-ap-checkpoint-root-finalization-20261010-r1/DIFF-CHECK-COMPLETE.stdout:126: trailing whitespace.
++ 
docs/engineering/playability-launch-review/evidence/p14b4-20260919/1370-aq-git-guard-repair-and-preservation-diagnostic/payload/1370-ap-checkpoint-root-finalization-20261010-r1/DIFF-CHECK-COMPLETE.stdout:128: trailing whitespace.
++ 
docs/engineering/playability-launch-review/evidence/p14b4-20260919/1370-aq-git-guard-repair-and-preservation-diagnostic/payload/1370-ap-checkpoint-root-finalization-20261010-r1/DIFF-CHECK-COMPLETE.stdout:130: trailing whitespace.
++ 
docs/engineering/playability-launch-review/evidence/p14b4-20260919/1370-aq-git-guard-repair-and-preservation-diagnostic/payload/1370-ap-checkpoint-root-finalization-20261010-r1/DIFF-CHECK-COMPLETE.stdout:132: trailing whitespace.
++ 
docs/engineering/playability-launch-review/evidence/p14b4-20260919/1370-aq-git-guard-repair-and-preservation-diagnostic/payload/1370-ap-checkpoint-root-finalization-20261010-r1/DIFF-CHECK-COMPLETE.stdout:134: trailing whitespace.
++ 
docs/engineering/playability-launch-review/evidence/p14b4-20260919/1370-aq-git-guard-repair-and-preservation-diagnostic/payload/1370-ap-checkpoint-root-finalization-20261010-r1/DIFF-CHECK-COMPLETE.stdout:136: trailing whitespace.
++ 
docs/engineering/playability-launch-review/evidence/p14b4-20260919/1370-aq-git-guard-repair-and-preservation-diagnostic/payload/1370-ap-checkpoint-root-finalization-20261010-r1/DIFF-CHECK-COMPLETE.stdout:138: trailing whitespace.
++ 
docs/engineering/playability-launch-review/evidence/p14b4-20260919/1370-aq-git-guard-repair-and-preservation-diagnostic/payload/1370-ap-checkpoint-root-finalization-20261010-r1/DIFF-CHECK-COMPLETE.stdout:140: trailing whitespace.
++ 
docs/engineering/playability-launch-review/evidence/p14b4-20260919/1370-aq-git-guard-repair-and-preservation-diagnostic/payload/1370-ap-checkpoint-root-finalization-20261010-r1/DIFF-CHECK-COMPLETE.stdout:142: trailing whitespace.
++ 
docs/engineering/playability-launch-review/evidence/p14b4-20260919/1370-aq-git-guard-repair-and-preservation-diagnostic/payload/1370-ap-checkpoint-root-finalization-20261010-r1/DIFF-CHECK-VERIFIED.stdout:2: trailing whitespace.
+++ 
docs/engineering/playability-launch-review/evidence/p14b4-20260919/1370-aq-git-guard-repair-and-preservation-diagnostic/payload/1370-ap-checkpoint-root-finalization-20261010-r1/DIFF-CHECK-VERIFIED.stdout:4: trailing whitespace.
+++ 
docs/engineering/playability-launch-review/evidence/p14b4-20260919/1370-aq-git-guard-repair-and-preservation-diagnostic/payload/1370-ap-checkpoint-root-finalization-20261010-r1/DIFF-CHECK-VERIFIED.stdout:6: trailing whitespace.
+++ 
docs/engineering/playability-launch-review/evidence/p14b4-20260919/1370-aq-git-guard-repair-and-preservation-diagnostic/payload/1370-ap-checkpoint-root-finalization-20261010-r1/DIFF-CHECK-VERIFIED.stdout:8: trailing whitespace.
+++ 
docs/engineering/playability-launch-review/evidence/p14b4-20260919/1370-aq-git-guard-repair-and-preservation-diagnostic/payload/1370-ap-checkpoint-root-finalization-20261010-r1/DIFF-CHECK-VERIFIED.stdout:10: trailing whitespace.
+++ 
docs/engineering/playability-launch-review/evidence/p14b4-20260919/1370-aq-git-guard-repair-and-preservation-diagnostic/payload/1370-ap-checkpoint-root-finalization-20261010-r1/DIFF-CHECK-VERIFIED.stdout:12: trailing whitespace.
+++ 
docs/engineering/playability-launch-review/evidence/p14b4-20260919/1370-aq-git-guard-repair-and-preservation-diagnostic/payload/1370-ap-checkpoint-root-finalization-20261010-r1/DIFF-CHECK-VERIFIED.stdout:14: trailing whitespace.
+++ 
docs/engineering/playability-launch-review/evidence/p14b4-20260919/1370-aq-git-guard-repair-and-preservation-diagnostic/payload/1370-ap-checkpoint-root-finalization-20261010-r1/DIFF-CHECK-VERIFIED.stdout:16: trailing whitespace.
+++ 
docs/engineering/playability-launch-review/evidence/p14b4-20260919/1370-aq-git-guard-repair-and-preservation-diagnostic/payload/1370-ap-checkpoint-root-finalization-20261010-r1/DIFF-CHECK-VERIFIED.stdout:18: trailing whitespace.
+++ 
docs/engineering/playability-launch-review/evidence/p14b4-20260919/1370-aq-git-guard-repair-and-preservation-diagnostic/payload/1370-ap-checkpoint-root-finalization-20261010-r1/DIFF-CHECK-VERIFIED.stdout:20: trailing whitespace.
+++ 
docs/engineering/playability-launch-review/evidence/p14b4-20260919/1370-aq-git-guard-repair-and-preservation-diagnostic/payload/1370-ap-checkpoint-root-finalization-20261010-r1/DIFF-CHECK-VERIFIED.stdout:22: trailing whitespace.
+++ 
docs/engineering/playability-launch-review/evidence/p14b4-20260919/1370-aq-git-guard-repair-and-preservation-diagnostic/payload/1370-ap-checkpoint-root-finalization-20261010-r1/DIFF-CHECK-VERIFIED.stdout:24: trailing whitespace.
+++ 
docs/engineering/playability-launch-review/evidence/p14b4-20260919/1370-aq-git-guard-repair-and-preservation-diagnostic/payload/1370-ap-checkpoint-root-finalization-20261010-r1/DIFF-CHECK-VERIFIED.stdout:26: trailing whitespace.
+++ 
docs/engineering/playability-launch-review/evidence/p14b4-20260919/1370-aq-git-guard-repair-and-preservation-diagnostic/payload/1370-ap-checkpoint-root-finalization-20261010-r1/DIFF-CHECK-VERIFIED.stdout:28: trailing whitespace.
+++ 
docs/engineering/playability-launch-review/evidence/p14b4-20260919/1370-aq-git-guard-repair-and-preservation-diagnostic/payload/1370-ap-checkpoint-root-finalization-20261010-r1/DIFF-CHECK-VERIFIED.stdout:30: trailing whitespace.
+++ 
docs/engineering/playability-launch-review/evidence/p14b4-20260919/1370-aq-git-guard-repair-and-preservation-diagnostic/payload/1370-ap-checkpoint-root-finalization-20261010-r1/DIFF-CHECK-VERIFIED.stdout:32: trailing whitespace.
+++ 
docs/engineering/playability-launch-review/evidence/p14b4-20260919/1370-aq-git-guard-repair-and-preservation-diagnostic/payload/1370-ap-checkpoint-root-finalization-20261010-r1/DIFF-CHECK-VERIFIED.stdout:34: trailing whitespace.
+++ 
docs/engineering/playability-launch-review/evidence/p14b4-20260919/1370-aq-git-guard-repair-and-preservation-diagnostic/payload/1370-ap-checkpoint-root-finalization-20261010-r1/DIFF-CHECK-VERIFIED.stdout:36: trailing whitespace.
+++ 
docs/engineering/playability-launch-review/evidence/p14b4-20260919/1370-aq-git-guard-repair-and-preservation-diagnostic/payload/1370-ap-checkpoint-root-finalization-20261010-r1/DIFF-CHECK-VERIFIED.stdout:38: trailing whitespace.
+++ 
docs/engineering/playability-launch-review/evidence/p14b4-20260919/1370-aq-git-guard-repair-and-preservation-diagnostic/payload/1370-ap-checkpoint-root-finalization-20261010-r1/DIFF-CHECK-VERIFIED.stdout:40: trailing whitespace.
+++ 
docs/engineering/playability-launch-review/evidence/p14b4-20260919/1370-aq-git-guard-repair-and-preservation-diagnostic/payload/1370-ap-checkpoint-root-finalization-20261010-r1/DIFF-CHECK-VERIFIED.stdout:42: trailing whitespace.
+++ 
docs/engineering/playability-launch-review/evidence/p14b4-20260919/1370-aq-git-guard-repair-and-preservation-diagnostic/payload/1370-ap-checkpoint-root-finalization-20261010-r1/DIFF-CHECK-VERIFIED.stdout:44: trailing whitespace.
+++ 
docs/engineering/playability-launch-review/evidence/p14b4-20260919/1370-aq-git-guard-repair-and-preservation-diagnostic/payload/1370-ap-checkpoint-root-finalization-20261010-r1/DIFF-CHECK-VERIFIED.stdout:46: trailing whitespace.
+++ 
docs/engineering/playability-launch-review/evidence/p14b4-20260919/1370-aq-git-guard-repair-and-preservation-diagnostic/payload/1370-ap-checkpoint-root-finalization-20261010-r1/DIFF-CHECK-VERIFIED.stdout:48: trailing whitespace.
+++ 
docs/engineering/playability-launch-review/evidence/p14b4-20260919/1370-aq-git-guard-repair-and-preservation-diagnostic/payload/1370-ap-checkpoint-root-finalization-20261010-r1/DIFF-CHECK-VERIFIED.stdout:50: trailing whitespace.
+++ 
docs/engineering/playability-launch-review/evidence/p14b4-20260919/1370-aq-git-guard-repair-and-preservation-diagnostic/payload/1370-ap-checkpoint-root-finalization-20261010-r1/DIFF-CHECK-VERIFIED.stdout:52: trailing whitespace.
+++ 
docs/engineering/playability-launch-review/evidence/p14b4-20260919/1370-aq-git-guard-repair-and-preservation-diagnostic/payload/1370-ap-checkpoint-root-finalization-20261010-r1/DIFF-CHECK-VERIFIED.stdout:54: trailing whitespace.
+++ 
docs/engineering/playability-launch-review/evidence/p14b4-20260919/1370-aq-git-guard-repair-and-preservation-diagnostic/payload/1370-ap-checkpoint-root-finalization-20261010-r1/DIFF-CHECK-VERIFIED.stdout:56: trailing whitespace.
+++ 
docs/engineering/playability-launch-review/evidence/p14b4-20260919/1370-aq-git-guard-repair-and-preservation-diagnostic/payload/1370-ap-checkpoint-root-finalization-20261010-r1/DIFF-CHECK-VERIFIED.stdout:58: trailing whitespace.
+++ 
docs/engineering/playability-launch-review/evidence/p14b4-20260919/1370-aq-git-guard-repair-and-preservation-diagnostic/payload/1370-ap-checkpoint-root-finalization-20261010-r1/DIFF-CHECK-VERIFIED.stdout:60: trailing whitespace.
+++ 
docs/engineering/playability-launch-review/evidence/p14b4-20260919/1370-aq-git-guard-repair-and-preservation-diagnostic/payload/1370-ap-checkpoint-root-finalization-20261010-r1/DIFF-CHECK-VERIFIED.stdout:62: trailing whitespace.
+++ 
docs/engineering/playability-launch-review/evidence/p14b4-20260919/1370-aq-git-guard-repair-and-preservation-diagnostic/payload/1370-ap-checkpoint-root-finalization-20261010-r1/DIFF-CHECK-VERIFIED.stdout:64: trailing whitespace.
+++ 
docs/engineering/playability-launch-review/evidence/p14b4-20260919/1370-aq-git-guard-repair-and-preservation-diagnostic/payload/1370-ap-checkpoint-root-finalization-20261010-r1/DIFF-CHECK-VERIFIED.stdout:66: trailing whitespace.
+++ 
docs/engineering/playability-launch-review/evidence/p14b4-20260919/1370-aq-git-guard-repair-and-preservation-diagnostic/payload/1370-ap-checkpoint-root-finalization-20261010-r1/DIFF-CHECK-VERIFIED.stdout:68: trailing whitespace.
+++ 
docs/engineering/playability-launch-review/evidence/p14b4-20260919/1370-aq-git-guard-repair-and-preservation-diagnostic/payload/1370-ap-checkpoint-root-finalization-20261010-r1/DIFF-CHECK-VERIFIED.stdout:70: trailing whitespace.
+++ 
docs/engineering/playability-launch-review/evidence/p14b4-20260919/1370-aq-git-guard-repair-and-preservation-diagnostic/payload/1370-ap-checkpoint-root-finalization-20261010-r1/DIFF-CHECK-VERIFIED.stdout:72: trailing whitespace.
+++ 
docs/engineering/playability-launch-review/evidence/p14b4-20260919/1370-aq-git-guard-repair-and-preservation-diagnostic/payload/1370-ap-checkpoint-root-finalization-20261010-r1/DIFF-CHECK-VERIFIED.stdout:74: trailing whitespace.
+++ 
docs/engineering/playability-launch-review/evidence/p14b4-20260919/1370-aq-git-guard-repair-and-preservation-diagnostic/payload/1370-ap-checkpoint-root-finalization-20261010-r1/DIFF-CHECK-VERIFIED.stdout:76: trailing whitespace.
+++ 
docs/engineering/playability-launch-review/evidence/p14b4-20260919/1370-aq-git-guard-repair-and-preservation-diagnostic/payload/1370-ap-checkpoint-root-finalization-20261010-r1/DIFF-CHECK-VERIFIED.stdout:78: trailing whitespace.
+++ 
docs/engineering/playability-launch-review/evidence/p14b4-20260919/1370-aq-git-guard-repair-and-preservation-diagnostic/payload/1370-ap-checkpoint-root-finalization-20261010-r1/DIFF-CHECK-VERIFIED.stdout:80: trailing whitespace.
+++ 
docs/engineering/playability-launch-review/evidence/p14b4-20260919/1370-aq-git-guard-repair-and-preservation-diagnostic/payload/1370-ap-checkpoint-root-finalization-20261010-r1/DIFF-CHECK-VERIFIED.stdout:82: trailing whitespace.
+++ 
docs/engineering/playability-launch-review/evidence/p14b4-20260919/1370-aq-git-guard-repair-and-preservation-diagnostic/payload/1370-ap-checkpoint-root-finalization-20261010-r1/DIFF-CHECK-VERIFIED.stdout:84: trailing whitespace.
+++ 
docs/engineering/playability-launch-review/evidence/p14b4-20260919/1370-aq-git-guard-repair-and-preservation-diagnostic/payload/1370-ap-checkpoint-root-finalization-20261010-r1/DIFF-CHECK-VERIFIED.stdout:86: trailing whitespace.
+++ 
docs/engineering/playability-launch-review/evidence/p14b4-20260919/1370-aq-git-guard-repair-and-preservation-diagnostic/payload/1370-ap-checkpoint-root-finalization-20261010-r1/DIFF-CHECK-VERIFIED.stdout:88: trailing whitespace.
+++ 
docs/engineering/playability-launch-review/evidence/p14b4-20260919/1370-aq-git-guard-repair-and-preservation-diagnostic/payload/1370-ap-checkpoint-root-finalization-20261010-r1/DIFF-CHECK-VERIFIED.stdout:90: trailing whitespace.
+++ 
docs/engineering/playability-launch-review/evidence/p14b4-20260919/1370-aq-git-guard-repair-and-preservation-diagnostic/payload/1370-ap-checkpoint-root-finalization-20261010-r1/DIFF-CHECK-VERIFIED.stdout:92: trailing whitespace.
+++ 
docs/engineering/playability-launch-review/evidence/p14b4-20260919/1370-aq-git-guard-repair-and-preservation-diagnostic/payload/1370-ap-checkpoint-root-finalization-20261010-r1/DIFF-CHECK-VERIFIED.stdout:94: trailing whitespace.
+++ 
docs/engineering/playability-launch-review/evidence/p14b4-20260919/1370-aq-git-guard-repair-and-preservation-diagnostic/payload/1370-ap-checkpoint-root-finalization-20261010-r1/DIFF-CHECK-VERIFIED.stdout:96: trailing whitespace.
+++ 
docs/engineering/playability-launch-review/evidence/p14b4-20260919/1370-aq-git-guard-repair-and-preservation-diagnostic/payload/1370-ap-checkpoint-root-finalization-20261010-r1/DIFF-CHECK-VERIFIED.stdout:98: trailing whitespace.
+++ 
docs/engineering/playability-launch-review/evidence/p14b4-20260919/1370-aq-git-guard-repair-and-preservation-diagnostic/payload/1370-ap-checkpoint-root-finalization-20261010-r1/DIFF-CHECK-VERIFIED.stdout:100: trailing whitespace.
+++ 
docs/engineering/playability-launch-review/evidence/p14b4-20260919/1370-aq-git-guard-repair-and-preservation-diagnostic/payload/1370-ap-checkpoint-root-finalization-20261010-r1/DIFF-CHECK-VERIFIED.stdout:102: trailing whitespace.
+++ 
docs/engineering/playability-launch-review/evidence/p14b4-20260919/1370-aq-git-guard-repair-and-preservation-diagnostic/payload/1370-ap-checkpoint-root-finalization-20261010-r1/DIFF-CHECK-VERIFIED.stdout:104: trailing whitespace.
+++ 
docs/engineering/playability-launch-review/evidence/p14b4-20260919/1370-aq-git-guard-repair-and-preservation-diagnostic/payload/1370-ap-checkpoint-root-finalization-20261010-r1/DIFF-CHECK-VERIFIED.stdout:106: trailing whitespace.
++ 
docs/engineering/playability-launch-review/evidence/p14b4-20260919/1370-aq-git-guard-repair-and-preservation-diagnostic/payload/1370-ap-checkpoint-root-finalization-20261010-r1/DIFF-CHECK-VERIFIED.stdout:108: trailing whitespace.
++ 
docs/engineering/playability-launch-review/evidence/p14b4-20260919/1370-aq-git-guard-repair-and-preservation-diagnostic/payload/1370-ap-checkpoint-root-finalization-20261010-r1/DIFF-CHECK-VERIFIED.stdout:110: trailing whitespace.
++ 
docs/engineering/playability-launch-review/evidence/p14b4-20260919/1370-aq-git-guard-repair-and-preservation-diagnostic/payload/1370-ap-checkpoint-root-finalization-20261010-r1/DIFF-CHECK-VERIFIED.stdout:112: trailing whitespace.
++ 
docs/engineering/playability-launch-review/evidence/p14b4-20260919/1370-aq-git-guard-repair-and-preservation-diagnostic/payload/1370-ap-checkpoint-root-finalization-20261010-r1/DIFF-CHECK-VERIFIED.stdout:114: trailing whitespace.
++ 
docs/engineering/playability-launch-review/evidence/p14b4-20260919/1370-aq-git-guard-repair-and-preservation-diagnostic/payload/1370-ap-checkpoint-root-finalization-20261010-r1/DIFF-CHECK-VERIFIED.stdout:116: trailing whitespace.
++ 
docs/engineering/playability-launch-review/evidence/p14b4-20260919/1370-aq-git-guard-repair-and-preservation-diagnostic/payload/1370-ap-checkpoint-root-finalization-20261010-r1/DIFF-CHECK-VERIFIED.stdout:118: trailing whitespace.
++ 
docs/engineering/playability-launch-review/evidence/p14b4-20260919/1370-aq-git-guard-repair-and-preservation-diagnostic/payload/1370-ap-checkpoint-root-finalization-20261010-r1/DIFF-CHECK-VERIFIED.stdout:120: trailing whitespace.
++ 
docs/engineering/playability-launch-review/evidence/p14b4-20260919/1370-aq-git-guard-repair-and-preservation-diagnostic/payload/1370-ap-checkpoint-root-finalization-20261010-r1/DIFF-CHECK-VERIFIED.stdout:122: trailing whitespace.
++ 
docs/engineering/playability-launch-review/evidence/p14b4-20260919/1370-aq-git-guard-repair-and-preservation-diagnostic/payload/1370-ap-checkpoint-root-finalization-20261010-r1/DIFF-CHECK-VERIFIED.stdout:124: trailing whitespace.
++ 
docs/engineering/playability-launch-review/evidence/p14b4-20260919/1370-aq-git-guard-repair-and-preservation-diagnostic/payload/1370-ap-checkpoint-root-finalization-20261010-r1/DIFF-CHECK-VERIFIED.stdout:126: trailing whitespace.
++ 
docs/engineering/playability-launch-review/evidence/p14b4-20260919/1370-aq-git-guard-repair-and-preservation-diagnostic/payload/1370-ap-checkpoint-root-finalization-20261010-r1/DIFF-CHECK-VERIFIED.stdout:128: trailing whitespace.
++ 
docs/engineering/playability-launch-review/evidence/p14b4-20260919/1370-aq-git-guard-repair-and-preservation-diagnostic/payload/1370-ap-checkpoint-root-finalization-20261010-r1/DIFF-CHECK-VERIFIED.stdout:130: trailing whitespace.
++ 
docs/engineering/playability-launch-review/evidence/p14b4-20260919/1370-aq-git-guard-repair-and-preservation-diagnostic/payload/1370-ap-checkpoint-root-finalization-20261010-r1/DIFF-CHECK-VERIFIED.stdout:132: trailing whitespace.
++ 
docs/engineering/playability-launch-review/evidence/p14b4-20260919/1370-aq-git-guard-repair-and-preservation-diagnostic/payload/1370-ap-checkpoint-root-finalization-20261010-r1/DIFF-CHECK-VERIFIED.stdout:134: trailing whitespace.
++ 
docs/engineering/playability-launch-review/evidence/p14b4-20260919/1370-aq-git-guard-repair-and-preservation-diagnostic/payload/1370-ap-checkpoint-root-finalization-20261010-r1/DIFF-CHECK-VERIFIED.stdout:136: trailing whitespace.
++ 
docs/engineering/playability-launch-review/evidence/p14b4-20260919/1370-aq-git-guard-repair-and-preservation-diagnostic/payload/1370-ap-checkpoint-root-finalization-20261010-r1/DIFF-CHECK-VERIFIED.stdout:138: trailing whitespace.
++ 
docs/engineering/playability-launch-review/evidence/p14b4-20260919/1370-aq-git-guard-repair-and-preservation-diagnostic/payload/1370-ap-checkpoint-root-finalization-20261010-r1/DIFF-CHECK-VERIFIED.stdout:140: trailing whitespace.
++ 
docs/engineering/playability-launch-review/evidence/p14b4-20260919/1370-aq-git-guard-repair-and-preservation-diagnostic/payload/1370-ap-checkpoint-root-finalization-20261010-r1/DIFF-CHECK-VERIFIED.stdout:142: trailing whitespace.
++ 
docs/engineering/playability-launch-review/evidence/p14b4-20260919/1370-aq-git-guard-repair-and-preservation-diagnostic/payload/1370-aq-native-refusal-diagnostic-independent-controls-source-20261010-r1/run-native-observer-controls.forward.diff:22: trailing whitespace.
+ 
docs/engineering/playability-launch-review/evidence/p14b4-20260919/1370-aq-git-guard-repair-and-preservation-diagnostic/payload/1370-aq-native-refusal-diagnostic-independent-controls-source-20261010-r1/run-native-observer-controls.forward.diff:36: trailing whitespace.
+ 
docs/engineering/playability-launch-review/evidence/p14b4-20260919/1370-aq-git-guard-repair-and-preservation-diagnostic/payload/1370-aq-native-refusal-diagnostic-independent-controls-source-20261010-r1/run-native-observer-controls.inverse.diff:22: trailing whitespace.
+ 
docs/engineering/playability-launch-review/evidence/p14b4-20260919/1370-aq-git-guard-repair-and-preservation-diagnostic/payload/1370-aq-native-refusal-diagnostic-independent-controls-source-20261010-r1/run-native-observer-controls.inverse.diff:36: trailing whitespace.
+ 
docs/engineering/playability-launch-review/evidence/p14b4-20260919/1370-aq-git-guard-repair-and-preservation-diagnostic/payload/1370-aq-native-refusal-diagnostic-independent-controls-source-20261010-r1/run-native-observer-controls.lossless.ndiff:3: trailing whitespace.
+  
docs/engineering/playability-launch-review/evidence/p14b4-20260919/1370-aq-git-guard-repair-and-preservation-diagnostic/payload/1370-aq-native-refusal-diagnostic-independent-controls-source-20261010-r1/run-native-observer-controls.lossless.ndiff:28: trailing whitespace.
+  
docs/engineering/playability-launch-review/evidence/p14b4-20260919/1370-aq-git-guard-repair-and-preservation-diagnostic/payload/1370-aq-native-refusal-diagnostic-independent-controls-source-20261010-r1/run-native-observer-controls.lossless.ndiff:99: trailing whitespace.
+  
docs/engineering/playability-launch-review/evidence/p14b4-20260919/1370-aq-git-guard-repair-and-preservation-diagnostic/payload/1370-aq-native-refusal-diagnostic-independent-controls-source-20261010-r1/run-native-observer-controls.lossless.ndiff:120: trailing whitespace.
+  
docs/engineering/playability-launch-review/evidence/p14b4-20260919/1370-aq-git-guard-repair-and-preservation-diagnostic/payload/1370-aq-native-refusal-diagnostic-independent-controls-source-20261010-r1/run-native-observer-controls.lossless.ndiff:174: trailing whitespace.
+  
docs/engineering/playability-launch-review/evidence/p14b4-20260919/1370-aq-git-guard-repair-and-preservation-diagnostic/payload/1370-aq-native-refusal-diagnostic-independent-controls-source-20261010-r1/run-native-observer-controls.lossless.ndiff:283: trailing whitespace.
++ 
docs/engineering/playability-launch-review/evidence/p14b4-20260919/1370-aq-git-guard-repair-and-preservation-diagnostic/payload/1370-aq-native-refusal-diagnostic-independent-controls-source-20261010-r2/run-native-observer-controls.mjs.lossless.ndiff:3: trailing whitespace.
+  
docs/engineering/playability-launch-review/evidence/p14b4-20260919/1370-aq-git-guard-repair-and-preservation-diagnostic/payload/1370-aq-native-refusal-diagnostic-independent-controls-source-20261010-r2/run-native-observer-controls.mjs.lossless.ndiff:28: trailing whitespace.
+  
docs/engineering/playability-launch-review/evidence/p14b4-20260919/1370-aq-git-guard-repair-and-preservation-diagnostic/payload/1370-aq-native-refusal-diagnostic-independent-controls-source-20261010-r2/run-native-observer-controls.mjs.lossless.ndiff:99: trailing whitespace.
+  
docs/engineering/playability-launch-review/evidence/p14b4-20260919/1370-aq-git-guard-repair-and-preservation-diagnostic/payload/1370-aq-native-refusal-diagnostic-independent-controls-source-20261010-r2/run-native-observer-controls.mjs.lossless.ndiff:117: trailing whitespace.
+  
docs/engineering/playability-launch-review/evidence/p14b4-20260919/1370-aq-git-guard-repair-and-preservation-diagnostic/payload/1370-aq-native-refusal-diagnostic-independent-controls-source-20261010-r2/run-native-observer-controls.mjs.lossless.ndiff:171: trailing whitespace.
+  
docs/engineering/playability-launch-review/evidence/p14b4-20260919/1370-aq-git-guard-repair-and-preservation-diagnostic/payload/1370-aq-native-refusal-diagnostic-independent-controls-source-20261010-r2/run-native-observer-controls.mjs.lossless.ndiff:281: trailing whitespace.
+  
docs/engineering/playability-launch-review/evidence/p14b4-20260919/1370-aq-git-guard-repair-and-preservation-diagnostic/payload/1370-aq-native-refusal-diagnostic-pure-controls-root-adapters-source-20261010-r2/CONTRACT.json.diff:1: trailing whitespace.
+--- 
docs/engineering/playability-launch-review/evidence/p14b4-20260919/1370-aq-git-guard-repair-and-preservation-diagnostic/payload/1370-aq-native-refusal-diagnostic-pure-controls-root-adapters-source-20261010-r2/CONTRACT.json.diff:2: trailing whitespace.
++++ 
docs/engineering/playability-launch-review/evidence/p14b4-20260919/1370-aq-git-guard-repair-and-preservation-diagnostic/payload/1370-aq-native-refusal-diagnostic-pure-controls-root-adapters-source-20261010-r2/read_native_observer_controls.py.diff:1: trailing whitespace.
+--- 
docs/engineering/playability-launch-review/evidence/p14b4-20260919/1370-aq-git-guard-repair-and-preservation-diagnostic/payload/1370-aq-native-refusal-diagnostic-pure-controls-root-adapters-source-20261010-r2/read_native_observer_controls.py.diff:2: trailing whitespace.
++++ 
docs/engineering/playability-launch-review/evidence/p14b4-20260919/1370-aq-git-guard-repair-and-preservation-diagnostic/payload/1370-aq-native-refusal-diagnostic-pure-controls-root-adapters-source-20261010-r2/run_native_observer_controls_once.py.diff:1: trailing whitespace.
+--- 
docs/engineering/playability-launch-review/evidence/p14b4-20260919/1370-aq-git-guard-repair-and-preservation-diagnostic/payload/1370-aq-native-refusal-diagnostic-pure-controls-root-adapters-source-20261010-r2/run_native_observer_controls_once.py.diff:2: trailing whitespace.
++++ 
docs/engineering/playability-launch-review/evidence/p14b4-20260919/1370-aq-git-guard-repair-and-preservation-diagnostic/payload/1370-aq-native-refusal-fullfunction-current-prelaunch-preparation-source-20261010-r1/CONTRACT-DRAFT-UNFILLED.json.diff:1: trailing whitespace.
+--- 
docs/engineering/playability-launch-review/evidence/p14b4-20260919/1370-aq-git-guard-repair-and-preservation-diagnostic/payload/1370-aq-native-refusal-fullfunction-current-prelaunch-preparation-source-20261010-r1/CONTRACT-DRAFT-UNFILLED.json.diff:2: trailing whitespace.
++++ 
docs/engineering/playability-launch-review/evidence/p14b4-20260919/1370-aq-git-guard-repair-and-preservation-diagnostic/payload/1370-aq-native-refusal-fullfunction-current-prelaunch-preparation-source-20261010-r1/CONTRACT.json.diff:1: trailing whitespace.
+--- 
docs/engineering/playability-launch-review/evidence/p14b4-20260919/1370-aq-git-guard-repair-and-preservation-diagnostic/payload/1370-aq-native-refusal-fullfunction-current-prelaunch-preparation-source-20261010-r1/CONTRACT.json.diff:2: trailing whitespace.
++++ 
docs/engineering/playability-launch-review/evidence/p14b4-20260919/1370-aq-git-guard-repair-and-preservation-diagnostic/payload/1370-aq-native-refusal-fullfunction-current-prelaunch-preparation-source-20261010-r1/EXACT-ARGV.json.diff:1: trailing whitespace.
+--- 
docs/engineering/playability-launch-review/evidence/p14b4-20260919/1370-aq-git-guard-repair-and-preservation-diagnostic/payload/1370-aq-native-refusal-fullfunction-current-prelaunch-preparation-source-20261010-r1/EXACT-ARGV.json.diff:2: trailing whitespace.
++++ 
docs/engineering/playability-launch-review/evidence/p14b4-20260919/1370-aq-git-guard-repair-and-preservation-diagnostic/payload/1370-aq-native-refusal-fullfunction-current-prelaunch-preparation-source-20261010-r1/OPERATIONAL-SCOPE-AMENDMENT-DRAFT.json.diff:1: trailing whitespace.
+--- 
docs/engineering/playability-launch-review/evidence/p14b4-20260919/1370-aq-git-guard-repair-and-preservation-diagnostic/payload/1370-aq-native-refusal-fullfunction-current-prelaunch-preparation-source-20261010-r1/OPERATIONAL-SCOPE-AMENDMENT-DRAFT.json.diff:2: trailing whitespace.
++++ 
docs/engineering/playability-launch-review/evidence/p14b4-20260919/1370-aq-git-guard-repair-and-preservation-diagnostic/payload/1370-aq-native-refusal-fullfunction-current-prelaunch-preparation-source-20261010-r1/OPERATIONAL-SCOPE-AMENDMENT.json.diff:1: trailing whitespace.
+--- 
docs/engineering/playability-launch-review/evidence/p14b4-20260919/1370-aq-git-guard-repair-and-preservation-diagnostic/payload/1370-aq-native-refusal-fullfunction-current-prelaunch-preparation-source-20261010-r1/OPERATIONAL-SCOPE-AMENDMENT.json.diff:2: trailing whitespace.
++++ 
docs/engineering/playability-launch-review/evidence/p14b4-20260919/1370-aq-git-guard-repair-and-preservation-diagnostic/payload/1370-aq-native-refusal-fullfunction-current-prelaunch-preparation-source-20261010-r1/PRELAUNCH-CONFIG-UNFILLED.json.diff:1: trailing whitespace.
+--- 
docs/engineering/playability-launch-review/evidence/p14b4-20260919/1370-aq-git-guard-repair-and-preservation-diagnostic/payload/1370-aq-native-refusal-fullfunction-current-prelaunch-preparation-source-20261010-r1/PRELAUNCH-CONFIG-UNFILLED.json.diff:2: trailing whitespace.
++++ 
docs/engineering/playability-launch-review/evidence/p14b4-20260919/1370-aq-git-guard-repair-and-preservation-diagnostic/payload/1370-aq-native-refusal-fullfunction-current-prelaunch-preparation-source-20261010-r1/current-ap-root-prelaunch.py.diff:1: trailing whitespace.
+--- 
docs/engineering/playability-launch-review/evidence/p14b4-20260919/1370-aq-git-guard-repair-and-preservation-diagnostic/payload/1370-aq-native-refusal-fullfunction-current-prelaunch-preparation-source-20261010-r1/current-ap-root-prelaunch.py.diff:2: trailing whitespace.
++++ 
docs/engineering/playability-launch-review/evidence/p14b4-20260919/1370-aq-git-guard-repair-and-preservation-diagnostic/payload/1370-aq-native-refusal-fullfunction-current-prelaunch-preparation-source-20261010-r1/current-ap-root-prelaunch.py.diff:13: trailing whitespace.
+ 
docs/engineering/playability-launch-review/evidence/p14b4-20260919/1370-aq-git-guard-repair-and-preservation-diagnostic/payload/1370-aq-native-refusal-fullfunction-current-prelaunch-preparation-source-20261010-r1/read_current_ap_prelaunch.py.diff:1: trailing whitespace.
+--- 
docs/engineering/playability-launch-review/evidence/p14b4-20260919/1370-aq-git-guard-repair-and-preservation-diagnostic/payload/1370-aq-native-refusal-fullfunction-current-prelaunch-preparation-source-20261010-r1/read_current_ap_prelaunch.py.diff:2: trailing whitespace.
++++ 
docs/engineering/playability-launch-review/evidence/p14b4-20260919/1370-aq-git-guard-repair-and-preservation-diagnostic/payload/1370-aq-native-refusal-fullfunction-current-prelaunch-preparation-source-20261010-r1/run_current_ap_prelaunch_once.py.diff:1: trailing whitespace.
+--- 
docs/engineering/playability-launch-review/evidence/p14b4-20260919/1370-aq-git-guard-repair-and-preservation-diagnostic/payload/1370-aq-native-refusal-fullfunction-current-prelaunch-preparation-source-20261010-r1/run_current_ap_prelaunch_once.py.diff:2: trailing whitespace.
++++ 
docs/engineering/playability-launch-review/evidence/p14b4-20260919/1370-aq-git-guard-repair-and-preservation-diagnostic/payload/1370-aq-proof-git-optional-locks-sanitizer-source-20261010-r1/SOURCE.forward.diff:4: trailing whitespace.
+ 
docs/engineering/playability-launch-review/evidence/p14b4-20260919/1370-aq-git-guard-repair-and-preservation-diagnostic/payload/1370-aq-proof-git-optional-locks-sanitizer-source-20261010-r1/SOURCE.forward.diff:5: trailing whitespace.
+ 
docs/engineering/playability-launch-review/evidence/p14b4-20260919/1370-aq-git-guard-repair-and-preservation-diagnostic/payload/1370-aq-proof-git-optional-locks-sanitizer-source-20261010-r1/SOURCE.forward.diff:11: trailing whitespace.
+ 
docs/engineering/playability-launch-review/evidence/p14b4-20260919/1370-aq-git-guard-repair-and-preservation-diagnostic/payload/1370-aq-proof-git-optional-locks-sanitizer-source-20261010-r1/SOURCE.forward.diff:12: trailing whitespace.
+ 
