docs/engineering/playability-launch-review/evidence/p14b4-20260919/1370-ap-native-observer-controls-and-protected-stop/payload/1370-ao-checkpoint-root-finalization-20261010-r1/DIFF-CHECK-COMPLETE.stdout:2: trailing whitespace.
++ 
docs/engineering/playability-launch-review/evidence/p14b4-20260919/1370-ap-native-observer-controls-and-protected-stop/payload/1370-ao-checkpoint-root-finalization-20261010-r1/DIFF-CHECK-COMPLETE.stdout:4: trailing whitespace.
++ 
docs/engineering/playability-launch-review/evidence/p14b4-20260919/1370-ap-native-observer-controls-and-protected-stop/payload/1370-ao-checkpoint-root-finalization-20261010-r1/DIFF-CHECK-COMPLETE.stdout:6: trailing whitespace.
++ 
docs/engineering/playability-launch-review/evidence/p14b4-20260919/1370-ap-native-observer-controls-and-protected-stop/payload/1370-ao-checkpoint-root-finalization-20261010-r1/DIFF-CHECK-COMPLETE.stdout:8: trailing whitespace.
++ 
docs/engineering/playability-launch-review/evidence/p14b4-20260919/1370-ap-native-observer-controls-and-protected-stop/payload/1370-ao-checkpoint-root-finalization-20261010-r1/DIFF-CHECK-COMPLETE.stdout:10: trailing whitespace.
++ 
docs/engineering/playability-launch-review/evidence/p14b4-20260919/1370-ap-native-observer-controls-and-protected-stop/payload/1370-ao-checkpoint-root-finalization-20261010-r1/DIFF-CHECK-COMPLETE.stdout:12: trailing whitespace.
++ 
docs/engineering/playability-launch-review/evidence/p14b4-20260919/1370-ap-native-observer-controls-and-protected-stop/payload/1370-ao-checkpoint-root-finalization-20261010-r1/DIFF-CHECK-COMPLETE.stdout:14: trailing whitespace.
++ 
docs/engineering/playability-launch-review/evidence/p14b4-20260919/1370-ap-native-observer-controls-and-protected-stop/payload/1370-ao-checkpoint-root-finalization-20261010-r1/DIFF-CHECK-COMPLETE.stdout:16: trailing whitespace.
++ 
docs/engineering/playability-launch-review/evidence/p14b4-20260919/1370-ap-native-observer-controls-and-protected-stop/payload/1370-ao-checkpoint-root-finalization-20261010-r1/DIFF-CHECK-COMPLETE.stdout:18: trailing whitespace.
++ 
docs/engineering/playability-launch-review/evidence/p14b4-20260919/1370-ap-native-observer-controls-and-protected-stop/payload/1370-ao-checkpoint-root-finalization-20261010-r1/DIFF-CHECK-COMPLETE.stdout:20: trailing whitespace.
++ 
docs/engineering/playability-launch-review/evidence/p14b4-20260919/1370-ap-native-observer-controls-and-protected-stop/payload/1370-ao-checkpoint-root-finalization-20261010-r1/DIFF-CHECK-COMPLETE.stdout:22: trailing whitespace.
++ 
docs/engineering/playability-launch-review/evidence/p14b4-20260919/1370-ap-native-observer-controls-and-protected-stop/payload/1370-ao-checkpoint-root-finalization-20261010-r1/DIFF-CHECK-COMPLETE.stdout:24: trailing whitespace.
++ 
docs/engineering/playability-launch-review/evidence/p14b4-20260919/1370-ap-native-observer-controls-and-protected-stop/payload/1370-ao-checkpoint-root-finalization-20261010-r1/DIFF-CHECK-COMPLETE.stdout:26: trailing whitespace.
++ 
docs/engineering/playability-launch-review/evidence/p14b4-20260919/1370-ap-native-observer-controls-and-protected-stop/payload/1370-ao-checkpoint-root-finalization-20261010-r1/DIFF-CHECK-COMPLETE.stdout:28: trailing whitespace.
++ 
docs/engineering/playability-launch-review/evidence/p14b4-20260919/1370-ap-native-observer-controls-and-protected-stop/payload/1370-ao-checkpoint-root-finalization-20261010-r1/DIFF-CHECK-COMPLETE.stdout:30: trailing whitespace.
++ 
docs/engineering/playability-launch-review/evidence/p14b4-20260919/1370-ap-native-observer-controls-and-protected-stop/payload/1370-ao-checkpoint-root-finalization-20261010-r1/DIFF-CHECK-COMPLETE.stdout:32: trailing whitespace.
++ 
docs/engineering/playability-launch-review/evidence/p14b4-20260919/1370-ap-native-observer-controls-and-protected-stop/payload/1370-ao-checkpoint-root-finalization-20261010-r1/DIFF-CHECK-COMPLETE.stdout:34: trailing whitespace.
++ 
docs/engineering/playability-launch-review/evidence/p14b4-20260919/1370-ap-native-observer-controls-and-protected-stop/payload/1370-ao-checkpoint-root-finalization-20261010-r1/DIFF-CHECK-COMPLETE.stdout:36: trailing whitespace.
++ 
docs/engineering/playability-launch-review/evidence/p14b4-20260919/1370-ap-native-observer-controls-and-protected-stop/payload/1370-ao-checkpoint-root-finalization-20261010-r1/DIFF-CHECK-COMPLETE.stdout:38: trailing whitespace.
++ 
docs/engineering/playability-launch-review/evidence/p14b4-20260919/1370-ap-native-observer-controls-and-protected-stop/payload/1370-ao-checkpoint-root-finalization-20261010-r1/DIFF-CHECK-COMPLETE.stdout:40: trailing whitespace.
++ 
docs/engineering/playability-launch-review/evidence/p14b4-20260919/1370-ap-native-observer-controls-and-protected-stop/payload/1370-ao-checkpoint-root-finalization-20261010-r1/DIFF-CHECK-COMPLETE.stdout:42: trailing whitespace.
++ 
docs/engineering/playability-launch-review/evidence/p14b4-20260919/1370-ap-native-observer-controls-and-protected-stop/payload/1370-ao-checkpoint-root-finalization-20261010-r1/DIFF-CHECK-COMPLETE.stdout:44: trailing whitespace.
++ 
docs/engineering/playability-launch-review/evidence/p14b4-20260919/1370-ap-native-observer-controls-and-protected-stop/payload/1370-ao-checkpoint-root-finalization-20261010-r1/DIFF-CHECK-COMPLETE.stdout:46: trailing whitespace.
++ 
docs/engineering/playability-launch-review/evidence/p14b4-20260919/1370-ap-native-observer-controls-and-protected-stop/payload/1370-ao-checkpoint-root-finalization-20261010-r1/DIFF-CHECK-COMPLETE.stdout:48: trailing whitespace.
++ 
docs/engineering/playability-launch-review/evidence/p14b4-20260919/1370-ap-native-observer-controls-and-protected-stop/payload/1370-ao-checkpoint-root-finalization-20261010-r1/DIFF-CHECK-COMPLETE.stdout:50: trailing whitespace.
++ 
docs/engineering/playability-launch-review/evidence/p14b4-20260919/1370-ap-native-observer-controls-and-protected-stop/payload/1370-ao-checkpoint-root-finalization-20261010-r1/DIFF-CHECK-COMPLETE.stdout:52: trailing whitespace.
++ 
docs/engineering/playability-launch-review/evidence/p14b4-20260919/1370-ap-native-observer-controls-and-protected-stop/payload/1370-ao-checkpoint-root-finalization-20261010-r1/DIFF-CHECK-ORIGINAL.stdout:2: trailing whitespace.
++ 
docs/engineering/playability-launch-review/evidence/p14b4-20260919/1370-ap-native-observer-controls-and-protected-stop/payload/1370-ao-checkpoint-root-finalization-20261010-r1/DIFF-CHECK-ORIGINAL.stdout:4: trailing whitespace.
++ 
docs/engineering/playability-launch-review/evidence/p14b4-20260919/1370-ap-native-observer-controls-and-protected-stop/payload/1370-ao-checkpoint-root-finalization-20261010-r1/DIFF-CHECK-ORIGINAL.stdout:6: trailing whitespace.
++ 
docs/engineering/playability-launch-review/evidence/p14b4-20260919/1370-ap-native-observer-controls-and-protected-stop/payload/1370-ao-checkpoint-root-finalization-20261010-r1/DIFF-CHECK-ORIGINAL.stdout:8: trailing whitespace.
++ 
docs/engineering/playability-launch-review/evidence/p14b4-20260919/1370-ap-native-observer-controls-and-protected-stop/payload/1370-ao-checkpoint-root-finalization-20261010-r1/DIFF-CHECK-ORIGINAL.stdout:10: trailing whitespace.
++ 
docs/engineering/playability-launch-review/evidence/p14b4-20260919/1370-ap-native-observer-controls-and-protected-stop/payload/1370-ao-checkpoint-root-finalization-20261010-r1/DIFF-CHECK-ORIGINAL.stdout:12: trailing whitespace.
++ 
docs/engineering/playability-launch-review/evidence/p14b4-20260919/1370-ap-native-observer-controls-and-protected-stop/payload/1370-ao-checkpoint-root-finalization-20261010-r1/DIFF-CHECK-ORIGINAL.stdout:14: trailing whitespace.
++ 
docs/engineering/playability-launch-review/evidence/p14b4-20260919/1370-ap-native-observer-controls-and-protected-stop/payload/1370-ao-checkpoint-root-finalization-20261010-r1/DIFF-CHECK-ORIGINAL.stdout:16: trailing whitespace.
++ 
docs/engineering/playability-launch-review/evidence/p14b4-20260919/1370-ap-native-observer-controls-and-protected-stop/payload/1370-ao-checkpoint-root-finalization-20261010-r1/DIFF-CHECK-ORIGINAL.stdout:18: trailing whitespace.
++ 
docs/engineering/playability-launch-review/evidence/p14b4-20260919/1370-ap-native-observer-controls-and-protected-stop/payload/1370-ao-checkpoint-root-finalization-20261010-r1/DIFF-CHECK-ORIGINAL.stdout:20: trailing whitespace.
++ 
docs/engineering/playability-launch-review/evidence/p14b4-20260919/1370-ap-native-observer-controls-and-protected-stop/payload/1370-ao-checkpoint-root-finalization-20261010-r1/DIFF-CHECK-ORIGINAL.stdout:22: trailing whitespace.
++ 
docs/engineering/playability-launch-review/evidence/p14b4-20260919/1370-ap-native-observer-controls-and-protected-stop/payload/1370-ao-checkpoint-root-finalization-20261010-r1/DIFF-CHECK-ORIGINAL.stdout:24: trailing whitespace.
++ 
docs/engineering/playability-launch-review/evidence/p14b4-20260919/1370-ap-native-observer-controls-and-protected-stop/payload/1370-ao-checkpoint-root-finalization-20261010-r1/DIFF-CHECK-ORIGINAL.stdout:26: trailing whitespace.
++ 
docs/engineering/playability-launch-review/evidence/p14b4-20260919/1370-ap-native-observer-controls-and-protected-stop/payload/1370-ao-checkpoint-root-finalization-20261010-r1/DIFF-CHECK-ORIGINAL.stdout:28: trailing whitespace.
++ 
docs/engineering/playability-launch-review/evidence/p14b4-20260919/1370-ap-native-observer-controls-and-protected-stop/payload/1370-ao-checkpoint-root-finalization-20261010-r1/DIFF-CHECK-ORIGINAL.stdout:30: trailing whitespace.
++ 
docs/engineering/playability-launch-review/evidence/p14b4-20260919/1370-ap-native-observer-controls-and-protected-stop/payload/1370-ao-checkpoint-root-finalization-20261010-r1/DIFF-CHECK-ORIGINAL.stdout:32: trailing whitespace.
++ 
docs/engineering/playability-launch-review/evidence/p14b4-20260919/1370-ap-native-observer-controls-and-protected-stop/payload/1370-ao-checkpoint-root-finalization-20261010-r1/DIFF-CHECK-ORIGINAL.stdout:34: trailing whitespace.
++ 
docs/engineering/playability-launch-review/evidence/p14b4-20260919/1370-ap-native-observer-controls-and-protected-stop/payload/1370-ao-checkpoint-root-finalization-20261010-r1/DIFF-CHECK-ORIGINAL.stdout:36: trailing whitespace.
++ 
docs/engineering/playability-launch-review/evidence/p14b4-20260919/1370-ap-native-observer-controls-and-protected-stop/payload/1370-ao-checkpoint-root-finalization-20261010-r1/DIFF-CHECK-ORIGINAL.stdout:38: trailing whitespace.
++ 
docs/engineering/playability-launch-review/evidence/p14b4-20260919/1370-ap-native-observer-controls-and-protected-stop/payload/1370-ao-checkpoint-root-finalization-20261010-r1/DIFF-CHECK-ORIGINAL.stdout:40: trailing whitespace.
++ 
docs/engineering/playability-launch-review/evidence/p14b4-20260919/1370-ap-native-observer-controls-and-protected-stop/payload/1370-ao-checkpoint-root-finalization-20261010-r1/DIFF-CHECK-ORIGINAL.stdout:42: trailing whitespace.
++ 
docs/engineering/playability-launch-review/evidence/p14b4-20260919/1370-ap-native-observer-controls-and-protected-stop/payload/1370-ao-checkpoint-root-finalization-20261010-r1/DIFF-CHECK-ORIGINAL.stdout:44: trailing whitespace.
++ 
docs/engineering/playability-launch-review/evidence/p14b4-20260919/1370-ap-native-observer-controls-and-protected-stop/payload/1370-ao-checkpoint-root-finalization-20261010-r1/DIFF-CHECK-ORIGINAL.stdout:46: trailing whitespace.
++ 
docs/engineering/playability-launch-review/evidence/p14b4-20260919/1370-ap-native-observer-controls-and-protected-stop/payload/1370-ao-checkpoint-root-finalization-20261010-r1/DIFF-CHECK-ORIGINAL.stdout:48: trailing whitespace.
++ 
docs/engineering/playability-launch-review/evidence/p14b4-20260919/1370-ap-native-observer-controls-and-protected-stop/payload/1370-ao-checkpoint-root-finalization-20261010-r1/DIFF-CHECK-ORIGINAL.stdout:50: trailing whitespace.
++ 
docs/engineering/playability-launch-review/evidence/p14b4-20260919/1370-ap-native-observer-controls-and-protected-stop/payload/1370-ao-checkpoint-root-finalization-20261010-r1/DIFF-CHECK-ORIGINAL.stdout:52: trailing whitespace.
++ 
docs/engineering/playability-launch-review/evidence/p14b4-20260919/1370-ap-native-observer-controls-and-protected-stop/payload/1370-ap-native-fullfunction-current-prelaunch-preparation-source-20261010-r2/current-ao-root-prelaunch.py.forward.diff:4: trailing whitespace.
+ 
docs/engineering/playability-launch-review/evidence/p14b4-20260919/1370-ap-native-observer-controls-and-protected-stop/payload/1370-ap-native-fullfunction-current-prelaunch-preparation-source-20261010-r2/current-ao-root-prelaunch.py.inverse.diff:4: trailing whitespace.
+ 
docs/engineering/playability-launch-review/evidence/p14b4-20260919/1370-ap-native-observer-controls-and-protected-stop/payload/1370-ap-native-fullfunction-current-prelaunch-preparation-source-20261010-r3/current-ao-root-prelaunch.py.forward.diff:4: trailing whitespace.
+ 
docs/engineering/playability-launch-review/evidence/p14b4-20260919/1370-ap-native-observer-controls-and-protected-stop/payload/1370-ap-native-fullfunction-current-prelaunch-preparation-source-20261010-r3/current-ao-root-prelaunch.py.inverse.diff:4: trailing whitespace.
+ 
docs/engineering/playability-launch-review/evidence/p14b4-20260919/1370-ap-native-observer-controls-and-protected-stop/payload/1370-ap-native-observer-source-20261010-r1/m0ObserverRowDiagnostic-mjs.diff:82: trailing whitespace.
+ 
docs/engineering/playability-launch-review/evidence/p14b4-20260919/1370-ap-native-observer-controls-and-protected-stop/payload/1370-ap-native-observer-source-20261010-r1/talentMarket-ts.diff:44: trailing whitespace.
+ 
docs/engineering/playability-launch-review/evidence/p14b4-20260919/1370-ap-native-observer-controls-and-protected-stop/payload/1370-ap-native-observer-source-20261010-r1/typed-propagation-removed-talentMarket-ts.diff:44: trailing whitespace.
+ 
docs/engineering/playability-launch-review/evidence/p14b4-20260919/1370-ap-native-observer-controls-and-protected-stop/payload/1370-ap-native-observer-source-20261010-r2/m0ObserverRowDiagnostic-mjs.diff:82: trailing whitespace.
+ 
docs/engineering/playability-launch-review/evidence/p14b4-20260919/1370-ap-native-observer-controls-and-protected-stop/payload/1370-ap-native-observer-source-20261010-r2/talentMarket-ts.diff:44: trailing whitespace.
+ 
docs/engineering/playability-launch-review/evidence/p14b4-20260919/1370-ap-native-observer-controls-and-protected-stop/payload/1370-ap-native-observer-source-20261010-r2/typed-propagation-removed-talentMarket-ts.diff:44: trailing whitespace.
+ 
docs/engineering/playability-launch-review/evidence/p14b4-20260919/1370-ap-native-observer-controls-and-protected-stop/payload/1370-ap-native-observer-source-20261010-r3/m0ObserverRowDiagnostic-mjs.diff:82: trailing whitespace.
+ 
docs/engineering/playability-launch-review/evidence/p14b4-20260919/1370-ap-native-observer-controls-and-protected-stop/payload/1370-ap-native-observer-source-20261010-r3/talentMarket-ts.diff:44: trailing whitespace.
+ 
docs/engineering/playability-launch-review/evidence/p14b4-20260919/1370-ap-native-observer-controls-and-protected-stop/payload/1370-ap-native-observer-source-20261010-r3/typed-propagation-removed-talentMarket-ts.diff:44: trailing whitespace.
+ 
docs/engineering/playability-launch-review/evidence/p14b4-20260919/1370-ap-native-observer-controls-and-protected-stop/payload/1370-ap-native-observer-source-20261010-r4/m0ObserverRowDiagnostic-mjs.diff:82: trailing whitespace.
+ 
docs/engineering/playability-launch-review/evidence/p14b4-20260919/1370-ap-native-observer-controls-and-protected-stop/payload/1370-ap-native-observer-source-20261010-r4/talentMarket-ts.diff:44: trailing whitespace.
+ 
docs/engineering/playability-launch-review/evidence/p14b4-20260919/1370-ap-native-observer-controls-and-protected-stop/payload/1370-ap-native-observer-source-20261010-r4/typed-propagation-removed-talentMarket-ts.diff:44: trailing whitespace.
+ 
docs/engineering/playability-launch-review/evidence/p14b4-20260919/1370-ap-native-observer-controls-and-protected-stop/payload/1370-ap-native-observer-source-20261010-r5/m0ObserverRowDiagnostic-mjs.diff:82: trailing whitespace.
+ 
docs/engineering/playability-launch-review/evidence/p14b4-20260919/1370-ap-native-observer-controls-and-protected-stop/payload/1370-ap-native-observer-source-20261010-r5/talentMarket-ts.diff:44: trailing whitespace.
+ 
docs/engineering/playability-launch-review/evidence/p14b4-20260919/1370-ap-native-observer-controls-and-protected-stop/payload/1370-ap-native-observer-source-20261010-r5/typed-propagation-removed-talentMarket-ts.diff:44: trailing whitespace.
+ 
