Mon Sep 21 16:13:32 UTC 2026
23d59bdba9c963f68c93727d3d0575e303b4212d

 RUN  v2.1.9 /Users/zacheryspector/The-Movies-headless-program

 ✓ |core| tests/p14b4-cast-class-outcomes.test.ts (23 tests) 12268ms
   ✓ P14B4 genuine submit/settle/take routes, no synthetic commitments > PLAYER: actual offered lead P2 settles and the real class-compatible take satisfies it 1689ms
   ✓ P14B4 genuine submit/settle/take routes, no synthetic commitments > PLAYER: actual offered leadOrAntagonist P2 settles and the real class-compatible take satisfies it 1028ms
   ✓ P14B4 genuine submit/settle/take routes, no synthetic commitments > RIVAL: a genuinely naturally authored tagged commitment binds and qualifies through the real scheduled owner transition 2976ms
   ✓ P14B4 labeled outcome-owner probes on real bound roots and actual casts > 'player' 'lead' with actual 'lead' seat: qualification=true 607ms
   ✓ P14B4 labeled outcome-owner probes on real bound roots and actual casts > 'player' 'lead' with actual 'antagonist' seat: qualification=false 349ms
   ✓ P14B4 labeled outcome-owner probes on real bound roots and actual casts > 'rival' 'leadOrAntagonist' with actual 'antagonist' seat: qualification=true 414ms
   ✓ P14B4 labeled outcome-owner probes on real bound roots and actual casts > rival support qualifies for P1 and shape-legacy count-only P2, not tagged P2 621ms
   ✓ P14B4 labeled outcome-owner probes on real bound roots and actual casts > player half-open window counts start, excludes before-start and excludes due 352ms
   ✓ P14B4 labeled outcome-owner probes on real bound roots and actual casts > rival half-open window counts start, excludes before-start and excludes due 717ms
   ✓ P14B4 labeled outcome-owner probes on real bound roots and actual casts > count2 requires TWO real distinct productions; repeated owner passes/ticks on one picture never add another event 451ms
   ✓ P14B4 labeled outcome-owner probes on real bound roots and actual casts > two genuinely bound beneficiaries share one completed take but receive DISTINCT own outcome receipts exactly once 385ms

 Test Files  1 passed (1)
      Tests  23 passed (23)
   Start at  18:13:33
   Duration  15.28s (transform 1.76s, setup 0ms, collect 2.43s, tests 12.27s, environment 0ms, prepare 135ms)

EXIT=0
Mon Sep 21 16:13:48 UTC 2026
