Mon Sep 21 16:08:14 UTC 2026
23d59bdba9c963f68c93727d3d0575e303b4212d

 RUN  v2.1.9 /Users/zacheryspector/The-Movies-headless-program

stdout | tests/zz-600-t4-probe.test.ts > 600-T4 probe > C policy scan
SEED seed-b: seen=["P1fallback","flexibleP2","neither","provenP1"] lastWeek=196
  provenP1 w196 studio-bc14baf6-r01 -> person-studio-bc14baf6-r01-0(writer,51.56) reads=APPEARANCE_COUNT/{"count":1} => REASONABLY_ACHIEVABLE: root=promise-0
  flexibleP2 w196 studio-bc14baf6-r01 -> person-studio-bc14baf6-r01-2(actor,28.00) reads=LEAD_OR_SIGNIFICANT_ROLE_COUNT/{"kind":"castRoleCount","count":1,"seatClass":"leadOrAntagonist"} => REASONABLY_ACHIEVABLE: root=promise-4
  neither w196 studio-bc14baf6-r03 -> person-studio-bc14baf6-r01-2(actor,28.00) reads=LEAD_OR_SIGNIFICANT_ROLE_COUNT/{"kind":"castRoleCount","count":1,"seatClass":"leadOrAntagonist"} => FRAGILE: ; APPEARANCE_COUNT/{"count":1} => FRAGILE:
  P1fallback w196 studio-bc14baf6-r03 -> person-studio-bc14baf6-r03-4(actor,28.00) reads=LEAD_OR_SIGNIFICANT_ROLE_COUNT/{"kind":"castRoleCount","count":1,"seatClass":"leadOrAntagonist"} => FRAGILE: ; APPEARANCE_COUNT/{"count":1} => REASONABLY_ACHIEVABLE: root=promise-36
SEED seed-c: seen=["P1fallback","flexibleP2","neither","provenP1"] lastWeek=196
  provenP1 w196 studio-a72efa70-r01 -> person-studio-a72efa70-r01-0(writer,48.66) reads=APPEARANCE_COUNT/{"count":1} => REASONABLY_ACHIEVABLE: root=promise-0
  flexibleP2 w196 studio-a72efa70-r01 -> person-studio-a72efa70-r03-3(actor,28.00) reads=LEAD_OR_SIGNIFICANT_ROLE_COUNT/{"kind":"castRoleCount","count":1,"seatClass":"leadOrAntagonist"} => REASONABLY_ACHIEVABLE: root=promise-31
  P1fallback w196 studio-a72efa70-r03 -> person-studio-a72efa70-r03-3(actor,28.00) reads=LEAD_OR_SIGNIFICANT_ROLE_COUNT/{"kind":"castRoleCount","count":1,"seatClass":"leadOrAntagonist"} => FRAGILE: ; APPEARANCE_COUNT/{"count":1} => REASONABLY_ACHIEVABLE: root=promise-33
  neither w196 studio-a72efa70-r04 -> person-studio-a72efa70-r03-3(actor,28.00) reads=LEAD_OR_SIGNIFICANT_ROLE_COUNT/{"kind":"castRoleCount","count":1,"seatClass":"leadOrAntagonist"} => FRAGILE: ; APPEARANCE_COUNT/{"count":1} => FRAGILE:

 ✓ |core| tests/zz-600-t4-probe.test.ts (3 tests | 2 skipped) 62217ms
   ✓ 600-T4 probe > C policy scan 62215ms

 Test Files  1 passed (1)
      Tests  1 passed | 2 skipped (3)
   Start at  18:08:15
   Duration  65.35s (transform 1.55s, setup 0ms, collect 2.30s, tests 62.22s, environment 0ms, prepare 142ms)

EXIT=0
Mon Sep 21 16:09:21 UTC 2026
