
 RUN  v2.1.9 /Users/zacheryspector/The-Movies-headless-program

 ❯ |core| tests/p14b1-promises.test.ts (15 tests | 3 failed) 4877ms
   ✓ P14B.1 test 2: the promise record and the widened digest > attaching a promise changes the digest; a second attach on an already-promised proposal is refused (enforced at most one); revising (re-submit, then attach a different promise) and removing (re-submit with no attach) both change the digest again — removing restores the exact original 1169ms
   ✓ P14B.1 test 2: the promise record and the widened digest > a window outside the proposed contract is IMPOSSIBLE by construction 553ms
   ✓ P14B.1 test 2: the promise record and the widened digest > a promise DRIFTED after attachment (its own definition changed through some other channel) drops materialTermsChanged at freeze 627ms
   × P14B.1 test 3: the feasibility service > Example B shape: an active promise consuming the person's only existing-path seat makes a SECOND, overlapping promise FRAGILE with the 'needs a picture not yet commissioned' bottleneck 598ms
     → validateSaveV30: expected version 30
   ✓ P14B.1 test 4: settlement freeze re-classification > a feasible promise becomes FRAGILE after two lawful greenlights consume the existing stages; freeze drops it with a promise-naming sentence 745ms
   ✓ P14B.1 test 5: outcomes > SATISFIED once the X-th qualifying first take occurs, with evidence refs naming the causing eventId; idempotent on a later tick 506ms
   × P14B.1 test 5: outcomes > BROKEN at dueWeekExclusive when the window passes unsatisfied, through a BOUND promise: on genuine legacy-v28-open-case-45, attach a P1 promise to the player's own proposal, settle at 52 (retained -> bound, contractId set), then walk to dueWeekExclusive with no qualifying first take 153ms
     → relationships: the Save V31 root is missing — migrate this state to V31 before acting on it
   × P14B.1 test 5: outcomes > RED (T2b closes this): a promise attached to a proposal that then LOSES stays UNBOUND (contractId null) and is never evaluated — on genuine legacy-v28-open-case-45, withdrawing the player's own proposal leaves the promise attached to a proposal that vanishes at settlement (declined, "all proposals dropped"); past its own dueWeekExclusive the record must keep outcome: null and contractId: null, mint no promiseOutcome receipt, and leave the issuer's trust descriptor without a promiseBroken driver 156ms
     → relationships: the Save V31 root is missing — migrate this state to V31 before acting on it
   ✓ P14B.1 test 5: outcomes > BROKEN on capacity collapse: cancelling the promised person's ONLY production before its first take, with a due week too close for any other path, fails the target-specific proof (remaining 1 > nMax 0) and the promise is BROKEN at the cancel 315ms
 ❯ |core| tests/p14b4-cast-class-outcomes.test.ts (23 tests | 23 failed) 7677ms
   × P14B4 genuine submit/settle/take routes, no synthetic commitments > PLAYER: actual offered lead P2 settles and the real class-compatible take satisfies it 1509ms
     → expected 31 to be 30 // Object.is equality
   × P14B4 genuine submit/settle/take routes, no synthetic commitments > PLAYER: actual offered leadOrAntagonist P2 settles and the real class-compatible take satisfies it 653ms
     → expected 31 to be 30 // Object.is equality
   × P14B4 genuine submit/settle/take routes, no synthetic commitments > RIVAL: a genuinely naturally authored tagged commitment binds and qualifies through the real scheduled owner transition 2857ms
     → expected 31 to be 30 // Object.is equality
   × P14B4 labeled outcome-owner probes on real bound roots and actual casts > 'player' 'lead' with actual 'lead' seat: qualification=true 138ms
     → validateSaveV31: relationships root missing
   × P14B4 labeled outcome-owner probes on real bound roots and actual casts > 'player' 'lead' with actual 'antagonist' seat: qualification=false 100ms
     → validateSaveV31: relationships root missing
   × P14B4 labeled outcome-owner probes on real bound roots and actual casts > 'player' 'lead' with actual 'support' seat: qualification=false 86ms
     → validateSaveV31: relationships root missing
   × P14B4 labeled outcome-owner probes on real bound roots and actual casts > 'player' 'leadOrAntagonist' with actual 'lead' seat: qualification=true 88ms
     → validateSaveV31: relationships root missing
   × P14B4 labeled outcome-owner probes on real bound roots and actual casts > 'player' 'leadOrAntagonist' with actual 'antagonist' seat: qualification=true 78ms
     → validateSaveV31: relationships root missing
   × P14B4 labeled outcome-owner probes on real bound roots and actual casts > 'player' 'leadOrAntagonist' with actual 'support' seat: qualification=false 78ms
     → validateSaveV31: relationships root missing
   × P14B4 labeled outcome-owner probes on real bound roots and actual casts > 'rival' 'lead' with actual 'lead' seat: qualification=true 201ms
     → expected 31 to be 30 // Object.is equality
   × P14B4 labeled outcome-owner probes on real bound roots and actual casts > 'rival' 'lead' with actual 'antagonist' seat: qualification=false 205ms
     → expected 31 to be 30 // Object.is equality
   × P14B4 labeled outcome-owner probes on real bound roots and actual casts > 'rival' 'lead' with actual 'support' seat: qualification=false 202ms
     → expected 31 to be 30 // Object.is equality
   × P14B4 labeled outcome-owner probes on real bound roots and actual casts > 'rival' 'leadOrAntagonist' with actual 'lead' seat: qualification=true 205ms
     → expected 31 to be 30 // Object.is equality
   × P14B4 labeled outcome-owner probes on real bound roots and actual casts > 'rival' 'leadOrAntagonist' with actual 'antagonist' seat: qualification=true 184ms
     → expected 31 to be 30 // Object.is equality
   × P14B4 labeled outcome-owner probes on real bound roots and actual casts > 'rival' 'leadOrAntagonist' with actual 'support' seat: qualification=false 204ms
     → expected 31 to be 30 // Object.is equality
   × P14B4 labeled outcome-owner probes on real bound roots and actual casts > player support qualifies for P1 and shape-legacy count-only P2, not tagged P2 80ms
     → validateSaveV31: relationships root missing
   × P14B4 labeled outcome-owner probes on real bound roots and actual casts > rival support qualifies for P1 and shape-legacy count-only P2, not tagged P2 212ms
     → expected 31 to be 30 // Object.is equality
   × P14B4 labeled outcome-owner probes on real bound roots and actual casts > shooting entry/technology lock and an unscheduled tick produce no first take or tagged-P2 outcome 79ms
     → validateSaveV31: relationships root missing
   × P14B4 labeled outcome-owner probes on real bound roots and actual casts > player half-open window counts start, excludes before-start and excludes due 75ms
     → validateSaveV31: relationships root missing
   × P14B4 labeled outcome-owner probes on real bound roots and actual casts > rival half-open window counts start, excludes before-start and excludes due 203ms
     → expected 31 to be 30 // Object.is equality
   × P14B4 labeled outcome-owner probes on real bound roots and actual casts > count2 requires TWO real distinct productions; repeated owner passes/ticks on one picture never add another event 77ms
     → validateSaveV31: relationships root missing
   × P14B4 labeled outcome-owner probes on real bound roots and actual casts > two genuinely bound beneficiaries share one completed take but receive DISTINCT own outcome receipts exactly once 76ms
     → validateSaveV31: relationships root missing
   × P14B4 labeled outcome-owner probes on real bound roots and actual casts > first take THEN real player cancellation never un-satisfies or rewrites the evidence/outcome 84ms
     → validateSaveV31: relationships root missing

⎯⎯⎯⎯⎯⎯ Failed Tests 26 ⎯⎯⎯⎯⎯⎯⎯

 FAIL |core|  tests/p14b1-promises.test.ts > P14B.1 test 3: the feasibility service > Example B shape: an active promise consuming the person's only existing-path seat makes a SECOND, overlapping promise FRAGILE with the 'needs a picture not yet commissioned' bottleneck
Error: validateSaveV30: expected version 30
 ❯ Module.validateSaveV30 src/core/save.ts:8716:38
    8714|   if (!isRecord(save)) throw new Error('validateSaveV30: object requir…
    8715|   v12ExactKeys(save, ['saveVersion', 'seed', 'state', 'broadcastCache'…
    8716|   if (save.saveVersion !== 30) throw new Error('validateSaveV30: expec…
       |                                      ^
    8717|   const raw = v14Record(checkEnvelope(save, 'validateSaveV30'), 'state…
    8718|   if (!Object.hasOwn(raw, 'firstTakes')) throw new Error('validateSave…
 ❯ tests/p14b1-promises.test.ts:503:10

⎯⎯⎯⎯⎯⎯⎯⎯⎯⎯⎯⎯⎯⎯⎯⎯⎯⎯⎯⎯⎯⎯⎯[1/26]⎯

 FAIL |core|  tests/p14b1-promises.test.ts > P14B.1 test 5: outcomes > BROKEN at dueWeekExclusive when the window passes unsatisfied, through a BOUND promise: on genuine legacy-v28-open-case-45, attach a P1 promise to the player's own proposal, settle at 52 (retained -> bound, contractId set), then walk to dueWeekExclusive with no qualifying first take
Error: relationships: the Save V31 root is missing — migrate this state to V31 before acting on it
 ❯ requireRelationshipsRoot src/core/relationships.ts:100:11
     98| export function requireRelationshipsRoot(state: GameState): void {
     99|   if (state.relationships === undefined) {
    100|     throw new Error('relationships: the Save V31 root is missing — mig…
       |           ^
    101|   }
    102| }
 ❯ Module.advanceRelationshipsWeek src/core/relationships.ts:265:3
 ❯ Module.tick src/core/tick.ts:1117:21
 ❯ tests/p14b1-promises.test.ts:684:42

⎯⎯⎯⎯⎯⎯⎯⎯⎯⎯⎯⎯⎯⎯⎯⎯⎯⎯⎯⎯⎯⎯⎯[2/26]⎯

 FAIL |core|  tests/p14b1-promises.test.ts > P14B.1 test 5: outcomes > RED (T2b closes this): a promise attached to a proposal that then LOSES stays UNBOUND (contractId null) and is never evaluated — on genuine legacy-v28-open-case-45, withdrawing the player's own proposal leaves the promise attached to a proposal that vanishes at settlement (declined, "all proposals dropped"); past its own dueWeekExclusive the record must keep outcome: null and contractId: null, mint no promiseOutcome receipt, and leave the issuer's trust descriptor without a promiseBroken driver
Error: relationships: the Save V31 root is missing — migrate this state to V31 before acting on it
 ❯ requireRelationshipsRoot src/core/relationships.ts:100:11
     98| export function requireRelationshipsRoot(state: GameState): void {
     99|   if (state.relationships === undefined) {
    100|     throw new Error('relationships: the Save V31 root is missing — mig…
       |           ^
    101|   }
    102| }
 ❯ Module.advanceRelationshipsWeek src/core/relationships.ts:265:3
 ❯ Module.tick src/core/tick.ts:1117:21
 ❯ tests/p14b1-promises.test.ts:727:42

⎯⎯⎯⎯⎯⎯⎯⎯⎯⎯⎯⎯⎯⎯⎯⎯⎯⎯⎯⎯⎯⎯⎯[3/26]⎯

 FAIL |core|  tests/p14b4-cast-class-outcomes.test.ts > P14B4 genuine submit/settle/take routes, no synthetic commitments > PLAYER: actual offered lead P2 settles and the real class-compatible take satisfies it
 FAIL |core|  tests/p14b4-cast-class-outcomes.test.ts > P14B4 genuine submit/settle/take routes, no synthetic commitments > PLAYER: actual offered leadOrAntagonist P2 settles and the real class-compatible take satisfies it
AssertionError: expected 31 to be 30 // Object.is equality

- Expected
+ Received

- 30
+ 31

 ❯ live tests/p14b4-cast-class-outcomes.test.ts:79:33
     77|   // Do not manually stamp a save version or invent a new outcome-test…
     78|   const validated = makeSave(state)
     79|   expect(validated.saveVersion).toBe(30)
       |                                 ^
     80|   return validated.state
     81| }
 ❯ realPlayerPromise tests/p14b4-cast-class-outcomes.test.ts:345:19
 ❯ tests/p14b4-cast-class-outcomes.test.ts:350:19

⎯⎯⎯⎯⎯⎯⎯⎯⎯⎯⎯⎯⎯⎯⎯⎯⎯⎯⎯⎯⎯⎯⎯[4/26]⎯

 FAIL |core|  tests/p14b4-cast-class-outcomes.test.ts > P14B4 genuine submit/settle/take routes, no synthetic commitments > RIVAL: a genuinely naturally authored tagged commitment binds and qualifies through the real scheduled owner transition
AssertionError: expected 31 to be 30 // Object.is equality

- Expected
+ Received

- 30
+ 31

 ❯ live tests/p14b4-cast-class-outcomes.test.ts:79:33
     77|   // Do not manually stamp a save version or invent a new outcome-test…
     78|   const validated = makeSave(state)
     79|   expect(validated.saveVersion).toBe(30)
       |                                 ^
     80|   return validated.state
     81| }
 ❯ complete tests/p14b4-cast-class-outcomes.test.ts:306:19
 ❯ tests/p14b4-cast-class-outcomes.test.ts:366:19

⎯⎯⎯⎯⎯⎯⎯⎯⎯⎯⎯⎯⎯⎯⎯⎯⎯⎯⎯⎯⎯⎯⎯[5/26]⎯

 FAIL |core|  tests/p14b4-cast-class-outcomes.test.ts > P14B4 labeled outcome-owner probes on real bound roots and actual casts > 'player' 'lead' with actual 'lead' seat: qualification=true
 FAIL |core|  tests/p14b4-cast-class-outcomes.test.ts > P14B4 labeled outcome-owner probes on real bound roots and actual casts > 'player' 'lead' with actual 'antagonist' seat: qualification=false
 FAIL |core|  tests/p14b4-cast-class-outcomes.test.ts > P14B4 labeled outcome-owner probes on real bound roots and actual casts > 'player' 'lead' with actual 'support' seat: qualification=false
 FAIL |core|  tests/p14b4-cast-class-outcomes.test.ts > P14B4 labeled outcome-owner probes on real bound roots and actual casts > 'player' 'leadOrAntagonist' with actual 'lead' seat: qualification=true
 FAIL |core|  tests/p14b4-cast-class-outcomes.test.ts > P14B4 labeled outcome-owner probes on real bound roots and actual casts > 'player' 'leadOrAntagonist' with actual 'antagonist' seat: qualification=true
 FAIL |core|  tests/p14b4-cast-class-outcomes.test.ts > P14B4 labeled outcome-owner probes on real bound roots and actual casts > 'player' 'leadOrAntagonist' with actual 'support' seat: qualification=false
Error: validateSaveV31: relationships root missing
 ❯ validateSaveV31 src/core/save.ts:8775:51
    8773|   if (save.saveVersion !== 31) throw new Error('validateSaveV31: expec…
    8774|   const raw = v14Record(checkEnvelope(save, 'validateSaveV31'), 'state…
    8775|   if (!Object.hasOwn(raw, 'relationships')) throw new Error('validateS…
       |                                                   ^
    8776|   validateRelationshipsRoot(raw);
    8777|   try {
 ❯ Module.makeSave src/core/save.ts:6414:16
 ❯ live tests/p14b4-cast-class-outcomes.test.ts:78:21
 ❯ oldBound tests/p14b4-cast-class-outcomes.test.ts:139:30
 ❯ playerAtFive tests/p14b4-cast-class-outcomes.test.ts:201:17
 ❯ atFive tests/p14b4-cast-class-outcomes.test.ts:250:32
 ❯ tests/p14b4-cast-class-outcomes.test.ts:378:30

⎯⎯⎯⎯⎯⎯⎯⎯⎯⎯⎯⎯⎯⎯⎯⎯⎯⎯⎯⎯⎯⎯⎯[6/26]⎯

 FAIL |core|  tests/p14b4-cast-class-outcomes.test.ts > P14B4 labeled outcome-owner probes on real bound roots and actual casts > 'rival' 'lead' with actual 'lead' seat: qualification=true
 FAIL |core|  tests/p14b4-cast-class-outcomes.test.ts > P14B4 labeled outcome-owner probes on real bound roots and actual casts > 'rival' 'lead' with actual 'antagonist' seat: qualification=false
 FAIL |core|  tests/p14b4-cast-class-outcomes.test.ts > P14B4 labeled outcome-owner probes on real bound roots and actual casts > 'rival' 'lead' with actual 'support' seat: qualification=false
 FAIL |core|  tests/p14b4-cast-class-outcomes.test.ts > P14B4 labeled outcome-owner probes on real bound roots and actual casts > 'rival' 'leadOrAntagonist' with actual 'lead' seat: qualification=true
 FAIL |core|  tests/p14b4-cast-class-outcomes.test.ts > P14B4 labeled outcome-owner probes on real bound roots and actual casts > 'rival' 'leadOrAntagonist' with actual 'antagonist' seat: qualification=true
 FAIL |core|  tests/p14b4-cast-class-outcomes.test.ts > P14B4 labeled outcome-owner probes on real bound roots and actual casts > 'rival' 'leadOrAntagonist' with actual 'support' seat: qualification=false
AssertionError: expected 31 to be 30 // Object.is equality

- Expected
+ Received

- 30
+ 31

 ❯ live tests/p14b4-cast-class-outcomes.test.ts:79:33
     77|   // Do not manually stamp a save version or invent a new outcome-test…
     78|   const validated = makeSave(state)
     79|   expect(validated.saveVersion).toBe(30)
       |                                 ^
     80|   return validated.state
     81| }
 ❯ variant tests/p14b4-cast-class-outcomes.test.ts:262:17
 ❯ tests/p14b4-cast-class-outcomes.test.ts:378:22

⎯⎯⎯⎯⎯⎯⎯⎯⎯⎯⎯⎯⎯⎯⎯⎯⎯⎯⎯⎯⎯⎯⎯[7/26]⎯

 FAIL |core|  tests/p14b4-cast-class-outcomes.test.ts > P14B4 labeled outcome-owner probes on real bound roots and actual casts > player support qualifies for P1 and shape-legacy count-only P2, not tagged P2
Error: validateSaveV31: relationships root missing
 ❯ validateSaveV31 src/core/save.ts:8775:51
    8773|   if (save.saveVersion !== 31) throw new Error('validateSaveV31: expec…
    8774|   const raw = v14Record(checkEnvelope(save, 'validateSaveV31'), 'state…
    8775|   if (!Object.hasOwn(raw, 'relationships')) throw new Error('validateS…
       |                                                   ^
    8776|   validateRelationshipsRoot(raw);
    8777|   try {
 ❯ Module.makeSave src/core/save.ts:6414:16
 ❯ live tests/p14b4-cast-class-outcomes.test.ts:78:21
 ❯ oldBound tests/p14b4-cast-class-outcomes.test.ts:139:30
 ❯ playerAtFive tests/p14b4-cast-class-outcomes.test.ts:201:17
 ❯ atFive tests/p14b4-cast-class-outcomes.test.ts:250:32
 ❯ tests/p14b4-cast-class-outcomes.test.ts:388:32

⎯⎯⎯⎯⎯⎯⎯⎯⎯⎯⎯⎯⎯⎯⎯⎯⎯⎯⎯⎯⎯⎯⎯[8/26]⎯

 FAIL |core|  tests/p14b4-cast-class-outcomes.test.ts > P14B4 labeled outcome-owner probes on real bound roots and actual casts > rival support qualifies for P1 and shape-legacy count-only P2, not tagged P2
AssertionError: expected 31 to be 30 // Object.is equality

- Expected
+ Received

- 30
+ 31

 ❯ live tests/p14b4-cast-class-outcomes.test.ts:79:33
     77|   // Do not manually stamp a save version or invent a new outcome-test…
     78|   const validated = makeSave(state)
     79|   expect(validated.saveVersion).toBe(30)
       |                                 ^
     80|   return validated.state
     81| }
 ❯ variant tests/p14b4-cast-class-outcomes.test.ts:262:17
 ❯ tests/p14b4-cast-class-outcomes.test.ts:388:24

⎯⎯⎯⎯⎯⎯⎯⎯⎯⎯⎯⎯⎯⎯⎯⎯⎯⎯⎯⎯⎯⎯⎯[9/26]⎯

 FAIL |core|  tests/p14b4-cast-class-outcomes.test.ts > P14B4 labeled outcome-owner probes on real bound roots and actual casts > shooting entry/technology lock and an unscheduled tick produce no first take or tagged-P2 outcome
Error: validateSaveV31: relationships root missing
 ❯ validateSaveV31 src/core/save.ts:8775:51
    8773|   if (save.saveVersion !== 31) throw new Error('validateSaveV31: expec…
    8774|   const raw = v14Record(checkEnvelope(save, 'validateSaveV31'), 'state…
    8775|   if (!Object.hasOwn(raw, 'relationships')) throw new Error('validateS…
       |                                                   ^
    8776|   validateRelationshipsRoot(raw);
    8777|   try {
 ❯ Module.makeSave src/core/save.ts:6414:16
 ❯ live tests/p14b4-cast-class-outcomes.test.ts:78:21
 ❯ oldBound tests/p14b4-cast-class-outcomes.test.ts:139:30
 ❯ playerAtFive tests/p14b4-cast-class-outcomes.test.ts:201:17
 ❯ tests/p14b4-cast-class-outcomes.test.ts:398:30

⎯⎯⎯⎯⎯⎯⎯⎯⎯⎯⎯⎯⎯⎯⎯⎯⎯⎯⎯⎯⎯⎯[10/26]⎯

 FAIL |core|  tests/p14b4-cast-class-outcomes.test.ts > P14B4 labeled outcome-owner probes on real bound roots and actual casts > player half-open window counts start, excludes before-start and excludes due
Error: validateSaveV31: relationships root missing
 ❯ validateSaveV31 src/core/save.ts:8775:51
    8773|   if (save.saveVersion !== 31) throw new Error('validateSaveV31: expec…
    8774|   const raw = v14Record(checkEnvelope(save, 'validateSaveV31'), 'state…
    8775|   if (!Object.hasOwn(raw, 'relationships')) throw new Error('validateS…
       |                                                   ^
    8776|   validateRelationshipsRoot(raw);
    8777|   try {
 ❯ Module.makeSave src/core/save.ts:6414:16
 ❯ live tests/p14b4-cast-class-outcomes.test.ts:78:21
 ❯ oldBound tests/p14b4-cast-class-outcomes.test.ts:139:30
 ❯ playerAtFive tests/p14b4-cast-class-outcomes.test.ts:201:17
 ❯ atFive tests/p14b4-cast-class-outcomes.test.ts:250:32
 ❯ tests/p14b4-cast-class-outcomes.test.ts:409:18

⎯⎯⎯⎯⎯⎯⎯⎯⎯⎯⎯⎯⎯⎯⎯⎯⎯⎯⎯⎯⎯⎯[11/26]⎯

 FAIL |core|  tests/p14b4-cast-class-outcomes.test.ts > P14B4 labeled outcome-owner probes on real bound roots and actual casts > rival half-open window counts start, excludes before-start and excludes due
AssertionError: expected 31 to be 30 // Object.is equality

- Expected
+ Received

- 30
+ 31

 ❯ live tests/p14b4-cast-class-outcomes.test.ts:79:33
     77|   // Do not manually stamp a save version or invent a new outcome-test…
     78|   const validated = makeSave(state)
     79|   expect(validated.saveVersion).toBe(30)
       |                                 ^
     80|   return validated.state
     81| }
 ❯ variant tests/p14b4-cast-class-outcomes.test.ts:262:17
 ❯ tests/p14b4-cast-class-outcomes.test.ts:413:21

⎯⎯⎯⎯⎯⎯⎯⎯⎯⎯⎯⎯⎯⎯⎯⎯⎯⎯⎯⎯⎯⎯[12/26]⎯

 FAIL |core|  tests/p14b4-cast-class-outcomes.test.ts > P14B4 labeled outcome-owner probes on real bound roots and actual casts > count2 requires TWO real distinct productions; repeated owner passes/ticks on one picture never add another event
Error: validateSaveV31: relationships root missing
 ❯ validateSaveV31 src/core/save.ts:8775:51
    8773|   if (save.saveVersion !== 31) throw new Error('validateSaveV31: expec…
    8774|   const raw = v14Record(checkEnvelope(save, 'validateSaveV31'), 'state…
    8775|   if (!Object.hasOwn(raw, 'relationships')) throw new Error('validateS…
       |                                                   ^
    8776|   validateRelationshipsRoot(raw);
    8777|   try {
 ❯ Module.makeSave src/core/save.ts:6414:16
 ❯ live tests/p14b4-cast-class-outcomes.test.ts:78:21
 ❯ oldBound tests/p14b4-cast-class-outcomes.test.ts:139:30
 ❯ playerAtFive tests/p14b4-cast-class-outcomes.test.ts:201:17
 ❯ tests/p14b4-cast-class-outcomes.test.ts:431:29

⎯⎯⎯⎯⎯⎯⎯⎯⎯⎯⎯⎯⎯⎯⎯⎯⎯⎯⎯⎯⎯⎯[13/26]⎯

 FAIL |core|  tests/p14b4-cast-class-outcomes.test.ts > P14B4 labeled outcome-owner probes on real bound roots and actual casts > two genuinely bound beneficiaries share one completed take but receive DISTINCT own outcome receipts exactly once
Error: validateSaveV31: relationships root missing
 ❯ validateSaveV31 src/core/save.ts:8775:51
    8773|   if (save.saveVersion !== 31) throw new Error('validateSaveV31: expec…
    8774|   const raw = v14Record(checkEnvelope(save, 'validateSaveV31'), 'state…
    8775|   if (!Object.hasOwn(raw, 'relationships')) throw new Error('validateS…
       |                                                   ^
    8776|   validateRelationshipsRoot(raw);
    8777|   try {
 ❯ Module.makeSave src/core/save.ts:6414:16
 ❯ live tests/p14b4-cast-class-outcomes.test.ts:78:21
 ❯ oldBound tests/p14b4-cast-class-outcomes.test.ts:139:30
 ❯ tests/p14b4-cast-class-outcomes.test.ts:452:17

⎯⎯⎯⎯⎯⎯⎯⎯⎯⎯⎯⎯⎯⎯⎯⎯⎯⎯⎯⎯⎯⎯[14/26]⎯

 FAIL |core|  tests/p14b4-cast-class-outcomes.test.ts > P14B4 labeled outcome-owner probes on real bound roots and actual casts > first take THEN real player cancellation never un-satisfies or rewrites the evidence/outcome
Error: validateSaveV31: relationships root missing
 ❯ validateSaveV31 src/core/save.ts:8775:51
    8773|   if (save.saveVersion !== 31) throw new Error('validateSaveV31: expec…
    8774|   const raw = v14Record(checkEnvelope(save, 'validateSaveV31'), 'state…
    8775|   if (!Object.hasOwn(raw, 'relationships')) throw new Error('validateS…
       |                                                   ^
    8776|   validateRelationshipsRoot(raw);
    8777|   try {
 ❯ Module.makeSave src/core/save.ts:6414:16
 ❯ live tests/p14b4-cast-class-outcomes.test.ts:78:21
 ❯ oldBound tests/p14b4-cast-class-outcomes.test.ts:139:30
 ❯ playerAtFive tests/p14b4-cast-class-outcomes.test.ts:201:17
 ❯ tests/p14b4-cast-class-outcomes.test.ts:489:30

⎯⎯⎯⎯⎯⎯⎯⎯⎯⎯⎯⎯⎯⎯⎯⎯⎯⎯⎯⎯⎯⎯[15/26]⎯

 Test Files  2 failed (2)
      Tests  26 failed | 12 passed (38)
   Start at  02:16:25
   Duration  15.89s (transform 1.68s, setup 0ms, collect 2.49s, tests 12.55s, environment 1ms, prepare 251ms)

EXIT 1
