digests equal false
only landed []
only preseam []
moved rows 19
211|studio-efb645e3-r01|studio-efb645e3-r01:package:script-0023 
  landed  pool r02-0,r02-2,r02-3 roles writer,actor,actor chosen efb645e3-r02-3/efb645e3-r02-0/efb645e3-r02-2 {"negative":5259741,"marketing":1515727} film studio-efb645e3-r01:film:23 members r02-0:lead|antagonist|support:promise-12 r02-1:lead|antagonist:promise-14 r02-2:lead|antagonist|support:promise-16 r02-3:lead|antagonist|support:promise-18 r02-4:lead|antagonist|support:promise-20 r02-5:lead|antagonist|support:promise-22 law efb645e3-r02-3/efb645e3-r02-0/efb645e3-r02-2#3@1294545 ordinary efb645e3-r02-3/efb645e3-r02-0/efb645e3-r02-2#3@1294545 ok true 
  preseam pool r02-2,r02-3,r02-4 chosen efb645e3-r02-4/efb645e3-r02-3/efb645e3-r02-2 {"negative":5259741,"marketing":1575748} film studio-efb645e3-r01:film:23 law efb645e3-r02-4/efb645e3-r02-3/efb645e3-r02-2#3@2990248 ok true
211|studio-efb645e3-r02|studio-efb645e3-r02:package:script-0023 
  landed  pool r01-0,r01-2,r01-3 roles writer,actor,actor chosen efb645e3-r01-2/efb645e3-r01-0/efb645e3-r01-3 {"negative":5686558,"marketing":1293847} film studio-efb645e3-r02:film:23 members r01-0:lead|antagonist:promise-1 r01-1:lead|antagonist|support:promise-3 r01-2:lead|antagonist:promise-5 r01-3:lead|antagonist|support:promise-7 r01-4:lead|antagonist|support:promise-9 r01-5:lead|antagonist|support:promise-11 law efb645e3-r01-2/efb645e3-r01-0/efb645e3-r01-3#3@2363080 ordinary efb645e3-r01-3/efb645e3-r01-2/efb645e3-r01-0#2@3703443 ok true 
  preseam pool r01-2,r01-3,r01-4 chosen efb645e3-r01-3/efb645e3-r01-4/efb645e3-r01-2 {"negative":7024571,"marketing":2149612} film studio-efb645e3-r02:film:23 law efb645e3-r01-3/efb645e3-r01-2/efb645e3-r01-4#3@4982193 ok false
220|studio-efb645e3-r01|studio-efb645e3-r01:package:script-0024 
  landed  pool r02-4,r02-2,r02-3 roles actor,actor,actor chosen efb645e3-r02-4/efb645e3-r02-3/efb645e3-r02-2 {"negative":5002845,"marketing":1576979} film studio-efb645e3-r01:film:24 members r02-1:lead|antagonist:promise-14 r02-4:lead|antagonist|support:promise-20 r02-5:lead|antagonist|support:promise-22 law efb645e3-r02-4/efb645e3-r02-3/efb645e3-r02-2#1@3481106 ordinary efb645e3-r02-4/efb645e3-r02-3/efb645e3-r02-2#1@3481106 ok true 
  preseam pool r02-2,r02-3,r02-4 chosen efb645e3-r02-4/efb645e3-r02-3/efb645e3-r02-2 {"negative":5002845,"marketing":1599258} film studio-efb645e3-r01:film:24 law efb645e3-r02-4/efb645e3-r02-3/efb645e3-r02-2#0@3604281 ok true
220|studio-efb645e3-r02|studio-efb645e3-r02:package:script-0024 
  landed  pool r01-4,r01-2,r01-3 roles actor,actor,actor chosen efb645e3-r01-4/efb645e3-r01-3/efb645e3-r01-2 {"negative":6021405,"marketing":1985019} film studio-efb645e3-r02:film:24 members r01-1:lead|antagonist|support:promise-3 r01-4:lead|antagonist|support:promise-9 r01-5:lead|antagonist|support:promise-11 law efb645e3-r01-4/efb645e3-r01-3/efb645e3-r01-2#1@3648714 ordinary efb645e3-r01-4/efb645e3-r01-3/efb645e3-r01-2#1@3648714 ok true 
  preseam pool r01-2,r01-3,r01-4 chosen efb645e3-r01-4/efb645e3-r01-3/efb645e3-r01-2 {"negative":6021405,"marketing":2042025} film studio-efb645e3-r02:film:24 law efb645e3-r01-4/efb645e3-r01-2/efb645e3-r01-3#1@3646483 ok false
229|studio-efb645e3-r01|studio-efb645e3-r01:package:script-0025 
  landed  pool r02-2,r02-3,r02-4 roles actor,actor,actor chosen efb645e3-r02-4/efb645e3-r02-3/efb645e3-r02-2 {"negative":6483769,"marketing":1729727} film studio-efb645e3-r01:film:25 members r02-1:lead|antagonist:promise-14 r02-5:lead|antagonist|support:promise-22 law efb645e3-r02-4/efb645e3-r02-3/efb645e3-r02-2#0@5711754 ordinary efb645e3-r02-4/efb645e3-r02-3/efb645e3-r02-2#0@5711754 ok true 
  preseam pool r02-2,r02-3,r02-4 chosen efb645e3-r02-4/efb645e3-r02-3/efb645e3-r02-2 {"negative":6483769,"marketing":1753923} film studio-efb645e3-r01:film:25 law efb645e3-r02-4/efb645e3-r02-3/efb645e3-r02-2#0@5886626 ok true
229|studio-efb645e3-r02|studio-efb645e3-r02:package:script-0025 
  landed  pool r01-2,r01-3,r01-4 roles actor,actor,actor chosen efb645e3-r01-4/efb645e3-r01-3/efb645e3-r01-2 {"negative":5868614,"marketing":1985902} film studio-efb645e3-r02:film:25 members r01-1:lead|antagonist|support:promise-3 r01-5:lead|antagonist|support:promise-11 law efb645e3-r01-4/efb645e3-r01-3/efb645e3-r01-2#0@4267795 ordinary efb645e3-r01-4/efb645e3-r01-3/efb645e3-r01-2#0@4267795 ok true 
  preseam pool r01-2,r01-3,r01-4 chosen efb645e3-r01-4/efb645e3-r01-3/efb645e3-r01-2 {"negative":5868614,"marketing":2028677} film studio-efb645e3-r02:film:25 law efb645e3-r01-4/efb645e3-r01-2/efb645e3-r01-3#1@4011621 ok false
238|studio-efb645e3-r01|studio-efb645e3-r01:package:script-0026 
  landed  pool r02-2,r02-3,r02-4 roles actor,actor,actor chosen efb645e3-r02-4/efb645e3-r02-3/efb645e3-r02-2 {"negative":6517183,"marketing":1797935} film studio-efb645e3-r01:film:26 members r02-1:lead|antagonist:promise-14 r02-5:lead|antagonist|support:promise-22 law efb645e3-r02-4/efb645e3-r02-3/efb645e3-r02-2#0@6605123 ordinary efb645e3-r02-4/efb645e3-r02-3/efb645e3-r02-2#0@6605123 ok true 
  preseam pool r02-2,r02-3,r02-4 chosen efb645e3-r02-4/efb645e3-r02-3/efb645e3-r02-2 {"negative":6517183,"marketing":1824030} film studio-efb645e3-r01:film:26 law efb645e3-r02-4/efb645e3-r02-3/efb645e3-r02-2#0@6795813 ok true
238|studio-efb645e3-r02|studio-efb645e3-r02:package:script-0026 
  landed  pool r01-2,r01-3,r01-4 roles actor,actor,actor chosen efb645e3-r01-3/efb645e3-r01-4/efb645e3-r01-2 {"negative":8359782,"marketing":2203180} film studio-efb645e3-r02:film:26 members r01-1:lead|antagonist|support:promise-3 r01-5:lead|antagonist|support:promise-11 law efb645e3-r01-3/efb645e3-r01-4/efb645e3-r01-2#0@7838473 ordinary efb645e3-r01-3/efb645e3-r01-4/efb645e3-r01-2#0@7838473 ok true 
  preseam pool r01-2,r01-3,r01-4 chosen efb645e3-r01-3/efb645e3-r01-4/efb645e3-r01-2 {"negative":8359782,"marketing":2236795} film studio-efb645e3-r02:film:26 law efb645e3-r01-2/efb645e3-r01-4/efb645e3-r01-3#1@7275285 ok false
247|studio-efb645e3-r01|studio-efb645e3-r01:package:script-0027 
  landed  pool r02-2,r02-3,r02-4 roles actor,actor,actor chosen efb645e3-r02-4/efb645e3-r02-3/efb645e3-r02-2 {"negative":5452040,"marketing":1733914} film studio-efb645e3-r01:film:27 members r02-1:lead|antagonist:promise-14 r02-5:lead|antagonist|support:promise-22 law efb645e3-r02-4/efb645e3-r02-3/efb645e3-r02-2#0@4775984 ordinary efb645e3-r02-4/efb645e3-r02-3/efb645e3-r02-2#0@4775984 ok true 
  preseam pool r02-2,r02-3,r02-4 chosen efb645e3-r02-4/efb645e3-r02-3/efb645e3-r02-2 {"negative":5452040,"marketing":1762044} film studio-efb645e3-r01:film:27 law efb645e3-r02-4/efb645e3-r02-3/efb645e3-r02-2#0@4946034 ok true
247|studio-efb645e3-r02|studio-efb645e3-r02:package:script-0027 
  landed  pool r01-2,r01-3,r01-4 roles actor,actor,actor chosen efb645e3-r01-4/efb645e3-r01-3/efb645e3-r01-2 {"negative":6690609,"marketing":2070806} film studio-efb645e3-r02:film:27 members r01-1:lead|antagonist|support:promise-3 r01-5:lead|antagonist|support:promise-11 law efb645e3-r01-4/efb645e3-r01-3/efb645e3-r01-2#0@5154541 ordinary efb645e3-r01-4/efb645e3-r01-3/efb645e3-r01-2#0@5154541 ok true 
  preseam pool r01-2,r01-3,r01-4 chosen efb645e3-r01-4/efb645e3-r01-3/efb645e3-r01-2 {"negative":6690609,"marketing":2096561} film studio-efb645e3-r02:film:27 law efb645e3-r01-4/efb645e3-r01-2/efb645e3-r01-3#1@5010208 ok false
256|studio-efb645e3-r01|studio-efb645e3-r01:package:script-0028 
  landed  pool r02-2,r02-3,r02-4 roles actor,actor,actor chosen efb645e3-r02-4/efb645e3-r02-3/efb645e3-r02-2 {"negative":2415000,"marketing":1663774} film studio-efb645e3-r01:film:28 members r02-1:lead|antagonist:promise-14 r02-5:lead|antagonist|support:promise-22 law efb645e3-r02-4/efb645e3-r02-3/efb645e3-r02-2#0@5630141 ordinary efb645e3-r02-4/efb645e3-r02-3/efb645e3-r02-2#0@5630141 ok true 
  preseam pool r02-2,r02-3,r02-4 chosen efb645e3-r02-4/efb645e3-r02-3/efb645e3-r02-2 {"negative":2415000,"marketing":1693575} film studio-efb645e3-r01:film:28 law efb645e3-r02-4/efb645e3-r02-3/efb645e3-r02-2#0@5781403 ok true
256|studio-efb645e3-r02|studio-efb645e3-r02:package:script-0028 
  landed  pool r01-2,r01-3,r01-4 roles actor,actor,actor chosen efb645e3-r01-4/efb645e3-r01-3/efb645e3-r01-2 {"negative":3993275,"marketing":1973462} film studio-efb645e3-r02:film:28 members r01-1:lead|antagonist|support:promise-3 r01-5:lead|antagonist|support:promise-11 law efb645e3-r01-4/efb645e3-r01-3/efb645e3-r01-2#0@5268219 ordinary efb645e3-r01-4/efb645e3-r01-3/efb645e3-r01-2#0@5268219 ok true 
  preseam pool r01-2,r01-3,r01-4 chosen efb645e3-r01-4/efb645e3-r01-3/efb645e3-r01-2 {"negative":3993275,"marketing":1993162} film studio-efb645e3-r02:film:28 law efb645e3-r01-3/efb645e3-r01-2/efb645e3-r01-4#1@4942768 ok false
265|studio-efb645e3-r01|studio-efb645e3-r01:package:script-0029 
  landed  pool r02-2,r02-3,r02-4 roles actor,actor,actor chosen efb645e3-r02-4/efb645e3-r02-3/efb645e3-r02-2 {"negative":4287872,"marketing":1748924} film studio-efb645e3-r01:film:29 members r02-1:lead|antagonist:promise-14 r02-5:lead|antagonist|support:promise-22 law efb645e3-r02-4/efb645e3-r02-3/efb645e3-r02-2#0@5353312 ordinary efb645e3-r02-4/efb645e3-r02-3/efb645e3-r02-2#0@5353312 ok true 
  preseam pool r02-2,r02-3,r02-4 chosen efb645e3-r02-4/efb645e3-r02-3/efb645e3-r02-2 {"negative":4287872,"marketing":1780754} film studio-efb645e3-r01:film:29 law efb645e3-r02-4/efb645e3-r02-3/efb645e3-r02-2#0@5538598 ok true
265|studio-efb645e3-r02|studio-efb645e3-r02:package:script-0029 
  landed  pool r01-2,r01-3,r01-4 roles actor,actor,actor chosen efb645e3-r01-4/efb645e3-r01-3/efb645e3-r01-2 {"negative":7351577,"marketing":2127944} film studio-efb645e3-r02:film:29 members r01-1:lead|antagonist|support:promise-3 r01-5:lead|antagonist|support:promise-11 law efb645e3-r01-4/efb645e3-r01-3/efb645e3-r01-2#0@6761257 ordinary efb645e3-r01-4/efb645e3-r01-3/efb645e3-r01-2#0@6761257 ok true 
  preseam pool r01-2,r01-3,r01-4 chosen efb645e3-r01-4/efb645e3-r01-3/efb645e3-r01-2 {"negative":7351577,"marketing":2143647} film studio-efb645e3-r02:film:29 law efb645e3-r01-4/efb645e3-r01-2/efb645e3-r01-3#1@6350151 ok false
274|studio-efb645e3-r01|studio-efb645e3-r01:package:script-0030 
  landed  pool r02-2,r02-3,r02-4 roles actor,actor,actor chosen efb645e3-r02-4/efb645e3-r02-3/efb645e3-r02-2 {"negative":3104461,"marketing":1738818} film studio-efb645e3-r01:film:30 members r02-1:lead|antagonist:promise-14 r02-5:lead|antagonist|support:promise-22 law efb645e3-r02-4/efb645e3-r02-3/efb645e3-r02-2#0@5746851 ordinary efb645e3-r02-4/efb645e3-r02-3/efb645e3-r02-2#0@5746851 ok true 
  preseam pool r02-2,r02-3,r02-4 chosen efb645e3-r02-4/efb645e3-r02-3/efb645e3-r02-2 {"negative":3104461,"marketing":1772335} film studio-efb645e3-r01:film:30 law efb645e3-r02-4/efb645e3-r02-3/efb645e3-r02-2#0@5921399 ok true
274|studio-efb645e3-r02|studio-efb645e3-r02:package:script-0030 
  landed  pool r01-2,r01-3,r01-4 roles actor,actor,actor chosen efb645e3-r01-4/efb645e3-r01-3/efb645e3-r01-2 {"negative":4818689,"marketing":1984534} film studio-efb645e3-r02:film:30 members r01-1:lead|antagonist|support:promise-3 r01-5:lead|antagonist|support:promise-11 law efb645e3-r01-4/efb645e3-r01-3/efb645e3-r01-2#0@4714802 ordinary efb645e3-r01-4/efb645e3-r01-3/efb645e3-r01-2#0@4714802 ok true 
  preseam pool r01-2,r01-3,r01-4 chosen efb645e3-r01-4/efb645e3-r01-3/efb645e3-r01-2 {"negative":4818689,"marketing":1996908} film studio-efb645e3-r02:film:30 law efb645e3-r01-4/efb645e3-r01-2/efb645e3-r01-3#1@4579218 ok false
283|studio-efb645e3-r02|studio-efb645e3-r02:package:script-0031 
  landed  pool r01-2,r01-3,r01-4 roles actor,actor,actor chosen efb645e3-r01-3/efb645e3-r01-4/efb645e3-r01-2 {"negative":3009969,"marketing":1952928} film studio-efb645e3-r02:film:31 members r01-1:lead|antagonist|support:promise-3 r01-5:lead|antagonist|support:promise-11 law efb645e3-r01-3/efb645e3-r01-4/efb645e3-r01-2#0@6208775 ordinary efb645e3-r01-3/efb645e3-r01-4/efb645e3-r01-2#0@6208775 ok true 
  preseam pool r01-2,r01-3,r01-4 chosen efb645e3-r01-3/efb645e3-r01-4/efb645e3-r01-2 {"negative":3009969,"marketing":1962910} film studio-efb645e3-r02:film:31 law efb645e3-r01-3/efb645e3-r01-2/efb645e3-r01-4#1@5879212 ok false
292|studio-efb645e3-r02|studio-efb645e3-r02:package:script-0032 
  landed  pool r01-2,r01-3,r01-4 roles actor,actor,actor chosen efb645e3-r01-4/efb645e3-r01-3/efb645e3-r01-2 {"negative":7229932,"marketing":2091655} film studio-efb645e3-r02:film:32 members r01-1:lead|antagonist|support:promise-3 r01-5:lead|antagonist|support:promise-11 law efb645e3-r01-4/efb645e3-r01-3/efb645e3-r01-2#0@6291474 ordinary efb645e3-r01-4/efb645e3-r01-3/efb645e3-r01-2#0@6291474 ok true 
  preseam pool r01-2,r01-3,r01-4 chosen efb645e3-r01-4/efb645e3-r01-3/efb645e3-r01-2 {"negative":7229932,"marketing":2099920} film studio-efb645e3-r02:film:32 law efb645e3-r01-4/efb645e3-r01-2/efb645e3-r01-3#1@6066312 ok false
295|studio-efb645e3-r01|studio-efb645e3-r01:package:script-0031 
  landed  pool r02-2,r02-3,r02-4 roles actor,actor,actor chosen efb645e3-r02-4/efb645e3-r02-3/efb645e3-r02-2 {"negative":5598045,"marketing":1816576} film studio-efb645e3-r01:film:31 members r02-1:lead|antagonist:promise-14 r02-5:lead|antagonist|support:promise-22 law efb645e3-r02-4/efb645e3-r02-3/efb645e3-r02-2#0@4757441 ordinary efb645e3-r02-4/efb645e3-r02-3/efb645e3-r02-2#0@4757441 ok true 
  preseam pool r02-2,r02-3,r02-4 chosen efb645e3-r02-4/efb645e3-r02-3/efb645e3-r02-2 {"negative":5598045,"marketing":1852546} film studio-efb645e3-r01:film:31 law efb645e3-r02-4/efb645e3-r02-3/efb645e3-r02-2#0@4969471 ok true
first moved week 211
