=== LANDED G-1 (rival-authored promises to non-actors) at 350:
promise-0 studio-aca408ec-r01 -> r01-0 (writer) APPEARANCE_COUNT {"count":1} window=208,416 bound=false progress=0 outcome=null evidence=
promise-1 studio-aca408ec-r02 -> r01-0 (writer) APPEARANCE_COUNT {"count":1} window=208,416 bound=true progress=0 outcome=null evidence=
promise-2 studio-aca408ec-r01 -> r01-1 (director) APPEARANCE_COUNT {"count":1} window=208,416 bound=false progress=0 outcome=null evidence=
promise-3 studio-aca408ec-r02 -> r01-1 (director) APPEARANCE_COUNT {"count":1} window=208,416 bound=true progress=0 outcome=null evidence=
promise-10 studio-aca408ec-r01 -> r01-5 (craft) LEAD_OR_SIGNIFICANT_ROLE_COUNT {"kind":"castRoleCount","count":1,"seatClass":"leadOrAntagonist"} window=208,416 bound=false progress=0 outcome=null evidence=
promise-11 studio-aca408ec-r02 -> r01-5 (craft) LEAD_OR_SIGNIFICANT_ROLE_COUNT {"kind":"castRoleCount","count":1,"seatClass":"leadOrAntagonist"} window=208,416 bound=true progress=0 outcome=null evidence=
promise-12 studio-aca408ec-r01 -> r02-0 (writer) APPEARANCE_COUNT {"count":1} window=208,416 bound=true progress=1 outcome=SATISFIED@213 evidence=first-take-event-45
promise-13 studio-aca408ec-r02 -> r02-0 (writer) APPEARANCE_COUNT {"count":1} window=208,416 bound=false progress=0 outcome=null evidence=
promise-14 studio-aca408ec-r01 -> r02-1 (director) APPEARANCE_COUNT {"count":1} window=208,416 bound=true progress=0 outcome=null evidence=
promise-15 studio-aca408ec-r02 -> r02-1 (director) APPEARANCE_COUNT {"count":1} window=208,416 bound=false progress=0 outcome=null evidence=
promise-22 studio-aca408ec-r01 -> r02-5 (craft) APPEARANCE_COUNT {"count":1} window=208,416 bound=true progress=0 outcome=null evidence=
promise-23 studio-aca408ec-r02 -> r02-5 (craft) APPEARANCE_COUNT {"count":1} window=208,416 bound=false progress=0 outcome=null evidence=
promise-24 studio-aca408ec-r01 -> r03-0 (writer) APPEARANCE_COUNT {"count":1} window=208,416 bound=false progress=0 outcome=null evidence=
promise-25 studio-aca408ec-r02 -> r03-0 (writer) APPEARANCE_COUNT {"count":1} window=208,416 bound=false progress=0 outcome=null evidence=
promise-26 studio-aca408ec-r01 -> r03-1 (director) APPEARANCE_COUNT {"count":1} window=208,416 bound=false progress=0 outcome=null evidence=
promise-27 studio-aca408ec-r02 -> r03-1 (director) APPEARANCE_COUNT {"count":1} window=208,416 bound=false progress=0 outcome=null evidence=
promise-34 studio-aca408ec-r01 -> r03-5 (craft) APPEARANCE_COUNT {"count":1} window=208,416 bound=false progress=0 outcome=null evidence=
promise-35 studio-aca408ec-r02 -> r03-5 (craft) APPEARANCE_COUNT {"count":1} window=208,416 bound=false progress=0 outcome=null evidence=
promise-36 studio-aca408ec-r01 -> r04-0 (writer) APPEARANCE_COUNT {"count":1} window=208,416 bound=false progress=0 outcome=null evidence=
promise-37 studio-aca408ec-r02 -> r04-0 (writer) APPEARANCE_COUNT {"count":1} window=208,416 bound=false progress=0 outcome=null evidence=
promise-38 studio-aca408ec-r01 -> r04-1 (director) APPEARANCE_COUNT {"count":1} window=208,416 bound=false progress=0 outcome=null evidence=
promise-39 studio-aca408ec-r02 -> r04-1 (director) APPEARANCE_COUNT {"count":1} window=208,416 bound=false progress=0 outcome=null evidence=
promise-46 studio-aca408ec-r01 -> r04-5 (craft) APPEARANCE_COUNT {"count":1} window=208,416 bound=false progress=0 outcome=null evidence=
promise-47 studio-aca408ec-r02 -> r04-5 (craft) APPEARANCE_COUNT {"count":1} window=208,416 bound=false progress=0 outcome=null evidence=
=== PRESEAM G-1 at 350:
promise-0 studio-aca408ec-r01 -> r01-0 (writer) APPEARANCE_COUNT {"count":1} window=208,416 bound=false progress=0 outcome=null evidence=
promise-1 studio-aca408ec-r02 -> r01-0 (writer) APPEARANCE_COUNT {"count":1} window=208,416 bound=true progress=0 outcome=null evidence=
promise-2 studio-aca408ec-r01 -> r01-1 (director) APPEARANCE_COUNT {"count":1} window=208,416 bound=false progress=0 outcome=null evidence=
promise-3 studio-aca408ec-r02 -> r01-1 (director) APPEARANCE_COUNT {"count":1} window=208,416 bound=true progress=0 outcome=null evidence=
promise-10 studio-aca408ec-r01 -> r01-5 (craft) LEAD_OR_SIGNIFICANT_ROLE_COUNT {"kind":"castRoleCount","count":1,"seatClass":"leadOrAntagonist"} window=208,416 bound=false progress=0 outcome=null evidence=
promise-11 studio-aca408ec-r02 -> r01-5 (craft) LEAD_OR_SIGNIFICANT_ROLE_COUNT {"kind":"castRoleCount","count":1,"seatClass":"leadOrAntagonist"} window=208,416 bound=true progress=0 outcome=null evidence=
promise-12 studio-aca408ec-r01 -> r02-0 (writer) APPEARANCE_COUNT {"count":1} window=208,416 bound=true progress=0 outcome=null evidence=
promise-13 studio-aca408ec-r02 -> r02-0 (writer) APPEARANCE_COUNT {"count":1} window=208,416 bound=false progress=0 outcome=null evidence=
promise-14 studio-aca408ec-r01 -> r02-1 (director) APPEARANCE_COUNT {"count":1} window=208,416 bound=true progress=0 outcome=null evidence=
promise-15 studio-aca408ec-r02 -> r02-1 (director) APPEARANCE_COUNT {"count":1} window=208,416 bound=false progress=0 outcome=null evidence=
promise-22 studio-aca408ec-r01 -> r02-5 (craft) APPEARANCE_COUNT {"count":1} window=208,416 bound=true progress=0 outcome=null evidence=
promise-23 studio-aca408ec-r02 -> r02-5 (craft) APPEARANCE_COUNT {"count":1} window=208,416 bound=false progress=0 outcome=null evidence=
promise-24 studio-aca408ec-r01 -> r03-0 (writer) APPEARANCE_COUNT {"count":1} window=208,416 bound=false progress=0 outcome=null evidence=
promise-25 studio-aca408ec-r02 -> r03-0 (writer) APPEARANCE_COUNT {"count":1} window=208,416 bound=false progress=0 outcome=null evidence=
promise-26 studio-aca408ec-r01 -> r03-1 (director) APPEARANCE_COUNT {"count":1} window=208,416 bound=false progress=0 outcome=null evidence=
promise-27 studio-aca408ec-r02 -> r03-1 (director) APPEARANCE_COUNT {"count":1} window=208,416 bound=false progress=0 outcome=null evidence=
promise-34 studio-aca408ec-r01 -> r03-5 (craft) APPEARANCE_COUNT {"count":1} window=208,416 bound=false progress=0 outcome=null evidence=
promise-35 studio-aca408ec-r02 -> r03-5 (craft) APPEARANCE_COUNT {"count":1} window=208,416 bound=false progress=0 outcome=null evidence=
promise-36 studio-aca408ec-r01 -> r04-0 (writer) APPEARANCE_COUNT {"count":1} window=208,416 bound=false progress=0 outcome=null evidence=
promise-37 studio-aca408ec-r02 -> r04-0 (writer) APPEARANCE_COUNT {"count":1} window=208,416 bound=false progress=0 outcome=null evidence=
promise-38 studio-aca408ec-r01 -> r04-1 (director) APPEARANCE_COUNT {"count":1} window=208,416 bound=false progress=0 outcome=null evidence=
promise-39 studio-aca408ec-r02 -> r04-1 (director) APPEARANCE_COUNT {"count":1} window=208,416 bound=false progress=0 outcome=null evidence=
promise-46 studio-aca408ec-r01 -> r04-5 (craft) APPEARANCE_COUNT {"count":1} window=208,416 bound=false progress=0 outcome=null evidence=
promise-47 studio-aca408ec-r02 -> r04-5 (craft) APPEARANCE_COUNT {"count":1} window=208,416 bound=false progress=0 outcome=null evidence=
