=== LANDED w208 r01
employees [{"id":"person-studio-aca408ec-r02-0","role":"writer","contractId":"studio-aca408ec-r01:contract:person-studio-aca408ec-r02-0:208","startWeek":208},{"id":"person-studio-aca408ec-r02-1","role":"director","contractId":"studio-aca408ec-r01:contract:person-studio-aca408ec-r02-1:208","startWeek":208},{"id":"person-studio-aca408ec-r02-2","role":"actor","contractId":"studio-aca408ec-r01:contract:person-studio-aca408ec-r02-2:208","startWeek":208},{"id":"person-studio-aca408ec-r02-3","role":"actor","contractId":"studio-aca408ec-r01:contract:person-studio-aca408ec-r02-3:208","startWeek":208},{"id":"person-studio-aca408ec-r02-4","role":"actor","contractId":"studio-aca408ec-r01:contract:person-studio-aca408ec-r02-4:208","startWeek":208},{"id":"person-studio-aca408ec-r02-5","role":"craft","contractId":"studio-aca408ec-r01:contract:person-studio-aca408ec-r02-5:208","startWeek":208}]
busy []
ready [{"id":"script-0006","writerId":"person-studio-aca408ec-r01-0"},{"id":"script-0011","writerId":"person-studio-aca408ec-r01-0"}]
productionsBefore []
promises {"promiseId":"promise-0","beneficiary":"person-studio-aca408ec-r01-0","role":"writer","family":"APPEARANCE_COUNT","predicate":{"count":1},"window":[208,416],"contractId":null,"progress":0,"outcome":null}
{"promiseId":"promise-2","beneficiary":"person-studio-aca408ec-r01-1","role":"director","family":"APPEARANCE_COUNT","predicate":{"count":1},"window":[208,416],"contractId":null,"progress":0,"outcome":null}
{"promiseId":"promise-4","beneficiary":"person-studio-aca408ec-r01-2","role":"actor","family":"APPEARANCE_COUNT","predicate":{"count":1},"window":[208,416],"contractId":null,"progress":0,"outcome":null}
{"promiseId":"promise-6","beneficiary":"person-studio-aca408ec-r01-3","role":"actor","family":"APPEARANCE_COUNT","predicate":{"count":1},"window":[208,416],"contractId":null,"progress":0,"outcome":null}
{"promiseId":"promise-8","beneficiary":"person-studio-aca408ec-r01-4","role":"actor","family":"APPEARANCE_COUNT","predicate":{"count":1},"window":[208,416],"contractId":null,"progress":0,"outcome":null}
{"promiseId":"promise-10","beneficiary":"person-studio-aca408ec-r01-5","role":"craft","family":"LEAD_OR_SIGNIFICANT_ROLE_COUNT","predicate":{"kind":"castRoleCount","count":1,"seatClass":"leadOrAntagonist"},"window":[208,416],"contractId":null,"progress":0,"outcome":null}
{"promiseId":"promise-12","beneficiary":"person-studio-aca408ec-r02-0","role":"writer","family":"APPEARANCE_COUNT","predicate":{"count":1},"window":[208,416],"contractId":"studio-aca408ec-r01:contract:person-studio-aca408ec-r02-0:208","progress":0,"outcome":null}
{"promiseId":"promise-14","beneficiary":"person-studio-aca408ec-r02-1","role":"director","family":"APPEARANCE_COUNT","predicate":{"count":1},"window":[208,416],"contractId":"studio-aca408ec-r01:contract:person-studio-aca408ec-r02-1:208","progress":0,"outcome":null}
{"promiseId":"promise-16","beneficiary":"person-studio-aca408ec-r02-2","role":"actor","family":"APPEARANCE_COUNT","predicate":{"count":1},"window":[208,416],"contractId":"studio-aca408ec-r01:contract:person-studio-aca408ec-r02-2:208","progress":0,"outcome":null}
{"promiseId":"promise-18","beneficiary":"person-studio-aca408ec-r02-3","role":"actor","family":"APPEARANCE_COUNT","predicate":{"count":1},"window":[208,416],"contractId":"studio-aca408ec-r01:contract:person-studio-aca408ec-r02-3:208","progress":0,"outcome":null}
{"promiseId":"promise-20","beneficiary":"person-studio-aca408ec-r02-4","role":"actor","family":"APPEARANCE_COUNT","predicate":{"count":1},"window":[208,416],"contractId":"studio-aca408ec-r01:contract:person-studio-aca408ec-r02-4:208","progress":0,"outcome":null}
{"promiseId":"promise-22","beneficiary":"person-studio-aca408ec-r02-5","role":"craft","family":"APPEARANCE_COUNT","predicate":{"count":1},"window":[208,416],"contractId":"studio-aca408ec-r01:contract:person-studio-aca408ec-r02-5:208","progress":0,"outcome":null}
{"promiseId":"promise-24","beneficiary":"person-studio-aca408ec-r03-0","role":"writer","family":"APPEARANCE_COUNT","predicate":{"count":1},"window":[208,416],"contractId":null,"progress":0,"outcome":null}
{"promiseId":"promise-26","beneficiary":"person-studio-aca408ec-r03-1","role":"director","family":"APPEARANCE_COUNT","predicate":{"count":1},"window":[208,416],"contractId":null,"progress":0,"outcome":null}
{"promiseId":"promise-28","beneficiary":"person-studio-aca408ec-r03-2","role":"actor","family":"LEAD_OR_SIGNIFICANT_ROLE_COUNT","predicate":{"kind":"castRoleCount","count":1,"seatClass":"leadOrAntagonist"},"window":[208,416],"contractId":null,"progress":0,"outcome":null}
{"promiseId":"promise-30","beneficiary":"person-studio-aca408ec-r03-3","role":"actor","family":"APPEARANCE_COUNT","predicate":{"count":1},"window":[208,416],"contractId":null,"progress":0,"outcome":null}
{"promiseId":"promise-32","beneficiary":"person-studio-aca408ec-r03-4","role":"actor","family":"LEAD_OR_SIGNIFICANT_ROLE_COUNT","predicate":{"kind":"castRoleCount","count":1,"seatClass":"leadOrAntagonist"},"window":[208,416],"contractId":null,"progress":0,"outcome":null}
{"promiseId":"promise-34","beneficiary":"person-studio-aca408ec-r03-5","role":"craft","family":"APPEARANCE_COUNT","predicate":{"count":1},"window":[208,416],"contractId":null,"progress":0,"outcome":null}
{"promiseId":"promise-36","beneficiary":"person-studio-aca408ec-r04-0","role":"writer","family":"APPEARANCE_COUNT","predicate":{"count":1},"window":[208,416],"contractId":null,"progress":0,"outcome":null}
{"promiseId":"promise-38","beneficiary":"person-studio-aca408ec-r04-1","role":"director","family":"APPEARANCE_COUNT","predicate":{"count":1},"window":[208,416],"contractId":null,"progress":0,"outcome":null}
{"promiseId":"promise-40","beneficiary":"person-studio-aca408ec-r04-2","role":"actor","family":"APPEARANCE_COUNT","predicate":{"count":1},"window":[208,416],"contractId":null,"progress":0,"outcome":null}
{"promiseId":"promise-42","beneficiary":"person-studio-aca408ec-r04-3","role":"actor","family":"APPEARANCE_COUNT","predicate":{"count":1},"window":[208,416],"contractId":null,"progress":0,"outcome":null}
{"promiseId":"promise-44","beneficiary":"person-studio-aca408ec-r04-4","role":"actor","family":"APPEARANCE_COUNT","predicate":{"count":1},"window":[208,416],"contractId":null,"progress":0,"outcome":null}
{"promiseId":"promise-46","beneficiary":"person-studio-aca408ec-r04-5","role":"craft","family":"APPEARANCE_COUNT","predicate":{"count":1},"window":[208,416],"contractId":null,"progress":0,"outcome":null}
productionsAfter [{"id":"studio-aca408ec-r01:film:11","startTick":208,"writerId":"person-studio-aca408ec-r01-0","directorId":"person-studio-aca408ec-r02-1","craftIds":["person-studio-aca408ec-r02-5"],"cast":{"lead":"person-studio-aca408ec-r02-3","antagonist":"person-studio-aca408ec-r02-2","support":"person-studio-aca408ec-r02-0"},"budget":{"negative":3033668,"marketing":594746}}]
=== LANDED w208 r02
employees [{"id":"person-studio-aca408ec-r01-0","role":"writer","contractId":"studio-aca408ec-r02:contract:person-studio-aca408ec-r01-0:208","startWeek":208},{"id":"person-studio-aca408ec-r01-1","role":"director","contractId":"studio-aca408ec-r02:contract:person-studio-aca408ec-r01-1:208","startWeek":208},{"id":"person-studio-aca408ec-r01-2","role":"actor","contractId":"studio-aca408ec-r02:contract:person-studio-aca408ec-r01-2:208","startWeek":208},{"id":"person-studio-aca408ec-r01-3","role":"actor","contractId":"studio-aca408ec-r02:contract:person-studio-aca408ec-r01-3:208","startWeek":208},{"id":"person-studio-aca408ec-r01-4","role":"actor","contractId":"studio-aca408ec-r02:contract:person-studio-aca408ec-r01-4:208","startWeek":208},{"id":"person-studio-aca408ec-r01-5","role":"craft","contractId":"studio-aca408ec-r02:contract:person-studio-aca408ec-r01-5:208","startWeek":208}]
busy []
ready [{"id":"script-0011","writerId":"person-studio-aca408ec-r02-0"},{"id":"script-0013","writerId":"person-studio-aca408ec-r02-0"}]
promises {"promiseId":"promise-1","beneficiary":"person-studio-aca408ec-r01-0","role":"writer","family":"APPEARANCE_COUNT","predicate":{"count":1},"window":[208,416],"contractId":"studio-aca408ec-r02:contract:person-studio-aca408ec-r01-0:208","progress":0,"outcome":null}
{"promiseId":"promise-3","beneficiary":"person-studio-aca408ec-r01-1","role":"director","family":"APPEARANCE_COUNT","predicate":{"count":1},"window":[208,416],"contractId":"studio-aca408ec-r02:contract:person-studio-aca408ec-r01-1:208","progress":0,"outcome":null}
{"promiseId":"promise-5","beneficiary":"person-studio-aca408ec-r01-2","role":"actor","family":"APPEARANCE_COUNT","predicate":{"count":1},"window":[208,416],"contractId":"studio-aca408ec-r02:contract:person-studio-aca408ec-r01-2:208","progress":0,"outcome":null}
{"promiseId":"promise-7","beneficiary":"person-studio-aca408ec-r01-3","role":"actor","family":"APPEARANCE_COUNT","predicate":{"count":1},"window":[208,416],"contractId":"studio-aca408ec-r02:contract:person-studio-aca408ec-r01-3:208","progress":0,"outcome":null}
{"promiseId":"promise-9","beneficiary":"person-studio-aca408ec-r01-4","role":"actor","family":"APPEARANCE_COUNT","predicate":{"count":1},"window":[208,416],"contractId":"studio-aca408ec-r02:contract:person-studio-aca408ec-r01-4:208","progress":0,"outcome":null}
{"promiseId":"promise-11","beneficiary":"person-studio-aca408ec-r01-5","role":"craft","family":"LEAD_OR_SIGNIFICANT_ROLE_COUNT","predicate":{"kind":"castRoleCount","count":1,"seatClass":"leadOrAntagonist"},"window":[208,416],"contractId":"studio-aca408ec-r02:contract:person-studio-aca408ec-r01-5:208","progress":0,"outcome":null}
{"promiseId":"promise-13","beneficiary":"person-studio-aca408ec-r02-0","role":"writer","family":"APPEARANCE_COUNT","predicate":{"count":1},"window":[208,416],"contractId":null,"progress":0,"outcome":null}
{"promiseId":"promise-15","beneficiary":"person-studio-aca408ec-r02-1","role":"director","family":"APPEARANCE_COUNT","predicate":{"count":1},"window":[208,416],"contractId":null,"progress":0,"outcome":null}
{"promiseId":"promise-17","beneficiary":"person-studio-aca408ec-r02-2","role":"actor","family":"APPEARANCE_COUNT","predicate":{"count":1},"window":[208,416],"contractId":null,"progress":0,"outcome":null}
{"promiseId":"promise-19","beneficiary":"person-studio-aca408ec-r02-3","role":"actor","family":"APPEARANCE_COUNT","predicate":{"count":1},"window":[208,416],"contractId":null,"progress":0,"outcome":null}
{"promiseId":"promise-21","beneficiary":"person-studio-aca408ec-r02-4","role":"actor","family":"APPEARANCE_COUNT","predicate":{"count":1},"window":[208,416],"contractId":null,"progress":0,"outcome":null}
{"promiseId":"promise-23","beneficiary":"person-studio-aca408ec-r02-5","role":"craft","family":"APPEARANCE_COUNT","predicate":{"count":1},"window":[208,416],"contractId":null,"progress":0,"outcome":null}
{"promiseId":"promise-25","beneficiary":"person-studio-aca408ec-r03-0","role":"writer","family":"APPEARANCE_COUNT","predicate":{"count":1},"window":[208,416],"contractId":null,"progress":0,"outcome":null}
{"promiseId":"promise-27","beneficiary":"person-studio-aca408ec-r03-1","role":"director","family":"APPEARANCE_COUNT","predicate":{"count":1},"window":[208,416],"contractId":null,"progress":0,"outcome":null}
{"promiseId":"promise-29","beneficiary":"person-studio-aca408ec-r03-2","role":"actor","family":"LEAD_OR_SIGNIFICANT_ROLE_COUNT","predicate":{"kind":"castRoleCount","count":1,"seatClass":"leadOrAntagonist"},"window":[208,416],"contractId":null,"progress":0,"outcome":null}
{"promiseId":"promise-31","beneficiary":"person-studio-aca408ec-r03-3","role":"actor","family":"APPEARANCE_COUNT","predicate":{"count":1},"window":[208,416],"contractId":null,"progress":0,"outcome":null}
{"promiseId":"promise-33","beneficiary":"person-studio-aca408ec-r03-4","role":"actor","family":"LEAD_OR_SIGNIFICANT_ROLE_COUNT","predicate":{"kind":"castRoleCount","count":1,"seatClass":"leadOrAntagonist"},"window":[208,416],"contractId":null,"progress":0,"outcome":null}
{"promiseId":"promise-35","beneficiary":"person-studio-aca408ec-r03-5","role":"craft","family":"APPEARANCE_COUNT","predicate":{"count":1},"window":[208,416],"contractId":null,"progress":0,"outcome":null}
{"promiseId":"promise-37","beneficiary":"person-studio-aca408ec-r04-0","role":"writer","family":"APPEARANCE_COUNT","predicate":{"count":1},"window":[208,416],"contractId":null,"progress":0,"outcome":null}
{"promiseId":"promise-39","beneficiary":"person-studio-aca408ec-r04-1","role":"director","family":"APPEARANCE_COUNT","predicate":{"count":1},"window":[208,416],"contractId":null,"progress":0,"outcome":null}
{"promiseId":"promise-41","beneficiary":"person-studio-aca408ec-r04-2","role":"actor","family":"APPEARANCE_COUNT","predicate":{"count":1},"window":[208,416],"contractId":null,"progress":0,"outcome":null}
{"promiseId":"promise-43","beneficiary":"person-studio-aca408ec-r04-3","role":"actor","family":"APPEARANCE_COUNT","predicate":{"count":1},"window":[208,416],"contractId":null,"progress":0,"outcome":null}
{"promiseId":"promise-45","beneficiary":"person-studio-aca408ec-r04-4","role":"actor","family":"APPEARANCE_COUNT","predicate":{"count":1},"window":[208,416],"contractId":null,"progress":0,"outcome":null}
{"promiseId":"promise-47","beneficiary":"person-studio-aca408ec-r04-5","role":"craft","family":"APPEARANCE_COUNT","predicate":{"count":1},"window":[208,416],"contractId":null,"progress":0,"outcome":null}
productionsAfter []
=== LANDED takes {"eventId":"first-take-event-45","productionId":"studio-aca408ec-r01:film:11","studioId":"studio-aca408ec-r01","week":213,"cast":{"lead":"person-studio-aca408ec-r02-3","antagonist":"person-studio-aca408ec-r02-2","support":"person-studio-aca408ec-r02-0"}}
{"eventId":"first-take-event-46","productionId":"studio-aca408ec-r01:film:6","studioId":"studio-aca408ec-r01","week":222,"cast":{"lead":"person-studio-aca408ec-r02-4","antagonist":"person-studio-aca408ec-r02-3","support":"person-studio-aca408ec-r02-2"}}
=== LANDED promises@350 {"promiseId":"promise-12","beneficiary":"person-studio-aca408ec-r02-0","role":"writer","issuer":"studio-aca408ec-r01","family":"APPEARANCE_COUNT","predicate":{"count":1},"window":[208,416],"contractId":"studio-aca408ec-r01:contract:person-studio-aca408ec-r02-0:208","progress":1,"outcome":"SATISFIED","outcomeWeek":213,"outcomeEventId":"talent-market-event-120","evidence":["first-take-event-45"],"qualifying":["first-take-event-45"]}
{"promiseId":"promise-16","beneficiary":"person-studio-aca408ec-r02-2","role":"actor","issuer":"studio-aca408ec-r01","family":"APPEARANCE_COUNT","predicate":{"count":1},"window":[208,416],"contractId":"studio-aca408ec-r01:contract:person-studio-aca408ec-r02-2:208","progress":1,"outcome":"SATISFIED","outcomeWeek":213,"outcomeEventId":"talent-market-event-121","evidence":["first-take-event-45"],"qualifying":["first-take-event-45","first-take-event-46","first-take-event-47","first-take-event-48","first-take-event-49","first-take-event-50"]}
{"promiseId":"promise-18","beneficiary":"person-studio-aca408ec-r02-3","role":"actor","issuer":"studio-aca408ec-r01","family":"APPEARANCE_COUNT","predicate":{"count":1},"window":[208,416],"contractId":"studio-aca408ec-r01:contract:person-studio-aca408ec-r02-3:208","progress":1,"outcome":"SATISFIED","outcomeWeek":213,"outcomeEventId":"talent-market-event-122","evidence":["first-take-event-45"],"qualifying":["first-take-event-45","first-take-event-46","first-take-event-47","first-take-event-48","first-take-event-49","first-take-event-50"]}
{"promiseId":"promise-20","beneficiary":"person-studio-aca408ec-r02-4","role":"actor","issuer":"studio-aca408ec-r01","family":"APPEARANCE_COUNT","predicate":{"count":1},"window":[208,416],"contractId":"studio-aca408ec-r01:contract:person-studio-aca408ec-r02-4:208","progress":1,"outcome":"SATISFIED","outcomeWeek":222,"outcomeEventId":"talent-market-event-123","evidence":["first-take-event-46"],"qualifying":["first-take-event-46","first-take-event-47","first-take-event-48","first-take-event-49","first-take-event-50"]}
{"promiseId":"promise-1","beneficiary":"person-studio-aca408ec-r01-0","role":"writer","issuer":"studio-aca408ec-r02","family":"APPEARANCE_COUNT","predicate":{"count":1},"window":[208,416],"contractId":"studio-aca408ec-r02:contract:person-studio-aca408ec-r01-0:208","progress":0,"outcome":null,"outcomeWeek":null,"outcomeEventId":null,"evidence":[],"qualifying":[]}
=== LANDED outcome receipts {"kind":"promiseOutcome","week":213,"talentId":"person-studio-aca408ec-r02-0","studioId":"studio-aca408ec-r01","reasons":["a promise to this person was kept"],"dropped":[],"eventId":"talent-market-event-120"}
{"kind":"promiseOutcome","week":213,"talentId":"person-studio-aca408ec-r02-2","studioId":"studio-aca408ec-r01","reasons":["a promise to this person was kept"],"dropped":[],"eventId":"talent-market-event-121"}
{"kind":"promiseOutcome","week":213,"talentId":"person-studio-aca408ec-r02-3","studioId":"studio-aca408ec-r01","reasons":["a promise to this person was kept"],"dropped":[],"eventId":"talent-market-event-122"}
endTick 350
=== PRESEAM takes {"eventId":"first-take-event-45","productionId":"studio-aca408ec-r01:film:6","studioId":"studio-aca408ec-r01","week":213,"cast":{"lead":"person-studio-aca408ec-r02-4","antagonist":"person-studio-aca408ec-r02-3","support":"person-studio-aca408ec-r02-2"}}
{"eventId":"first-take-event-46","productionId":"studio-aca408ec-r01:film:11","studioId":"studio-aca408ec-r01","week":222,"cast":{"lead":"person-studio-aca408ec-r02-3","antagonist":"person-studio-aca408ec-r02-2","support":"person-studio-aca408ec-r02-4"}}
=== PRESEAM promises@350 {"promiseId":"promise-12","beneficiary":"person-studio-aca408ec-r02-0","role":"writer","issuer":"studio-aca408ec-r01","family":"APPEARANCE_COUNT","predicate":{"count":1},"window":[208,416],"contractId":"studio-aca408ec-r01:contract:person-studio-aca408ec-r02-0:208","progress":0,"outcome":null,"outcomeWeek":null,"outcomeEventId":null,"evidence":[],"qualifying":[]}
{"promiseId":"promise-16","beneficiary":"person-studio-aca408ec-r02-2","role":"actor","issuer":"studio-aca408ec-r01","family":"APPEARANCE_COUNT","predicate":{"count":1},"window":[208,416],"contractId":"studio-aca408ec-r01:contract:person-studio-aca408ec-r02-2:208","progress":1,"outcome":"SATISFIED","outcomeWeek":213,"outcomeEventId":"talent-market-event-120","evidence":["first-take-event-45"],"qualifying":["first-take-event-45","first-take-event-46","first-take-event-47","first-take-event-48","first-take-event-49","first-take-event-50"]}
{"promiseId":"promise-18","beneficiary":"person-studio-aca408ec-r02-3","role":"actor","issuer":"studio-aca408ec-r01","family":"APPEARANCE_COUNT","predicate":{"count":1},"window":[208,416],"contractId":"studio-aca408ec-r01:contract:person-studio-aca408ec-r02-3:208","progress":1,"outcome":"SATISFIED","outcomeWeek":213,"outcomeEventId":"talent-market-event-121","evidence":["first-take-event-45"],"qualifying":["first-take-event-45","first-take-event-46","first-take-event-47","first-take-event-48","first-take-event-49","first-take-event-50"]}
{"promiseId":"promise-20","beneficiary":"person-studio-aca408ec-r02-4","role":"actor","issuer":"studio-aca408ec-r01","family":"APPEARANCE_COUNT","predicate":{"count":1},"window":[208,416],"contractId":"studio-aca408ec-r01:contract:person-studio-aca408ec-r02-4:208","progress":1,"outcome":"SATISFIED","outcomeWeek":213,"outcomeEventId":"talent-market-event-122","evidence":["first-take-event-45"],"qualifying":["first-take-event-45","first-take-event-46","first-take-event-47","first-take-event-48","first-take-event-49","first-take-event-50"]}
{"promiseId":"promise-1","beneficiary":"person-studio-aca408ec-r01-0","role":"writer","issuer":"studio-aca408ec-r02","family":"APPEARANCE_COUNT","predicate":{"count":1},"window":[208,416],"contractId":"studio-aca408ec-r02:contract:person-studio-aca408ec-r01-0:208","progress":0,"outcome":null,"outcomeWeek":null,"outcomeEventId":null,"evidence":[],"qualifying":[]}
=== PRESEAM w208 r01 productionsAfter [{"id":"studio-aca408ec-r01:film:6","startTick":208,"writerId":"person-studio-aca408ec-r01-0","directorId":"person-studio-aca408ec-r02-1","craftIds":["person-studio-aca408ec-r02-5"],"cast":{"lead":"person-studio-aca408ec-r02-4","antagonist":"person-studio-aca408ec-r02-3","support":"person-studio-aca408ec-r02-2"},"budget":{"negative":2647083,"marketing":573000}}]
