✔ screen lock stops before any parked move or activation (2.639417ms)
✔ bounded campaign text uses individually witnessed key pairs and releases only its own key (3.581542ms)
✔ screen lock after earlier owned input suspends the next action (0.271334ms)
✔ foreign PID 0 at injection +0ms cannot hide behind idle/owned stamps (0.262833ms)
✔ foreign PID 999 at injection +0ms cannot hide behind idle/owned stamps (0.209958ms)
✔ foreign PID 0 at injection +1ms cannot hide behind idle/owned stamps (0.212792ms)
✔ foreign PID 999 at injection +1ms cannot hide behind idle/owned stamps (0.229584ms)
✔ foreign PID 0 at injection +100ms cannot hide behind idle/owned stamps (0.212584ms)
✔ foreign PID 999 at injection +100ms cannot hide behind idle/owned stamps (0.230916ms)
✔ foreign PID 0 at injection +149ms cannot hide behind idle/owned stamps (0.252167ms)
✔ foreign PID 999 at injection +149ms cannot hide behind idle/owned stamps (0.201333ms)
✔ foreign PID 0 at injection +150ms cannot hide behind idle/owned stamps (0.20575ms)
✔ foreign PID 999 at injection +150ms cannot hide behind idle/owned stamps (0.200583ms)
✔ foreign PID 0 at injection +899ms cannot hide behind idle/owned stamps (0.184417ms)
✔ foreign PID 999 at injection +899ms cannot hide behind idle/owned stamps (0.181917ms)
✔ activation that loses foreground ownership while settling refuses further input (0.397625ms)
✔ physical input during tool execution survives the later completion stamp (0.218208ms)
✔ unresolved exact leading companion cannot authorize a move or clean finalization (0.500833ms)
✔ an exact leading companion can complete a split acknowledgement without another post (0.355ms)
✔ Stage second click keeps every barrier/ack while omitting only redundant reposition (2.919792ms)
✔ Stage repeated click refuses PID0 before second down (barrier=false) (0.596292ms)
✔ Stage repeated click refuses PID0 before second down (barrier=true) (0.610209ms)
✔ Stage repeated click refuses PID999 before second down (barrier=false) (0.506958ms)
✔ Stage repeated click refuses PID999 before second down (barrier=true) (0.571125ms)
✔ Stage repeated click cannot post another down after missing barrier acknowledgement (1.173459ms)
✔ PID 0 during activation is detected before another command (0.230166ms)
✔ PID 0 immediately after activation is detected after settling (0.284416ms)
✔ PID 999 during activation is detected before another command (0.167375ms)
✔ PID 999 immediately after activation is detected after settling (0.244792ms)
✔ late log delivery of an older timestamp is consumed; activation stamp files confer no ownership (0.367417ms)
✔ both invocation token AND registered posting PID must match (0.3585ms)
✔ physical PID remains physical even with a copied owned token (0.174584ms)
✔ owned events and zero-delta player nulls are accepted and counted once across polls (0.38225ms)
✔ non-null player events and player nulls with deltas do not receive a blanket player exemption (0.08025ms)
✔ foreign event arriving during final drain prevents clean completion, including unknown PIDs (0.449542ms)
✔ missing final witness barrier cannot establish clean completion (0.576666ms)
✔ missing/truncated/partial/disabled/dead witness fails before any injection (0.37ms)
✔ unowned OS-held input is not released by modifier cleanup (0.162417ms)
✔ failure before a down post never authorizes cleanup of that input (1.391ms)
✔ failure after a witnessed down cleans only that exact owned input (0.586542ms)
✔ foreign input before a delayed down acknowledgement permits cleanup only after that down is witnessed (0.392833ms)
✔ unacknowledged up retains ownership and unavailable status, even if a later cleanup succeeds (0.960125ms)
✔ foreign detection is sticky even after later benign/owned records (0.362458ms)
✔ sequence gaps and conflicting token owners are rejected (0.110541ms)
✔ successful child return with missing event acknowledgement blocks all later input and clean completion (0.688625ms)
✔ lagging healthy witness cannot admit a user event before the ordered marker acknowledgement (0.403792ms)
✔ foreign event delivered before delayed owned acknowledgement prevents any following user event (0.234083ms)
✔ PID 0 at before-down admits no later gesture events except witnessed-owned ups (0.290833ms)
✔ PID 0 at after-down admits no later gesture events except witnessed-owned ups (0.465125ms)
✔ PID 0 at middle-drag admits no later gesture events except witnessed-owned ups (0.584791ms)
✔ PID 999 at before-down admits no later gesture events except witnessed-owned ups (0.234375ms)
✔ PID 999 at after-down admits no later gesture events except witnessed-owned ups (0.431542ms)
✔ PID 999 at middle-drag admits no later gesture events except witnessed-owned ups (0.556667ms)
✔ right drag is made only from acknowledged single events, never the compound tool command (1.022291ms)
✔ missing or wrong final marker cannot be replaced by a fabricated timer end record (0.226625ms)
✔ delayed acknowledgement after timeout cannot erase an unavailable decision (0.419709ms)
✔ wrong key acknowledgement cannot establish owned cleanup authority (0.271417ms)
ℹ tests 57
ℹ suites 0
ℹ pass 57
ℹ fail 0
ℹ cancelled 0
ℹ skipped 0
ℹ todo 0
ℹ duration_ms 122.003541
