Mon Sep 21 14:26:08 UTC 2026

 RUN  v2.1.9 /Users/zacheryspector/The-Movies-headless-program

 ✓ |core| tests/script-projects-save-v9.test.ts (8 tests) 2820ms
   ✓ Script Projects V1 — SaveFileV9 > makes V9 by default and round-trips legacy and every managed lifecycle class byte-identically 1433ms
   ✓ Script Projects V1 — SaveFileV9 > rejects a managed production without its matching writer snapshot and stays saveable through release 392ms
 ✓ |core| tests/p13b-s6-save-v26.test.ts (11 tests) 5070ms
   ✓ P13B-S6 Save V26: genuine V25 fixtures, honest lift, chains, validator refusals (test 7) > genuine V25 sound-mid-deployment fixture: sha256 matches, migrates to V26 with cancellation:null / cancelledWeek:null and no constructionRefund rows, otherwise byte-identical 811ms
   ✓ P13B-S6 Save V26: genuine V25 fixtures, honest lift, chains, validator refusals (test 7) > genuine V25 lighting-mid-deployment fixture: sha256 matches, migrates to V26 honestly (cancellation:null / cancelledWeek:null) 301ms
   ✓ P13B-S6 Save V26: genuine V25 fixtures, honest lift, chains, validator refusals (test 7) > VALID: a cancelled adoption with a passed original completesWeek is exempt from the v4 "operational receipt differs" clause 1461ms
   ✓ P13B-S6 Save V26: genuine V25 fixtures, honest lift, chains, validator refusals (test 7) > REFUSED: receipt component sums do not reconcile (Σpaid + Σrefunded ≠ cost) 530ms
   ✓ P13B-S6 Save V26: genuine V25 fixtures, honest lift, chains, validator refusals (test 7) > REFUSED: the refund ledger row is written twice for one project ("once-only" reconciliation) 375ms
   ✓ P13B-S6 Save V26: genuine V25 fixtures, honest lift, chains, validator refusals (test 7) > REFUSED: the equipment asset stays held while its adoption is cancelled ("asset unheld iff its adoption is cancelled") 379ms
 ✓ |core| tests/p14a1-save-v28.test.ts (10 tests) 2498ms
   ✓ P14A.1 test 8: Save V28 (genuine V27 fixtures, honest lift, downgrade, validator refusals, sentinel 29) > genuine V27 natural-rival-labs fixture: sha256 matches, migrates to V28 with an EMPTY talentMarket root and no P14 receipts, otherwise byte-identical 584ms
   ✓ P14A.1 test 8: Save V28 (genuine V27 fixtures, honest lift, downgrade, validator refusals, sentinel 29) > genuine V27 renewal-window-456 fixture (a player Scientist already inside its 12-week renewal window): still migrates to V28 with an EMPTY talentMarket root — migration invents no case 480ms
   ✓ P14A.1 test 8: Save V28 (genuine V27 fixtures, honest lift, downgrade, validator refusals, sentinel 29) > R4 legacy terminations: a V27 termination priced under the OLD 50% law still validates through the frozen chain, and lifts to V28 recorded as legacy with no invented back-charge 381ms
 ✓ |core| tests/p13b-r07-save-v25.test.ts (8 tests) 1782ms
   ✓ P13B-S5-R07 Save V25 (test 5) > validates the genuine V24 fixtures directly (sha256-pinned, week-pinned) before migration 396ms
   ✓ P13B-S5-R07 Save V25 (test 5) > migrates both genuine V24 fixtures to V25: saveVersion 25, technology state byte-identical aside from the version bump, setup: null lift (vacuous — both carry zero workflows) 576ms
 ✓ |core| tests/construction-save-v11.test.ts (12 tests) 4780ms
   ✓ Development & Casting Annex V1 — SaveFileV11 > writes V12 by default and round-trips legacy, vacant, building, and completed lifecycle states 1015ms
   ✓ Development & Casting Annex V1 — SaveFileV11 > round-trips and continues byte-identically at start, S+12, and S+13 890ms
   ✓ Development & Casting Annex V1 — SaveFileV11 > converts V10 deterministically from validated operations mode without inventing history 448ms
   ✓ Development & Casting Annex V1 — SaveFileV11 > migrates V1–V10, passes V11 by identity, and rejects every historical downgrade 378ms
   ✓ Development & Casting Annex V1 — SaveFileV11 > strictly rejects malformed parcel, project, ledger, cash, and facility truth 583ms
   ✓ Development & Casting Annex V1 — SaveFileV11 > rejects every canonical Annex ID in persisted production history while building 507ms
   ✓ Development & Casting Annex V1 — SaveFileV11 > rejects every canonical Annex ID in persisted production history while completed 463ms
 ✓ |core| tests/save.test.ts (10 tests) 556ms
 ✓ |core| tests/property-state-v13.test.ts (24 tests) 12768ms
   ✓ C1-M1a (a) — the property IS the constants, in a new representation > decides every query verdict from state exactly as the constants decided it 1612ms
   ✓ C1-M1a (a) — the property IS the constants, in a new representation > keeps the severance walk verdict-identical with structures in the obstacle set 2776ms
   ✓ C1-M1a (a) — the property IS the constants, in a new representation > plays a migrated V12 world byte-identically to a native V13 world for 30+ weeks 806ms
   ✓ C1-M1a (b) — nothing assumes eight structures or a small placement count > carries twelve-plus placed facilities through invariants, completion, opex, and save 1310ms
   ✓ C1-M1a (b) — nothing assumes eight structures or a small placement count > carries far more than twelve when the property has room for them 3619ms
   ✓ C1-M1a (d) — SaveFileV13 > writes V13 by default and round-trips every lifecycle state byte-identically 1091ms
 ✓ |core| tests/p13b-s8-save-v27.test.ts (8 tests) 5281ms
   ✓ P13B-S8 Save V27: genuine V26 fixtures, honest lift, conditional downgrade, validator refusals, sentinel 28 (test 7) > genuine V26 sound-mid-deployment fixture: sha256 matches, migrates to V27 with the four new RivalMoneyKind movement keys at 0 on every period and NO new receipts, otherwise byte-identical 806ms
   ✓ P13B-S8 Save V27: genuine V26 fixtures, honest lift, conditional downgrade, validator refusals, sentinel 28 (test 7) > genuine V26 lighting-cancelled and lighting-restored fixtures: sha256 matches, migrate to V27 honestly (four zero keys, no new receipts) 714ms
   ✓ P13B-S8 Save V27: genuine V26 fixtures, honest lift, conditional downgrade, validator refusals, sentinel 28 (test 7) > downgrade LOSSLESS: a freshly-lifted V27 state (genuine V26 fixture, every new key still zero) downgrades through save.migrateToV26 directly, byte-identical to the source 423ms
   ✓ P13B-S8 Save V27: genuine V26 fixtures, honest lift, conditional downgrade, validator refusals, sentinel 28 (test 7) > downgrade REFUSED: a NATURAL campaign whose rival genuinely admitted a Laboratory carries a nonzero researchCapacity movement, and save.migrateToV26 refuses it 1815ms
   ✓ P13B-S8 Save V27: genuine V26 fixtures, honest lift, conditional downgrade, validator refusals, sentinel 28 (test 7) > downgrade REFUSED: the same natural campaign also carries a new receipt kind (laboratoryCommitted/laboratoryOperational), independently sufficient to refuse V27->V26 895ms
   ✓ P13B-S8 Save V27: genuine V26 fixtures, honest lift, conditional downgrade, validator refusals, sentinel 28 (test 7) > VALIDATOR REFUSED: "no rival authority without a receipt" — a rival Laboratory facility with no laboratoryCommitted/laboratoryOperational receipt is refused 351ms
 ✓ |core| tests/p14b1-save-v29.test.ts (6 tests) 1835ms
   ✓ P14B.1 test 8: Save V29 (genuine V28 fixture, empty new tables, same digests, round trip, downgrade) > genuine V28 open-case-45 fixture: sha256 matches, still validates as V28 through the frozen chain, migrates to V29 with EMPTY firstTakes and promises roots and promises: [] on every existing proposal, otherwise byte-identical 814ms
   ✓ P14B.1 test 8: Save V29 (genuine V28 fixture, empty new tables, same digests, round trip, downgrade) > a fresh V29 lift round-trips byte-stable through validateSaveV29 -> JSON -> validateSaveV29 312ms
   ✓ P14B.1 test 8: Save V29 (genuine V28 fixture, empty new tables, same digests, round trip, downgrade) > a fresh V29 lift (nothing forged) downgrades LOSSLESS through save.migrateToV28, byte-identical to the pre-lift V28 state 378ms
 ✓ |core| tests/p13b-s3-save-v23.test.ts (13 tests) 8971ms
   ✓ P13B-S3 Save V23 (test 7) > migrates the genuine V22 fixture './fixtures/p13b/legacy-v22-staffed-4-…' to V23 with an empty physicalPlans root, byte-identical otherwise 1047ms
   ✓ P13B-S3 Save V23 (test 7) > migrates the genuine V22 fixture './fixtures/p13b/legacy-v22-two-labs-c…' to V23 with an empty physicalPlans root, byte-identical otherwise 607ms
   ✓ P13B-S3 Save V23 (test 7) > chains the genuine V21 fixture './fixtures/p13b/legacy-v21-staffed-4-…' through V22 to V23 464ms
   ✓ P13B-S3 Save V23 (test 7) > chains the genuine V21 fixture './fixtures/p13b/legacy-v21-released-p…' through V22 to V23 402ms
   ✓ P13B-S3 Save V23 (test 7) > chains the genuine V21 fixture './fixtures/p13b/legacy-v21-two-labs-t…' through V22 to V23 453ms
   ✓ P13B-S3 Save V23 (test 7) > chains the genuine V20 fixture './fixtures/p13b/legacy-v20-research-a…' through V21, V22 to V23 567ms
   ✓ P13B-S3 Save V23 (test 7) > chains the genuine V20 fixture './fixtures/p13b/legacy-v20-research-p…' through V21, V22 to V23 606ms
   ✓ P13B-S3 Save V23 (test 7) > chains the genuine V20 fixture './fixtures/p13b/legacy-v20-research-c…' through V21, V22 to V23 538ms
   ✓ P13B-S3 Save V23 (test 7) > migrateToV22 / migrateToV21 / migrateToV20 refuse a live save 1365ms
   ✓ P13B-S3 Save V23 (test 7) > makeSave writes saveVersion 29 749ms
   ✓ P13B-S3 Save V23 (test 7) > an unknown saveVersion 31 is refused, naming the handled range 519ms
   ✓ P13B-S3 Save V23 (test 7) > save/reload mid-queue continues identically (byte for byte) 1438ms
 ✓ |core| tests/p13b-s5-save-v24.test.ts (15 tests) 25595ms
   ✓ P13B-S5 Save V24 (test 4) > migrates legacy-v23-sound-operational-315 and its identical V20 ancestor to V24 with an honest first-prototype lift, byte-identical otherwise 1220ms
   ✓ P13B-S5 Save V24 (test 4) > migrates the genuine V23 fixture legacy-v23-lighting-complete-plan-queued: rival EMPTY-physicalProjectIds adoption lifts to ONE aggregated installation row (placementId null), one held commercial asset, the queued physical plan survives byte-identically 399ms
   ✓ P13B-S5 Save V24 (test 4) > chains the genuine V22 fixture './fixtures/p13b/legacy-v22-staffed-4-…' through V23 to V24 with the same honest lift 321ms
   ✓ P13B-S5 Save V24 (test 4) > chains the genuine V22 fixture './fixtures/p13b/legacy-v22-two-labs-c…' through V23 to V24 with the same honest lift 601ms
   ✓ P13B-S5 Save V24 (test 4) > chains the genuine V21 fixture './fixtures/p13b/legacy-v21-staffed-4-…' through V22, V23 to V24 676ms
   ✓ P13B-S5 Save V24 (test 4) > chains the genuine V21 fixture './fixtures/p13b/legacy-v21-released-p…' through V22, V23 to V24 507ms
   ✓ P13B-S5 Save V24 (test 4) > chains the genuine V21 fixture './fixtures/p13b/legacy-v21-two-labs-t…' through V22, V23 to V24 642ms
   ✓ P13B-S5 Save V24 (test 4) > chains the genuine V20 fixture './fixtures/p13b/legacy-v20-research-a…' through V21, V22, V23 to V24 443ms
   ✓ P13B-S5 Save V24 (test 4) > chains the genuine V20 fixture './fixtures/p13b/legacy-v20-research-p…' through V21, V22, V23 to V24 553ms
   ✓ P13B-S5 Save V24 (test 4) > chains the genuine V20 fixture './fixtures/p13b/legacy-v20-research-c…' through V21, V22, V23 to V24 561ms
   ✓ P13B-S5 Save V24 (test 4) > migrateToV23 / migrateToV22 / migrateToV21 / migrateToV20 refuse a V24 save 1432ms
   ✓ P13B-S5 Save V24 (test 4) > makeSave writes saveVersion 26 705ms
   ✓ P13B-S5 Save V24 (test 4) > an unknown saveVersion 31 is refused, naming the handled range "1 through 30 only" 565ms
   ✓ P13B-S5 Save V24 (test 4) > save/reload mid-deployment continues identically (byte for byte): a lighting adoption committed but not yet operational 16683ms
 ✓ |core| tests/p13b-s2-save-v22.test.ts (12 tests) 24997ms
   ✓ P13B-S2 V21 to V22 migration (test 8) > lifts ./fixtures/p13b/legacy-v21-staffed-4-seats-263.json.gz: every receipt ×8, per-Laboratory rows derived honestly, cooperationFromWeek stamped at the fixture's own week 2811ms
   ✓ P13B-S2 V21 to V22 migration (test 8) > lifts ./fixtures/p13b/legacy-v21-released-paused-266.json.gz: every receipt ×8, per-Laboratory rows derived honestly, cooperationFromWeek stamped at the fixture's own week 2362ms
   ✓ P13B-S2 V21 to V22 migration (test 8) > lifts ./fixtures/p13b/legacy-v21-two-labs-two-briefs-783.json.gz: every receipt ×8, per-Laboratory rows derived honestly, cooperationFromWeek stamped at the fixture's own week 3361ms
   ✓ P13B-S2 V21 to V22 migration (test 8) > continues the migrated active staffed-4-seats-263 project for one more funded week (now carrying its own labs row) and re-saves byte-identically 2697ms
   ✓ P13B-S2 V21 to V22 migration (test 8) > chains V20→V21→V22 for ./fixtures/p13b/legacy-v20-research-active-280.json.gz: the S1 legacy prefix survives intact, weeks stays empty 2706ms
   ✓ P13B-S2 V21 to V22 migration (test 8) > chains V20→V21→V22 for ./fixtures/p13b/legacy-v20-research-paused-expired-468.json.gz: the S1 legacy prefix survives intact, weeks stays empty 2455ms
   ✓ P13B-S2 V21 to V22 migration (test 8) > chains V20→V21→V22 for ./fixtures/p13b/legacy-v20-research-complete-operational-315.json.gz: the S1 legacy prefix survives intact, weeks stays empty 1505ms
   ✓ P13B-S2 envelope law at the live writer (test 8) > makeSave always writes the live saveVersion 26 1083ms
   ✓ P13B-S2 envelope law at the live writer (test 8) > refuses an unknown saveVersion 31 with the updated range 1406ms
   ✓ P13B-S2 envelope law at the live writer (test 8) > round-trips a migrated two-Laboratory save through exportSave/importSave/migrateToV30 byte-identically 2152ms
   ✓ P13B-S2 campaign isolation across the migrated copies (mirrors the S1 case) > produces independent migrated copies from the same V21 fixture; advancing one never touches the other 2159ms

 Test Files  12 passed (12)
      Tests  137 passed (137)
   Start at  16:26:09
   Duration  42.18s (transform 2.69s, setup 0ms, collect 12.35s, tests 96.96s, environment 4ms, prepare 2.26s)

EXIT=0
Mon Sep 21 14:26:51 UTC 2026
