Mon Sep 21 14:34:07 UTC 2026

 RUN  v2.1.9 /Users/zacheryspector/The-Movies-headless-program

 ✓ |core| tests/p14b1-promises.test.ts (15 tests) 13013ms
   ✓ P14B.1 test 2: the promise record and the widened digest > attaching a promise changes the digest; a second attach on an already-promised proposal is refused (enforced at most one); revising (re-submit, then attach a different promise) and removing (re-submit with no attach) both change the digest again — removing restores the exact original 3571ms
   ✓ P14B.1 test 2: the promise record and the widened digest > a window outside the proposed contract is IMPOSSIBLE by construction 1505ms
   ✓ P14B.1 test 2: the promise record and the widened digest > a promise DRIFTED after attachment (its own definition changed through some other channel) drops materialTermsChanged at freeze 1194ms
   ✓ P14B.1 test 3: the feasibility service > Example B shape: an active promise consuming the person's only existing-path seat makes a SECOND, overlapping promise FRAGILE with the 'needs a picture not yet commissioned' bottleneck 1292ms
   ✓ P14B.1 test 4: settlement freeze re-classification > a feasible promise becomes FRAGILE after two lawful greenlights consume the existing stages; freeze drops it with a promise-naming sentence 1454ms
   ✓ P14B.1 test 5: outcomes > SATISFIED once the X-th qualifying first take occurs, with evidence refs naming the causing eventId; idempotent on a later tick 1107ms
   ✓ P14B.1 test 5: outcomes > BROKEN at dueWeekExclusive when the window passes unsatisfied, through a BOUND promise: on genuine legacy-v28-open-case-45, attach a P1 promise to the player's own proposal, settle at 52 (retained -> bound, contractId set), then walk to dueWeekExclusive with no qualifying first take 1238ms
   ✓ P14B.1 test 5: outcomes > RED (T2b closes this): a promise attached to a proposal that then LOSES stays UNBOUND (contractId null) and is never evaluated — on genuine legacy-v28-open-case-45, withdrawing the player's own proposal leaves the promise attached to a proposal that vanishes at settlement (declined, "all proposals dropped"); past its own dueWeekExclusive the record must keep outcome: null and contractId: null, mint no promiseOutcome receipt, and leave the issuer's trust descriptor without a promiseBroken driver 1021ms
   ✓ P14B.1 test 5: outcomes > BROKEN on capacity collapse: cancelling the promised person's ONLY production before its first take, with a due week too close for any other path, makes re-feasibility IMPOSSIBLE and the promise BROKEN 507ms
 ✓ |core| tests/bridge-p14b1-promises.test.ts (11 tests) 18113ms
   ✓ group 2: case block and market page promise rows > the Profile case block's proposal rows carry promise — own row real (family, count, window, classification), competing row the UNKNOWN marker, never the rival's family/count/window 2757ms
   ✓ group 2: case block and market page promise rows > the Market page comparison row carries the SAME own/UNKNOWN promise facts (bridge/market.ts reuses the case block's own `proposals` array by reference) 1414ms
   ✓ group 3: trust descriptor label and promise history, open then settled with an outcome > open right after settlement, then BROKEN once the window passes unsatisfied — both read through the engine's own trustDescriptor / state.promises as the oracle 3772ms
   ✓ group 4: the promise draft on marketProposalAction's quote family > refuses a promise window beginning before the proposed contract, although its due week is inside the contract (T4 lower-edge regression) 1394ms
   ✓ group 4: the promise draft on marketProposalAction's quote family > promiseQuoteSnapshot returns the engine's own promiseFeasibility classification, ok true only when REASONABLY_ACHIEVABLE, and the same fact rides the EXISTING quoteMarketProposal session intent (no new intent kind) 1544ms
   ✓ group 4: the promise draft on marketProposalAction's quote family > a window outside the proposed contract is IMPOSSIBLE, refused "not offerable: <bottleneck>" 1167ms
   ✓ group 4: the promise draft on marketProposalAction's quote family > a non-P1 family is refused with its own typed reason, deterministically, before any pipeline check runs 1139ms
   ✓ group 5: disclosure narrowing — the rival's promise leaks nowhere > a world where the RIVAL proposal carries a real promise: the profile, the market page, a player-requested quote and pulse all serialize with no trace of the rival's family/window 1828ms
   ✓ group 6: save/load > a genuine V28 fixture (open-case-45) converts to V29 with empty firstTakes/promises, and the bridge reads it with no promise fact anywhere 767ms
   ✓ group 6: save/load > a live V29 state carrying a real promise round-trips through the bridge save/load path byte-stable, and the promise-row read is identical on both sides 2327ms
 ✓ |core| tests/p14b1-trust-chooser.test.ts (13 tests | 2 skipped) 34140ms
   ✓ P14B.1 test 6: trust, the widened chooser and the priority order > a Distrusted issuer is dropped issuerDistrusted at reservation, and the other (healthy) proposal settles the case 3917ms
   ✓ P14B.1 test 6: trust, the widened chooser and the priority order > opportunity changes the winner of an otherwise compensation-versus-incumbency 1-1 tie, with two real surviving proposals 6667ms
   ✓ P14B.1 test 6: trust, the widened chooser and the priority order > a Reliable issuer beats a Mixed-record issuer on the trust band, in the same otherwise-1-1-tie shape 1452ms
   ✓ P14B.1 test 7: rival symmetry > attachPromise and its feasibility classification work identically when the issuer is a RIVAL (no player-only special-casing) 1110ms
   ✓ P14B.1 test 7: rival symmetry > the FIRST natural rival proposal carries exactly one promise iff an ORIGINAL authoring read is REASONABLY_ACHIEVABLE — the flexible P2 read first for an unproven person, the P1 read alone for a proven one — with exact proposal/root/receipt joins 10115ms
   ✓ P14B.1 test 7: rival symmetry > natural rival authoring preserves the first writer IFF, the first actor positive (P1 if proven, flexible P2 if unproven), an unproven flexible-P2 witness, and actual non-achievable zero-attachment witnesses for a proven and an unproven person 10251ms
   ✓ P14B.1 test 7: rival symmetry > a rival first take satisfies a promise exactly as a player one does — found by direct search over the natural chain (never a magic week) 444ms
 ✓ |core| tests/p14b1-t4-regressions.test.ts (34 tests) 14842ms
   ✓ P14B.1 T4: feasibility evidence and lawful contract windows > rejects a window starting before the proposed contract, while the exact start remains offerable 474ms
   ✓ P14B.1 T4: feasibility evidence and lawful contract windows > identifies changed committed reservations at the identical week, without mutation or RNG use 312ms
   ✓ P14B.1 T4: feasibility evidence and lawful contract windows > stores the actual winning freeze receipt at the decision week, not the submission receipt 997ms
   ✓ P14B.1 T4: V29 owns every proposal promise leaf > preserves an explicitly synthetic old-writer early window and submission receipt without rewriting real contract/outcome identity 1969ms
   ✓ P14B.1 T4: V29 owns every proposal promise leaf > rejects a terminal promise rebound to the same pair's later actual contract starting after its outcome 1180ms
   ✓ P14B.1 T4: terminal V29 promise reference integrity > round-trips several beneficiaries sharing one real take and distinct own outcome receipts 7902ms
 ✓ |core| tests/p14b1-first-take.test.ts (3 tests) 2919ms
   ✓ P14B.1 test 1: the first-take receipt > PLAYER: never at shooting entry (empty at remainingTicks 5, shooting task unassigned then scheduled through the real actions, still empty after scheduling); appended exactly once at the 5 -> 4 advance; idempotent on a later tick; byte-stable across save/load 2484ms
   ✓ P14B.1 test 1: the first-take receipt > RIVAL: the same receipt is appended once at the 5 -> 4 advance for a rival production found by direct search over the natural chain (never a magic week) 409ms
 ✓ |core| tests/p14b3-rule-revision.test.ts (6 tests) 6050ms
   ✓ P14B.3 continuity under the live evaluator (4 after record 600) with genuine old evaluator1 history > preserves genuine evaluator1-current-p1 root/receipt/digest bytes through valid load, not a restamped current fixture 1276ms
   ✓ P14B.3 continuity under the live evaluator (4 after record 600) with genuine old evaluator1 history > preserves genuine evaluator1-withdrawn-p1 root/receipt/digest bytes through valid load, not a restamped current fixture 1009ms
   ✓ P14B.3 continuity under the live evaluator (4 after record 600) with genuine old evaluator1 history > preserves genuine evaluator1-role-label-refused-p1 root/receipt/digest bytes through valid load, not a restamped current fixture 1711ms
   ✓ P14B.3 continuity under the live evaluator (4 after record 600) with genuine old evaluator1 history > new actual attachment uses root.version4 and receipt.rulesVersion4 without rewriting old roots 483ms
   ✓ P14B.3 continuity under the live evaluator (4 after record 600) with genuine old evaluator1 history > actual later winning freeze keeps old root.version1 but stores genuine new rulesVersion4 receipt and binding 1567ms
 ✓ |core| tests/p14b3-reservations.test.ts (9 tests) 4667ms
   ✓ P14B.3 F1: real reservation membership and matching feasibility digest > a CURRENT unbound attachment still consumes the only existing path; only its own recheck excludes itself 2229ms
   ✓ P14B.3 F1: real reservation membership and matching feasibility digest > revise preserves the old unbound root but removes its reservation AND digest contribution 399ms
   ✓ P14B.3 F1: real reservation membership and matching feasibility digest > withdraw preserves the old unbound root but removes its reservation AND digest contribution 433ms
   ✓ P14B.3 F1: real reservation membership and matching feasibility digest > a genuinely bound OPEN promise reserves after the winning proposal has left the current table 751ms
   ✓ P14B.3 F1: real reservation membership and matching feasibility digest > a real terminal BROKEN outcome no longer reserves even though its bound contract identity remains 425ms
   ✓ P14B.3 F1: real reservation membership and matching feasibility digest > an actually dropped losing draft stays in evidence after settlement but cannot reserve a later overlapping read 317ms
 ✓ |core| tests/p14b1-save-v29.test.ts (6 tests) 1286ms
   ✓ P14B.1 test 8: Save V29 (genuine V28 fixture, empty new tables, same digests, round trip, downgrade) > genuine V28 open-case-45 fixture: sha256 matches, still validates as V28 through the frozen chain, migrates to V29 with EMPTY firstTakes and promises roots and promises: [] on every existing proposal, otherwise byte-identical 592ms
 ✓ |core| tests/p14b1-leak.test.ts (2 tests) 4138ms
   ✓ P14B.1 test 9: leak — a rival promise never discloses to a non-issuer, and settlement reasons stay ordering-only > a promise attached to the RIVAL's proposal says UNKNOWN on the player's disclosure view and something other than UNKNOWN on the rival's own 2545ms
   ✓ P14B.1 test 9: leak — a rival promise never discloses to a non-issuer, and settlement reasons stay ordering-only > settlement reasons stay ordering-only (no dollar sign, no bare 3+-digit figure) even when an attached promise is part of the decision 1591ms
 ✓ |core| tests/p14b2-setup-wrap-regressions.test.ts (13 tests) 5630ms
   ✓ P14B.2-F1 completed setup remains historical authority after real wrap > round-trips actual first take → wrap → Post with unchanged setup and released stage 3281ms
   ✓ P14B.2-F1 completed setup remains historical authority after real wrap > does not require compacted windowed setup/phase events when the permanent exact wrap survives 1105ms
stdout | tests/p14b2-fixture-preconditions.test.ts > P14B.2 lawful engine fixture preconditions (not bridge verification) > retains two real winners, films one promise and breaks the other by real early termination
retention {
  kept: {
    promiseId: 'promise-0',
    version: 4,
    issuerStudioId: 'studio-aca408ec-player',
    beneficiaryPersonId: 't-act-09',
    windowStartWeek: 52,
    dueWeekExclusive: 92,
    feasibilityReceipt: {
      classification: 'REASONABLY_ACHIEVABLE',
      bottleneck: null,
      inputsDigest: 'dffb435ac41a7bf8',
      rulesVersion: 4,
      week: 52
    },
    progress: 1,
    evidenceRefs: [ 'first-take-event-24' ],
    outcome: 'SATISFIED',
    outcomeWeek: 61,
    outcomeCause: 'the promised pictures began filming inside the window',
    outcomeEventId: 'talent-market-event-6',
    contractId: 'studio-aca408ec-player:contract:t-act-09:52:player-31',
    family: 'APPEARANCE_COUNT',
    predicate: { count: 1 }
  },
  broken: {
    promiseId: 'promise-1',
    version: 4,
    issuerStudioId: 'studio-aca408ec-player',
    beneficiaryPersonId: 't-act-08',
    windowStartWeek: 52,
    dueWeekExclusive: 92,
    feasibilityReceipt: {
      classification: 'REASONABLY_ACHIEVABLE',
      bottleneck: null,
      inputsDigest: '57ac45bb5049984b',
      rulesVersion: 4,
      week: 52
    },
    progress: 0,
    evidenceRefs: [],
    outcome: 'BROKEN',
    outcomeWeek: 61,
    outcomeCause: 'the studio terminated this contract early, ending the window',
    outcomeEventId: 'talent-market-event-7',
    contractId: 'studio-aca408ec-player:contract:t-act-08:52:player-32',
    family: 'APPEARANCE_COUNT',
    predicate: { count: 1 }
  },
  drivers: [
    {
      kind: 'promiseBroken',
      week: 61,
      positive: false,
      reason: 'broke a promise'
    },
    {
      kind: 'promiseKept',
      week: 61,
      positive: true,
      reason: 'kept a promise'
    },
    {
      kind: 'terminatedEarly',
      week: 61,
      positive: false,
      reason: 'ended a contract early'
    },
    {
      kind: 'ranToEnd',
      week: 52,
      positive: true,
      reason: 'ran a contract to its end'
    },
    {
      kind: 'ranToEnd',
      week: 52,
      positive: true,
      reason: 'ran a contract to its end'
    }
  ]
}

stdout | tests/p14b2-fixture-preconditions.test.ts > P14B.2 lawful engine fixture preconditions (not bridge verification) > keeps real prior history in the next open case, excludes an actual withdrawal, and binds a second promise
history { week: 96, talentId: 't-act-09', withdrawnId: 'promise-2' }

stdout | tests/p14b2-fixture-preconditions.test.ts > P14B.2 lawful engine fixture preconditions (not bridge verification) > wins a real rival-owned case and reaches reminder/outcome weeks after proposals are gone
poaching pipeline premise {"week":197,"promises":[{"promiseId":"promise-42","version":4,"issuerStudioId":"studio-5a47d054-r01","beneficiaryPersonId":"person-studio-5a47d054-r04-3","windowStartWeek":208,"dueWeekExclusive":416,"feasibilityReceipt":{"classification":"REASONABLY_ACHIEVABLE","bottleneck":null,"inputsDigest":"d47355fa0c8494c3","rulesVersion":4,"week":196},"progress":0,"evidenceRefs":[],"outcome":null,"outcomeWeek":null,"outcomeCause":null,"outcomeEventId":null,"contractId":null,"family":"LEAD_OR_SIGNIFICANT_ROLE_COUNT","predicate":{"kind":"castRoleCount","count":1,"seatClass":"leadOrAntagonist"}},{"promiseId":"promise-43","version":4,"issuerStudioId":"studio-5a47d054-r02","beneficiaryPersonId":"person-studio-5a47d054-r04-3","windowStartWeek":208,"dueWeekExclusive":416,"feasibilityReceipt":{"classification":"REASONABLY_ACHIEVABLE","bottleneck":null,"inputsDigest":"dfa4a41e3f908bd0","rulesVersion":4,"week":196},"progress":0,"evidenceRefs":[],"outcome":null,"outcomeWeek":null,"outcomeCause":null,"outcomeEventId":null,"contractId":null,"family":"LEAD_OR_SIGNIFICANT_ROLE_COUNT","predicate":{"kind":"castRoleCount","count":1,"seatClass":"leadOrAntagonist"}}],"scripts":{"mode":"managed","projects":[{"id":"script-0000","conceptId":"c-00","writerId":"t-wri-10","writerIds":["t-wri-10"],"shape":{"opening":"slowSetup","midpoint":"revelation","ending":"bittersweet"},"promise":{"genre":"comedy","intendedSegments":["adult"],"ranges":{"intimacy":[-0.5,0.5],"tonalWeight":[-0.5,0.5],"kineticEnergy":[-0.5,0.5]}},"status":"review","rewriteCount":0,"commissionedWeek":196,"dueWeek":null,"assessment":{"actualStrength":68.72650768853818,"perceivedStrength":68.72650768853818},"reservation":null,"productionId":null},{"id":"script-0001","conceptId":"c-01","writerId":"t-wri-10","writerIds":["t-wri-10"],"shape":{"opening":"slowSetup","midpoint":"revelation","ending":"bittersweet"},"promise":{"genre":"romance","intendedSegments":["adult"],"ranges":{"intimacy":[-0.5,0.5],"tonalWeight":[-0.5,0.5],"kineticEnergy":[-0.5,0.5]}},"status":"drafting","rewriteCount":0,"commissionedWeek":197,"dueWeek":198,"assessment":null,"reservation":{"projectId":"script-0001","facilityId":"facility-development-casting","capability":"development-casting","slot":0},"productionId":null}]},"concepts":["c-00","c-01","c-02","c-03","c-04","c-05","c-06","c-07","c-08","c-09","c-10","c-11","c-12","c-13","c-14","c-15","c-16","c-17","c-18","c-19","c-20","c-21","c-22","c-23","c-24","c-25","c-26","c-27","c-28","c-29"],"stages":[{"id":"facility-soundstage-07","name":"Soundstage 7","capability":"soundstage","capacity":1},{"id":"facility-soundstage-12","name":"Soundstage 12","capability":"soundstage","capacity":1}]}
poaching {
  talentId: 'person-studio-5a47d054-r04-3',
  incumbentId: 'studio-5a47d054-r04',
  promise: {
    promiseId: 'promise-48',
    version: 4,
    issuerStudioId: 'studio-5a47d054-player',
    beneficiaryPersonId: 'person-studio-5a47d054-r04-3',
    windowStartWeek: 208,
    dueWeekExclusive: 248,
    feasibilityReceipt: {
      classification: 'REASONABLY_ACHIEVABLE',
      bottleneck: null,
      inputsDigest: 'e09ea3c1e21dc2ac',
      rulesVersion: 4,
      week: 208
    },
    progress: 0,
    evidenceRefs: [],
    outcome: 'BROKEN',
    outcomeWeek: 248,
    outcomeCause: 'the window closed before the promised pictures began filming',
    outcomeEventId: 'talent-market-event-154',
    contractId: 'studio-5a47d054-player:contract:person-studio-5a47d054-r04-3:208:player-47',
    family: 'APPEARANCE_COUNT',
    predicate: { count: 1 }
  },
  settlement: [
    {
      kind: 'discovered',
      week: 196,
      talentId: 'person-studio-5a47d054-r04-3',
      studioId: 'studio-5a47d054-r04',
      reasons: [],
      dropped: [],
      eventId: 'talent-market-event-23'
    },
    {
      kind: 'proposalSubmitted',
      week: 196,
      talentId: 'person-studio-5a47d054-r04-3',
      studioId: 'studio-5a47d054-r01',
      reasons: [],
      dropped: [],
      eventId: 'talent-market-event-110'
    },
    {
      kind: 'proposalSubmitted',
      week: 196,
      talentId: 'person-studio-5a47d054-r04-3',
      studioId: 'studio-5a47d054-r02',
      reasons: [],
      dropped: [],
      eventId: 'talent-market-event-111'
    },
    {
      kind: 'proposalSubmitted',
      week: 196,
      talentId: 'person-studio-5a47d054-r04-3',
      studioId: 'studio-5a47d054-r03',
      reasons: [],
      dropped: [],
      eventId: 'talent-market-event-112'
    },
    {
      kind: 'proposalSubmitted',
      week: 196,
      talentId: 'person-studio-5a47d054-r04-3',
      studioId: 'studio-5a47d054-r04',
      reasons: [],
      dropped: [],
      eventId: 'talent-market-event-113'
    },
    {
      kind: 'proposalSubmitted',
      week: 197,
      talentId: 'person-studio-5a47d054-r04-3',
      studioId: 'studio-5a47d054-r04',
      reasons: [],
      dropped: [],
      eventId: 'talent-market-event-122'
    },
    {
      kind: 'proposalSubmitted',
      week: 197,
      talentId: 'person-studio-5a47d054-r04-3',
      studioId: 'studio-5a47d054-player',
      reasons: [],
      dropped: [],
      eventId: 'talent-market-event-123'
    },
    {
      kind: 'settled',
      week: 208,
      talentId: 'person-studio-5a47d054-r04-3',
      studioId: 'studio-5a47d054-player',
      reasons: [Array],
      dropped: [Array],
      eventId: 'talent-market-event-145'
    }
  ]
}

stdout | tests/p14b2-fixture-preconditions.test.ts > P14B.2 lawful engine fixture preconditions (not bridge verification) > produces a rival-only open promise and public kept outcome from the unmodified natural rival chain
rival {
  openWeek: 196,
  outcome: {
    promiseId: 'promise-16',
    version: 4,
    issuerStudioId: 'studio-aca408ec-r01',
    beneficiaryPersonId: 'person-studio-aca408ec-r02-2',
    windowStartWeek: 208,
    dueWeekExclusive: 416,
    feasibilityReceipt: {
      classification: 'REASONABLY_ACHIEVABLE',
      bottleneck: null,
      inputsDigest: 'c72603beabde18ce',
      rulesVersion: 4,
      week: 208
    },
    progress: 1,
    evidenceRefs: [ 'first-take-event-45' ],
    outcome: 'SATISFIED',
    outcomeWeek: 213,
    outcomeCause: 'the promised pictures began filming inside the window',
    outcomeEventId: 'talent-market-event-120',
    contractId: 'studio-aca408ec-r01:contract:person-studio-aca408ec-r02-2:208',
    family: 'APPEARANCE_COUNT',
    predicate: { count: 1 }
  }
}

stdout | tests/p14b2-fixture-preconditions.test.ts > P14B.2 lawful engine fixture preconditions (not bridge verification) > diagnostic: the next real production tick must remain save-valid (inherited source finding, not B2 bridge code)
setup diagnostic {
  sourceWeek: 61,
  nextWeek: 62,
  before: {
    productionId: 'prod-0052',
    phase: 'shooting',
    reservations: [ [Object], [Object] ],
    shootingTask: {
      id: 'shooting:prod-0052',
      productionId: 'prod-0052',
      directorId: 't-dir-01',
      soundstageFacilityId: 'facility-soundstage-07',
      status: 'completed'
    },
    blocker: null,
    bindings: {
      requiresSetBinding: true,
      stageFacilityId: 'facility-soundstage-07',
      setId: 'set-2',
      lockedNovelty: 1,
      lockedUplift: 7.8999999999999995,
      heldSinceWeek: 54
    },
    setup: {
      recipeId: 'ballroom-reveal-lighting-01',
      planRevision: 0,
      admittedWeek: 56,
      route: 'conventional',
      adoptionId: null,
      equipmentAssetId: null,
      stageFacilityId: 'facility-soundstage-07',
      setId: 'set-2',
      requiredUnits: 4,
      creditedUnits: 4,
      lastCreditedWeek: 60,
      completedWeek: 60,
      priorWork: []
    },
    planRevision: 0
  },
  after: {
    productionId: 'prod-0052',
    phase: 'postProduction',
    reservations: [ [Object] ],
    shootingTask: null,
    blocker: null,
    bindings: {
      requiresSetBinding: true,
      stageFacilityId: null,
      setId: 'set-2',
      lockedNovelty: 1,
      lockedUplift: 7.8999999999999995,
      heldSinceWeek: null
    },
    setup: {
      recipeId: 'ballroom-reveal-lighting-01',
      planRevision: 0,
      admittedWeek: 56,
      route: 'conventional',
      adoptionId: null,
      equipmentAssetId: null,
      stageFacilityId: 'facility-soundstage-07',
      setId: 'set-2',
      requiredUnits: 4,
      creditedUnits: 4,
      lastCreditedWeek: 60,
      completedWeek: 60,
      priorWork: []
    },
    planRevision: 0
  }
}

 ✓ |core| tests/p14b2-fixture-preconditions.test.ts (5 tests) 13833ms
   ✓ P14B.2 lawful engine fixture preconditions (not bridge verification) > retains two real winners, films one promise and breaks the other by real early termination 2956ms
   ✓ P14B.2 lawful engine fixture preconditions (not bridge verification) > keeps real prior history in the next open case, excludes an actual withdrawal, and binds a second promise 765ms
   ✓ P14B.2 lawful engine fixture preconditions (not bridge verification) > wins a real rival-owned case and reaches reminder/outcome weeks after proposals are gone 5511ms
   ✓ P14B.2 lawful engine fixture preconditions (not bridge verification) > produces a rival-only open promise and public kept outcome from the unmodified natural rival chain 4548ms
 ✓ |core| tests/bridge-p14b3-promise-command.test.ts (19 tests) 54493ms
   ✓ P14B.3: quote and atomic command attachment > commits exactly one real attachment at the live ordinal, one revision, no immediate cash movement 6116ms
   ✓ P14B.3: quote and atomic command attachment > pure repeated quotes retain exact state/RNG/receipt/cash/slot bytes and one opaque identity 897ms
   ✓ P14B.3: quote and atomic command attachment > each material promise field participates in the opaque intent identity, including refused variants 629ms
   ✓ P14B.3: quote and atomic command attachment > the session pending quote retains values rather than its caller-owned mutable draft 2251ms
   ✓ P14B.3: quote and atomic command attachment > base proposals without a promise still commit without appending any promise 1626ms
   ✓ P14B.3: whole-quote refusal and current-state atomicity > 'FRAGILE existing one-path capacity': accepted noncommittable answer retains nested verdict; no registered intent or partial commit 1417ms
   ✓ P14B.3: whole-quote refusal and current-state atomicity > 'IMPOSSIBLE count': accepted noncommittable answer retains nested verdict; no registered intent or partial commit 1631ms
   ✓ P14B.3: whole-quote refusal and current-state atomicity > 'lower contract-window edge': accepted noncommittable answer retains nested verdict; no registered intent or partial commit 1623ms
   ✓ P14B.3: whole-quote refusal and current-state atomicity > 'upper contract-window edge': accepted noncommittable answer retains nested verdict; no registered intent or partial commit 1810ms
   ✓ P14B.3: whole-quote refusal and current-state atomicity > malformed wire input and a forged issuer are rejected before any historical fact exists 670ms
   ✓ P14B.3: revise, remove, withdraw retain abandoned evidence without phantom seats > replacement feasibility uses the real cleared intermediate proposal; removal/withdrawal mint no false outcome 20446ms
   ✓ P14B.3: session/revision/intent identity and isolation > wrong-session/stale envelopes, same-command replay and superseded intents never duplicate attachment 4045ms
   ✓ P14B.3: session/revision/intent identity and isolation > the oldest of exactly 16 distinct offerable quotes remains committable in a fresh session 1910ms
   ✓ P14B.3: session/revision/intent identity and isolation > the 17th distinct quote expires the oldest pending quote, while the newest still attaches once 1979ms
   ✓ P14B.3: session/revision/intent identity and isolation > same-seed/same-person sessions do not share quote authority, mutable drafts or committed state 2779ms
   ✓ P14B.3: session/revision/intent identity and isolation > load and process restart discard pending quote authorization without inventing promises 2186ms
   ✓ P14B.3: real settlement/outcome, V29 and B2 public/private carriers > quote→commit→real winning expiry binds; due-week BROKEN survives validated reload and exact public receipt join 2305ms

 Test Files  12 passed (12)
      Tests  134 passed | 2 todo (136)
   Start at  16:34:07
   Duration  72.31s (transform 4.36s, setup 0ms, collect 14.53s, tests 173.12s, environment 7ms, prepare 2.49s)

EXIT=0
Mon Sep 21 14:35:20 UTC 2026
