Mon Sep 21 14:03:34 UTC 2026

 RUN  v2.1.9 /Users/zacheryspector/The-Movies-headless-program

 ✓ |core| tests/bridge-contract-generator.test.ts (31 tests) 3210ms
   ✓ CF-08 sound union-to-C# generation > C — closed discriminated object unions > keeps member storage attached and generated bytes identical when anyOf order reverses 1389ms
   ✓ CF-08 sound union-to-C# generation > current accepted contract and future sentinel > F10 emits sound request and response union shapes without changing schema identity 547ms
   ✓ CF-08 sound union-to-C# generation > current accepted contract and future sentinel > pins exact positive output identities and deterministic rerendering 457ms
   ✓ CF-08 sound union-to-C# generation > current accepted contract and future sentinel > is a red mutation guard against first-member-wins flattening 426ms
 ✓ |core| tests/bridge-p14a2-market.test.ts (16 tests) 27687ms
   ✓ group 2: buckets — one bucket per case, fixed order, paged closed > two open cases sharing a decision week sort renewalWindow by discovery order; a settling case one week before its decision reads under settling, not renewalWindow 5669ms
   ✓ group 2: buckets — one bucket per case, fixed order, paged closed > every closed case in the settled-208 fixture is bounded by MARKET_CLOSED_PAGE_SIZE and pages deterministically across two reads; no case appears in a live bucket 1133ms
   ✓ group 3: workspace attention rows > deduplicated per (cause, talentId), including termsRevised (a rival revision after the player proposed) and decisionWeekNear (one week before the decision) 1404ms
   ✓ group 4: selected — candidate rail, offer comparison, settlement reasons/dropped > the rail's case block is byte-equal to marketCaseProjection; the own row equals proposalDraft; every competing figure is UNKNOWN 1179ms
   ✓ group 4: selected — candidate rail, offer comparison, settlement reasons/dropped > after settlement (settled-208): the receipt's order-only reasons show; no dropped sentence shows for a case where the player never proposed 671ms
   ✓ group 5: paged employer/career history > employer intervals from the P12 rows, rival salaries private, credits by reference, bounded by MARKET_HISTORY_PAGE_SIZE 1136ms
   ✓ group 6: workspace intents (Review & Submit / Revise / Withdraw) > the same quote -> commit -> STALE_REVISION -> revise -> withdraw -> INTENT_NOT_AVAILABLE sequence as A.1 group 8, from a session whose current page is the market page 9406ms
   ✓ group 7: Pulse fold on view:"pulse" > one activity row per settlement, naming the person/studio/term length, salary absent, correlated by (talentId, week) against the two P12 receipts — never doubled 654ms
   ✓ group 8: disclosure leak check — workspace and pulse JSON > the rival's real figures at a non-1.00 tier appear nowhere in the workspace or pulse JSON 1494ms
   ✓ group 9: save/load > LIVE_SAVE_VERSION === 28; a genuine V27 fixture converts to an EMPTY workspace (no attention, no cases, no selected) 1102ms
   ✓ group 9: save/load > the three genuine V28 T0 fixtures load byte-stable and the market page reads them as T0 pins 3160ms
   ✓ group 9: save/load > a V28 save round-trips through the bridge save/load path, and the market page reads identically on both sides 581ms
 ✓ |core| tests/bridge-p13b-s7-disclosure.test.ts (22 tests) 73321ms
   ✓ P13B-S7-T3 item 2: Laboratory forecast rows — windowed before 884 (no leak), exact at/after 884, sound exact throughout > week 793 (windowed, unannounced): lighting forecast row is a window 884..988; campaignDate(936).label appears NOWHERE in the Laboratory page JSON 755ms
   ✓ P13B-S7-T3 item 2: Laboratory forecast rows — windowed before 884 (no leak), exact at/after 884, sound exact throughout > week 884 and week 900 (exact, announced): lighting forecast row publishes the exact 936 date, window labels null 967ms
   ✓ P13B-S7-T3 item 3: replacementLabel on the purchase row, adopt-* rows and adoptions[] rows, for both technologies > an uncommitted adopt-synchronized-sound-* row and an uncommitted adopt-lighting-control-01-* row both carry replacementLabel verbatim 348ms
   ✓ P13B-S7-T3 item 3: replacementLabel on the purchase row, adopt-* rows and adoptions[] rows, for both technologies > committed adoptions[] rows for both technologies carry replacementLabel verbatim (s6SoundReady/s6LightingReady) 21510ms
   ✓ P13B-S7-T3 item 4: generalised wait-<id>/purchase-<id> rows — sound unchanged, lighting per the MEASURED engine law (see header) > purchase-lighting-control-01 at week 936 (commercial open): enabled, accessCost in its own text; commit charges accessCost once, advances stateRevision, refuses the same intent at the old revision, and both rows publish disabled with the engine's access-held sentence once access is held 4132ms
   ✓ P13B-S7-T3 item 5: Industry announcement row — derived, nullable studioId, excluded from per-studio History, absent for sound, Save As identical > identical in a Save As world: two independently-saved-as campaign slots of the same week-884 state publish byte-identical announcement rows 16182ms
   ✓ P13B-S7-T3 item 6: rival-independence on the wire — identical forecast/announcement rows across states differing only in rival facts (PARTIAL until S8, per the engine's own test 2 scope) > Laboratory forecast rows (both technologies) are byte-identical across the two rival-divergent states at week 416 964ms
   ✓ P13B-S7-T3 item 6: rival-independence on the wire — identical forecast/announcement rows across states differing only in rival facts (PARTIAL until S8, per the engine's own test 2 scope) > industry announcement rows are byte-identical across the two rival-divergent states, both at week 416 (empty) and advanced independently to week 900 (one lighting row) 27258ms
   ✓ P13B-S7-T3 item 7: genuine V26 fixture loads through the bridge and publishes the windowed lighting forecast at week 795 > sha256 matches provenance; BridgeSession.fromSaveJson loads it; the Laboratory page publishes a windowed lighting forecast (884..988), never 936 1123ms
 ✓ |core| tests/bridge-process-restart.test.ts (10 tests) 114116ms
   ✓ rejects the post-commit response gate outside a test process before opening runtime state 2655ms
   ✓ restores one durable logical bridge session and exact HTTP replay after SIGKILL 26732ms
   ✓ withholds a durably committed command response until SIGKILL and replays it byte-identically after restart 15304ms
   ✓ withholds a durably committed save response until SIGKILL and replays it byte-identically after restart 13473ms
   ✓ withholds a durably committed load response until SIGKILL and replays it byte-identically after restart 17742ms
   ✓ observes a byte-different semantic replay instead of falsely proving an exact request retry 10119ms
   ✓ drops a durably committed command response and replays it byte-identically in the same process 8014ms
   ✓ drops a durably committed save response and replays it byte-identically in the same process 6808ms
   ✓ drops a durably committed load response and replays it byte-identically in the same process 13260ms
 ✓ |core| tests/bridge-p14a3-world.test.ts (16 tests | 1 skipped) 15889ms
   ✓ group 2: the player's own open case — statusLine exact, caseRef, reach, presence, a person without a case > legacy-v28-open-case-45: statusLine exact, caseRef.targetId, reach playerLot, presence.onLot true; the market page is byte-equal to the Profile; the roster row carries the same line; a person without a case reads null/null 757ms
   ✓ group 3: the settling line — decisionWeek <= week + 1 while open, null after close > legacy-v28-open-case-45 walked from 45 to 51 (the settling text) and past 52 (null, closed) 1061ms
   ✓ group 4: a rival's person — off the player's lot, reach industry, the Industry row carries the line, no leak > the first week a rival-subject case is open (never a magic week): onLot false, canLocate false, reach industry; the Industry roster row of that studio carries caseStatusLine/caseRef; the rival's tier/salary (non-1.00) appear nowhere 6497ms
   ✓ group 5: the effective-week law from receipts (settled-208 carries no player contract — never used for a player-lot fact; the stayed/moved-away/won-over sets are built through the engine, never read off an empty fixture) > the retained clause: genuine legacy-v28-open-case-45 (player 1.25 vs rival 1.00, decided 52) stays on the player's lot at 51, 52 and 53; the stayed set is asserted non-empty 919ms
   ✓ group 5: the effective-week law from receipts (settled-208 carries no player contract — never used for a player-lot fact; the stayed/moved-away/won-over sets are built through the engine, never read off an empty fixture) > the departure clause, re-expressed through the declined outcome: on genuine legacy-v28-open-case-45, WITHDRAWING the player's own proposal leaves only the rival's uncontested 1.00 bid, which the seat law itself drops (noSeatForRole) — onLot stays true through week 51 (no early presence change), the case settles declined/"all proposals dropped" at week 52 exactly, and the person is off the lot at 52 863ms
   ✓ group 7: save/load — V28 unchanged, the world route converts and round-trips > a genuine V27 fixture converts with statusLine null for every person (no case exists anywhere in a converted state) 869ms
   ✓ group 7: save/load — V28 unchanged, the world route converts and round-trips > the three genuine V28 T0 fixtures read byte-stable and the world route reads identically across the bridge save/load path 4255ms
   ✓ group 7: save/load — V28 unchanged, the world route converts and round-trips > a fresh V28 state round-trips through the bridge save/load path and the world route reads identically on both sides 542ms
 ✓ |core| tests/bridge-runtime-checkpoint.test.ts (62 tests) 181390ms
   ✓ BridgeRuntimeCheckpointV1 > forward-migrates protocol 3 by preserving both V15 slots and discarding incompatible replay bytes 11543ms
   ✓ BridgeRuntimeCheckpointV1 > rolls the previous protocol-4 schema forward without changing either V15 save slot 7708ms
   ✓ BridgeRuntimeCheckpointV1 > rolls an authentic previous protocol-4 checkpoint with no explicit save slot 3103ms
   ✓ BridgeRuntimeCheckpointV1 > rejects an impossible open-founding state attributed to the previous protocol-4 runtime 396ms
   ✓ BridgeRuntimeCheckpointV1 > encodes one exact closed canonical shape with one LF and hydrates stable V15 bytes 9971ms
   ✓ BridgeRuntimeCheckpointV1 > requires canonical checkpoint bytes followed by exactly one LF 9410ms
   ✓ BridgeRuntimeCheckpointV1 > rejects missing and additional roots plus incompatible format, version, protocol, and schema 6220ms
   ✓ BridgeRuntimeCheckpointV1 > requires untouched canonical V15 current and explicit-save bytes with exact digests 22731ms
   ✓ BridgeRuntimeCheckpointV1 > validates route-specific requests, responses, identity, session, revision, and canonical JSON 14695ms
   ✓ BridgeRuntimeCheckpointV1 > binds exact historical bytes and rejection semantics to their original route 10512ms
   ✓ BridgeRuntimeCheckpointV1 > rejects duplicate identities and revision-regressing journal order 8183ms
   ✓ BridgeRuntimeCheckpointV1 > binds the root revision to the terminal journal response 12659ms
   ✓ BridgeRuntimeCheckpointV1 > returns a normalized prospective append only after identity and capacity validation 9035ms
   ✓ BridgeRuntimeCheckpointV1 > enforces injectable entry, journal-byte, and checkpoint-byte bounds before hydration 8816ms
   ✓ BridgeRuntimeCheckpointV1 > validates an accepted save response V15 payload and digest before journaling it 7907ms
   ✓ P04A REOPEN — enumerated prior protocol-4 checkpoint import > preserves both actual accepted P12 founding slots through the P13 save migration 2026ms
   ✓ P04A REOPEN — enumerated prior protocol-4 checkpoint import > migrates a v4-identity (f84ae77e) checkpoint with a V14 current save and an opaque 2-entry journal 810ms
   ✓ P04A REOPEN — enumerated prior protocol-4 checkpoint import > preserves and migrates a non-null savedSaveJson slot for a prior protocol-4 identity 2171ms
   ✓ P04A REOPEN — enumerated prior protocol-4 checkpoint import > accepts and migrates the enumerated sha256:584bdd8565030f049d548b1af4fcbf8c517ca7c9150016736f632f1ef8fcb98c (projection-v46) identity 1211ms
   ✓ P04A REOPEN — enumerated prior protocol-4 checkpoint import > accepts and migrates the enumerated sha256:5b2a4ca93d930e90a288db55bb5cc3fdc8eea070ef51fa1450a193a325bd755d (projection-v45) identity 926ms
   ✓ P04A REOPEN — enumerated prior protocol-4 checkpoint import > accepts and migrates the enumerated sha256:c9c07d6febe4afee7f7c27c991acdfa1c86b6c3a7f5dff8528d7fa5ad72e43a1 (projection-v31) identity 1020ms
   ✓ P04A REOPEN — enumerated prior protocol-4 checkpoint import > accepts and migrates the enumerated sha256:e64a3b659e4247b98631f1caa1f0e9eb0b6016aac92b0f46be590360ff9cee48 (projection-v30) identity 1048ms
   ✓ P04A REOPEN — enumerated prior protocol-4 checkpoint import > accepts and migrates the enumerated sha256:8b2569b1f925bedf214ee556841fe28b61e544f1f13bb4741c84a0a318e81a85 (projection-v29) identity 915ms
   ✓ P04A REOPEN — enumerated prior protocol-4 checkpoint import > accepts and migrates the enumerated sha256:c6ab1b2f181b7cbbd1b873a276f0be0516a505f258c3c9ad996042e43e096712 (projection-v28) identity 745ms
   ✓ P04A REOPEN — enumerated prior protocol-4 checkpoint import > accepts and migrates the enumerated sha256:97940e51e0566bed80231b223e5b7303a45d62db8d698f693e525eb244775211 (projection-v27) identity 946ms
   ✓ P04A REOPEN — enumerated prior protocol-4 checkpoint import > accepts and migrates the enumerated sha256:2b339a6a8b3e5add0726b7eaac9ce8746e235d8b6111a6816f890ff56afdffd1 (projection-v26) identity 1024ms
   ✓ P04A REOPEN — enumerated prior protocol-4 checkpoint import > accepts and migrates the enumerated sha256:fe9bf4558dc12abc5f258ba8b8f581242e06361cfbae8ae31d8c676f6c7a6460 (projection-v25) identity 1056ms
   ✓ P04A REOPEN — enumerated prior protocol-4 checkpoint import > accepts and migrates the enumerated sha256:204a71924bd8c2e8ae9af47591226894b3e42f62457da3cc20ed6b106ede611a (projection-v24) identity 1169ms
   ✓ P04A REOPEN — enumerated prior protocol-4 checkpoint import > accepts and migrates the enumerated sha256:ba9cd199704f66d375585d0bec2128c950618a3ba6a8cf0845a5550fde41659f (projection-v4-early) identity 1394ms
   ✓ P04A REOPEN — enumerated prior protocol-4 checkpoint import > accepts and migrates the enumerated sha256:f84ae77ec59a0d7ca7cdd89115456504ddecbde2c6e3839936e4951bd65bce61 (projection-v4) identity 1019ms
   ✓ P04A REOPEN — enumerated prior protocol-4 checkpoint import > accepts and migrates the enumerated sha256:be7ed660d04ed9b1056f48e946f86f26c10cab42b950a273d57ad9cba372f5bb (projection-v5) identity 814ms
   ✓ P04A REOPEN — enumerated prior protocol-4 checkpoint import > accepts and migrates the enumerated sha256:15033cf9ca43be65abcb25fc6f910f9487ac23056090126ec7d3e2353f6ce587 (projection-v6) identity 763ms
   ✓ P04A REOPEN — enumerated prior protocol-4 checkpoint import > accepts and migrates the enumerated sha256:7e3af4db0d3d18cdeaab00082e0034f304a9141f46ea87e9e64e5a99d985483c (projection-v7) identity 823ms
   ✓ P04A REOPEN — enumerated prior protocol-4 checkpoint import > accepts and migrates the enumerated sha256:0285e92f32c27cd2960df802b3f7ea156a15372f05001ad1f4964c2f25db55b5 (projection-v8) identity 964ms
   ✓ P04A REOPEN — enumerated prior protocol-4 checkpoint import > accepts and migrates the enumerated sha256:510f08e4a551827a30e0f3d93bbe09fa5ddadbd39366b4dcfa93530500c7979c (projection-v9-early) identity 1063ms
   ✓ P04A REOPEN — enumerated prior protocol-4 checkpoint import > accepts and migrates the enumerated sha256:80f2f0fcd14d1b25e713c2624286a6c05a98c53ea5cfcb2b47612f8c030f5e47 (projection-v9) identity 866ms
   ✓ P04A REOPEN — enumerated prior protocol-4 checkpoint import > accepts and migrates the enumerated sha256:92317ec179456cdc5bd5cc7c4ca47dd066b768a9e2e45519f1263ef921a211a4 (projection-v10) identity 720ms
   ✓ P04A REOPEN — enumerated prior protocol-4 checkpoint import > accepts and migrates the enumerated sha256:01f15efc8fc33fd810b051242857385ca23b5e1c775b357db1bfe5a70e907e1e (projection-v11) identity 951ms
   ✓ P04A REOPEN — enumerated prior protocol-4 checkpoint import > accepts and migrates the enumerated sha256:a481d14f3810ffbafcba2bbf509db7340263f3f0fd665a059507a1567d98923d (projection-v12-stale-urn) identity 799ms
   ✓ P04A REOPEN — enumerated prior protocol-4 checkpoint import > accepts and migrates the enumerated sha256:a6f374596e956800f9547ad538fdd859c01bda3460aac8b877279c67686c6f4b (projection-v12) identity 838ms
   ✓ P04A REOPEN — enumerated prior protocol-4 checkpoint import > accepts and migrates the enumerated sha256:0474ceafd6c148f329fe99eac328c79ed0b0caf906e0f7442b7f3cf0fe40cb4f (projection-v13) identity 831ms
   ✓ P04A REOPEN — enumerated prior protocol-4 checkpoint import > accepts and migrates the enumerated sha256:71529afdcb8e5cf645ab136efb9685256da0039e86d989bfab97b7b2cc5d9a8b (projection-v14) identity 682ms
   ✓ P04A REOPEN — enumerated prior protocol-4 checkpoint import > accepts and migrates the enumerated sha256:ddce1c399ac4ff58327b296a0600428ac3f3346b84f3639e66e48e53a65fbe99 (projection-v15) identity 921ms
   ✓ P04A REOPEN — enumerated prior protocol-4 checkpoint import > accepts and migrates the enumerated sha256:85a6d125960dce49b4775f842d7b56d7360c81cef3638cd819057c79c99f0236 (projection-v16) identity 977ms
   ✓ P04A REOPEN — enumerated prior protocol-4 checkpoint import > accepts and migrates the enumerated sha256:c9dad9f3d8bb94445db1a5425d90db3f9894da9354f47a07992ff96261cfc399 (projection-v17-early) identity 894ms
   ✓ P04A REOPEN — enumerated prior protocol-4 checkpoint import > accepts and migrates the enumerated sha256:eb95add0fc06a54d19998c4707dd0b0ba861a22cfee6d8e6631499beeea18e25 (projection-v17-w1b) identity 753ms
   ✓ P04A REOPEN — enumerated prior protocol-4 checkpoint import > accepts and migrates the enumerated sha256:18de162d1a9da3034378f71cec3d3b3f109ea91df8c1a8d40469924108b36e78 (projection-v17) identity 734ms
   ✓ P04A REOPEN — enumerated prior protocol-4 checkpoint import > accepts and migrates the enumerated sha256:ea5d645f34a472f4710b9273b225d6f15433d6d17ae8ed1af3c03686a225c8c4 (projection-v18) identity 675ms
   ✓ P04A REOPEN — enumerated prior protocol-4 checkpoint import > accepts and migrates the enumerated sha256:6a2c01feaf02c931a8c41bbf2090f8af003b89a492d77135d7aab2b42a8d3dc9 (projection-v19) identity 801ms
   ✓ P04A REOPEN — enumerated prior protocol-4 checkpoint import > accepts and migrates the enumerated sha256:d3338cb713385cc23414e6a17293a5900871764f0eeaed19698e17634e74740b (projection-v20) identity 781ms
   ✓ P04A REOPEN — enumerated prior protocol-4 checkpoint import > accepts and migrates the enumerated sha256:1bad05a95c284e64ceaef54c276f2dd0ccad8ca3ef1b12198068bb61b85198c9 (projection-v23) identity 681ms
   ✓ P04A REOPEN — enumerated prior protocol-4 checkpoint import > accepts and migrates the enumerated sha256:b779faa92227bd1f2e623ad04d0899c87e7ddc60ce43f9ae9c39a7626c20a83d (projection-v22) identity 833ms
   ✓ P04A REOPEN — enumerated prior protocol-4 checkpoint import > accepts and migrates the enumerated sha256:625377a2804a681da3be209da02850e221ae33ac5f58b727f6395736ad607ad1 (projection-v21) identity 757ms
   ✓ P04A REOPEN — enumerated prior protocol-4 checkpoint import > re-hydrates the migrated output via the normal current-schema path (write-read round trip, idempotent) 874ms
   ✓ P04A REOPEN — enumerated prior protocol-4 checkpoint import > never parses journal request/response bodies for a prior protocol-4 identity 777ms
 ✓ |core| tests/bridge-p14a1-market.test.ts (16 tests) 25047ms
   ✓ group 3: marketProposalAction (propose/revise/withdraw) > drafts propose/revise/withdraw through the draft-to-engine conversion, with affordability via canAfford 2027ms
   ✓ group 3: marketProposalAction (propose/revise/withdraw) > the profile's renew row does not yet surface underMarketCase once a case is open — the gap the case block must close 1390ms
   ✓ group 2: profile Contract case block > publishes status, the DERIVED decision-week label, and one row per proposal — the player's own re-derived at the read week, the rival's premium/salary/bonus an explicit UNKNOWN marker 1372ms
   ✓ group 2: profile Contract case block > no case block outside a case 971ms
   ✓ group 4: attention rows > a new competing proposal on a case the player has a proposal in 927ms
   ✓ group 4: attention rows > settlement completed 1177ms
   ✓ group 4: attention rows > a player proposal that would currently fail 1167ms
   ✓ group 4: attention rows > restricted to exactly the five named causes, and nothing else on the profile route (two causes not independently exercised — see header premises) 1319ms
   ✓ group 5: disclosure narrowing > the case block's disclosed fields never leak the rival's real figures, from every serialization surface — a rival tier that is not otherwise a public figure 1636ms
   ✓ group 5: disclosure narrowing > bridge/industry.ts's private-contract-terms rows and bridge/people.ts's contract:null for rival-employed people are UNCHANGED for a person outside any case 1097ms
   ✓ group 6: settlement on the wire > after the decision week the case reads settled with order-only reasons; the winner's employer/contract updates; the two industry receipts stay separate rows (no folded row — A.2's Pulse projection, not A.1) 1524ms
   ✓ group 7: save/load > a genuine V27 fixture loads through the bridge converted, with an empty market root and no case block for its in-window subject 1064ms
   ✓ group 7: save/load > a V28 save round-trips through the bridge save/load path, carrying legacyTerminations, at projection 46 602ms
   ✓ group 8: session-level marketProposalAction > quote -> commit -> stale revision -> revise -> withdraw -> a superseded intent after the state moved -> an unknown quote type, all through BridgeSession 8767ms
 ✓ |core| tests/bridge-p13b-s6-cancellation.test.ts (12 tests | 1 skipped) 101640ms
   ✓ P13B-S6-T3 item 2/3/4: Laboratory cancel-adoption row (lighting) — quote verbatim, commit through the bridge, stale refusal, adoption/equipment wire facts > the full lighting journey: row present with the engine quote, commit through the bridge, exact money trace, stale refusal, row disappears, adoption+equipment facts, reused-at-$0 on a second stage 20123ms
   ✓ P13B-S6-T3 item 2/3/4: Laboratory cancel-adoption row (lighting) — quote verbatim, commit through the bridge, stale refusal, adoption/equipment wire facts > no cancel-adoption row exists for an OPERATIONAL adoption (item 2: "rows absent for operational... placements") 13685ms
   ✓ P13B-S6-T3 item 2/3: Office cancel-<projectId> row — quote verbatim, commit through the bridge, offline/offlineUntilWeek, restoration never cancellable > the full Office II journey: row present with the engine quote, commit through the bridge, offline until the restoration completes, restoration itself never gets a cancel row 4246ms
   ✓ P13B-S6-T3 item 2: Plans page cancel-<projectId> row for a started plan's own placement > a Lab module installed through a queued plan (the proven p13aLaboratorySlice -> queue -> tick -> 'started' recipe) gets a cancel-<projectId> row on the Plans page, distinct from the terminal plan-cancel-<planId> row 2371ms
   ✓ P13B-S6-T3 item 5: finance category line for the refund week; the prior week's capex unchanged > the constructionRefund category appears only in the week the refund landed; week 303's capex category is byte-identical before and after 14497ms
   ✓ P13B-S6-T3 item 5: finance category line for the refund week; the prior week's capex unchanged > StudioFinanceFacility.status widens to accept 'cancelled' — the schema round-trip on a snapshot carrying a cancelled installation 14068ms
   ✓ P13B-S6-T3 item 6: history rows for cancellation/restoration on operationsEvents; player-safe; legacy cancellation:null unchanged > a restoration's own completion reuses the EXISTING constructionCompleted kind — no invented "cancellation"/"restoration" kind (S4 case-8 precedent) 13033ms
   ✓ P13B-S6-T3 item 6: history rows for cancellation/restoration on operationsEvents; player-safe; legacy cancellation:null unchanged > player-safe: an already-naturally-existing rival adoption never appears in this studio's own adoptions[]/equipment[]/cancel rows 11709ms
   ✓ P13B-S6-T3 item 6: history rows for cancellation/restoration on operationsEvents; player-safe; legacy cancellation:null unchanged > legacy behaviour unchanged: a live, never-cancelled adoption publishes cancelledWeek: null on the wire once the field exists 7901ms
 ✓ |core| tests/bridge-p13b-s4-office.test.ts (11 tests) 18686ms
   ✓ case 1: the founding office at week 12 — full quote parity on the wire; office null off the laboratory view > standard I, highest I, offline false, capacity 2, baselineWeeklyOperatingCost 0 (endowed); both conversion rows match the authoritative quote 1687ms
   ✓ case 1: the founding office at week 12 — full quote parity on the wire; office null off the laboratory view > intent kind: both immediate rows publish installationAction; both plan companions publish physicalPlanAction (adjudicated finding C, 2026-09-17) 650ms
   ✓ case 2: immediate iii conversion — engagement, reopening, standardAlreadyMet and the exact capex ledger row > commits, engages the body for 16 weeks, reopens at III, and writes one exact -$1,250,000 constructionCapex ledger row 2493ms
   ✓ case 3: placed office money on the wire > $5,500 baseline continues through a real weekly charge; II->III quotes $850,000/8 weeks with standardDuringWork I 1697ms
   ✓ case 4: plan companions — queue, start, hiding and the immediate-row lockout > plan-queue-office-convert-iii queues, starts, and offlines the body; the immediate rows lock out while it runs 2064ms
   ✓ case 4b: a LOWER conversion running immediately leaves a HIGHER companion offered (coordinator-named counter-scenario, 2026-09-17) > while office-convert-ii runs, the iii plan companion is still offered and the ii companion is hidden; queueing iii holds on /targetEngaged/ during the ii work 3350ms
   ✓ case 5: insufficient funds > both rows read insufficientFunds; plan companions still offered; a queued plan reads next.reason "insufficient cash" 1850ms
   ✓ case 6: stale revision > an office intent submitted with a stale expectedStateRevision is refused with STALE_REVISION, and that attempt changes nothing 2019ms
   ✓ case 7: player-safe — no rival facility id ever appears > a structurally injected rival facility id is refused as INVALID_CONTROL; no rival studio id leaks anywhere in the player's own office page 368ms
   ✓ case 8: history — the existing P09 facility-completed row, no invented "office" kind > the completed iii conversion writes one Opened: <name> row through the existing facilityCompleted mechanism, never a new kind 2504ms
 ❯ |core| tests/bridge-schema.test.ts (22 tests | 1 failed) 67686ms
   ✓ canonical Unity bridge schema > projects a real authoritative snapshot to the exact Unity DTO and validates the full envelope 8199ms
   ✓ canonical Unity bridge schema > keeps live location identities in the projection-v4 building namespace 41833ms
   × canonical Unity bridge schema > rejects missing, additional, wrong-enum, wrong-nullability, and old-projection data 4052ms
     → expected [Function] to throw error matching /expected literal 46/ but got '$.snapshotVersion: expected literal 47'
   ✓ canonical Unity bridge schema > preserves required nullable numeric fields through schema projection 3882ms
   ✓ canonical Unity bridge schema > models accepted load/command responses as one flat projection envelope 3361ms
   ✓ canonical Unity bridge schema > requires one closed structured rejection with non-empty guidance and a nullable holder 2187ms
   ✓ canonical Unity bridge schema > validates the session and health handshake envelopes 3971ms
 ✓ |core| tests/bridge-p13b-s3-plans.test.ts (11 tests) 19561ms
   ✓ case 1: a fresh studio publishes an empty plans page; plans is null off the plans view > snapshotVersion 36; rows and actions are both empty arrays on a fresh studio; laboratory view carries plans: null 1600ms
   ✓ case 2: the Laboratory-page acoustic companion queues, admits and appears on the plans page > plan-queue-acoustic-<lab> exists beside instruments-<lab> naming the cost/build-weeks/no-reservation facts; dispatching it queues a full row on the plans view; one bridge advance starts it, writing planQueued/planStarted history; the acoustic companion then disappears while electrical still offers 2929ms
   ✓ case 3: the envelope hold (insufficient cash) and the changed-quote hold (forged fingerprint) > a queued electrical plan with cash spent below its cost stays queued after an advance, with next.reason === "insufficient cash" 2668ms
   ✓ case 3: the envelope hold (insufficient cash) and the changed-quote hold (forged fingerprint) > a forged approvedQuote.fingerprint holds at the next boundary; plan-review-<planId> names the approved/pending figures; dispatching it re-queues with the pending fingerprint promoted, then it starts 2633ms
   ✓ case 4: cancel blocks its dependent; a started plan has no cancel row > cancelling the predecessor cancels it and blocks the dependent, naming it, with matching history rows; the cancel row disappears; an independently STARTED plan carries no cancel row at all 2433ms
   ✓ case 5: reorder > three independent queued plans: move-down swaps ordinals 1<->2 on the wire; move-up is disabled at the top and move-down at the bottom 2028ms
   ✓ case 5: reorder > a dependent immediately following its predecessor cannot move up: disabled with the engine's own "before its dependency" text 551ms
   ✓ case 6: admission mode toggle > the mode NOT currently set is the only admission action offered; dispatching it flips the row's admission 1799ms
   ✓ case 7: stale revision > a plans intent submitted with a stale expectedStateRevision is refused with STALE_REVISION, and that specific attempt changes nothing 2493ms
   ✓ case 8: player-safe — no rival plan, planId or facility ever appears > a genuine rival physical plan never appears on the player plans view, in no action id, and its studio id leaks nowhere in the page 413ms
 ✓ |core| tests/bridge-p13b-r07-setup.test.ts (13 tests) 47787ms
   ✓ requirement 2: each production snapshot gains setup: StudioProductionSetup | null > conventional ballroom: null pre-selection; admission at week 12 with 0 credited; a held rehearsal names the setup wait and a weeksRemaining consistent with the forecast; walked week-by-week to Shooting entry 16 9376ms
   ✓ requirement 3: setup-recipe-<productionId>-<recipeId> rows, offered pre-Shooting with a bound stage whose Set type matches the recipe — PREMISE: published as setupRecipeActions on the same productionOperations row > the eligible ballroom recipe row is enabled, carries productionId/recipeId/planRevision, intent kind productionSetupAction, no rejections 1636ms
   ✓ requirement 3: setup-recipe-<productionId>-<recipeId> rows, offered pre-Shooting with a bound stage whose Set type matches the recipe — PREMISE: published as setupRecipeActions on the same productionOperations row > a wrong-Set-type row (ordinary recipe on a ballroom-bound production) is disabled, names its own refusal, and enabled agrees with the refusal 1384ms
   ✓ requirement 3: setup-recipe-<productionId>-<recipeId> rows, offered pre-Shooting with a bound stage whose Set type matches the recipe — PREMISE: published as setupRecipeActions on the same productionOperations row > rows are absent once the production enters Shooting (legacy path: no recipe ever selected) 1322ms
   ✓ requirement 4: committing a recipe row through the bridge > writes exactly one setup record, advances stateRevision, refuses the same intent at the old revision, and the forecast matches setupForecast once the sweep visit admits it 7681ms
   ✓ requirement 5: ticking through the bridge credits one unit per week and enters Shooting at the forecast week, on all three measured fixtures; the four setup history kinds appear on the history view > conventional ballroom: admission 12 -> Shooting entry 16, history rows setupAdmitted/setupUnitCredited x4/setupCompleted, production-scoped 2184ms
   ✓ requirement 5: ticking through the bridge credits one unit per week and enters Shooting at the forecast week, on all three measured fixtures; the four setup history kinds appear on the history view > lighting ballroom: admission 807 -> Shooting entry 809, route "lighting" 17686ms
   ✓ requirement 5: ticking through the bridge credits one unit per week and enters Shooting at the forecast week, on all three measured fixtures; the four setup history kinds appear on the history view > ordinary interior: admission 4 -> Shooting entry 5, both routes agree at 1 unit 1702ms
   ✓ requirement 6: player-safe; a legacy production publishes setup: null with its schedule unchanged > every productionOperations row belongs to this studio's own activeProductions — MEASURED: the engine has no rival production model to leak (operations/placement are single, player-scoped roots, the same fact tests/bridge-p13b-s4-office.test.ts case 7 and tests/bridge-p13b-s5-adoption.test.ts requirement 6 both rely on for their own rival-injection idiom) 1508ms
   ✓ requirement 6: player-safe; a legacy production publishes setup: null with its schedule unchanged > legacy timeline byte-identical through the bridge: a production that never selects a recipe publishes setup: null and today's exact (unheld) schedule 2071ms
   ✓ extra pin (parent instruction): the bridge's save/load "converted" report against the CURRENT save version, not a stale literal 23 (bridge/session.ts:123) > RED: a genuine CURRENT (live-version) checkpoint saved and reloaded through the SAME bridge session reports converted: false 1231ms
 ✓ |core| tests/bridge-p13b-s8-rivals.test.ts (17 tests) 23090ms
   ✓ P13B-S8-T3 item 1: projection version bump 40 -> 41; converted flag > converted: false for a genuine current live-version save, round-tripped through save()/load() on the SAME session (regression guard — matches tests/bridge-p13b-r07-setup.test.ts's own now-fixed case) 2007ms
   ✓ P13B-S8-T3 item 1: projection version bump 40 -> 41; converted flag > converted: true BY CONSTRUCTION for a genuine V26 fixture load (legacy-v26-lighting-restored-795, saveVersion 26 !== LIVE_SAVE_VERSION) — see header for why this cannot be a directly observed wire boolean through the current session API 1233ms
   ✓ P13B-S8-T3 item 2: Industry page rival technology facts — laboratoryOperational publishes; the other four kinds do not; existing kinds unchanged > laboratoryCommitted, instrumentOperational, researchSeatAssigned and researchCompleted receipts yield NO activity row (regression guard — already true today; natural week 277, all four kinds genuinely present and within the 13-week pulse window) 398ms
   ✓ P13B-S8-T3 item 3: rival finance exposed only through existing public standings > researchCapacity, technologyRestoration and technologyRefund never appear on the industry pulse page, the Laboratory page, or session.snapshot() (week 13: researchCapacity is genuinely nonzero from real rival Lab admission) 685ms
   ✓ P13B-S8-T3 item 3: rival finance exposed only through existing public standings > the player's own finance researchSpend channel reads $0 in every window even while the rival's real researchSpend is nonzero elsewhere in the same state (week 288) 1288ms
   ✓ P13B-S8-T3 item 5: the bridge accepts a real S8 state on snapshot(); history projections ignore the five kinds > session.snapshot() does not throw on a naturally-reached state carrying all five S8 receipt kinds and genuinely nonzero researchCapacity/researchSpend (week 288) 754ms
   ✓ P13B-S8-T3 item 5: the bridge accepts a real S8 state on snapshot(); history projections ignore the five kinds > the player's own History (historyProjection, a disjoint root from IndustryReceipt) is untouched: session.snapshot() does not throw and its history section mentions none of the five kinds (week 288) 1078ms
   ✓ P13B-S8-T3 item 6: live-version save round-trip, Save As, genuine V26 fixture loads > a live-version save round-trips through the bridge byte-identically (week 288, real S8 facts: all five receipt kinds, nonzero researchCapacity/researchSpend) 6221ms
   ✓ P13B-S8-T3 item 6: live-version save round-trip, Save As, genuine V26 fixture loads > a Save As world keeps the same rival receipts and publishes identical industry rows (week 13, natural rival Lab facts) 5055ms
   ✓ P13B-S8-T3 item 6: live-version save round-trip, Save As, genuine V26 fixture loads > the three genuine V26 fixtures load through the bridge (sha256 verified) and their industry pulse page carries no S8-kind text anywhere (V26 predates S8; converted true by construction as item 1 documents) 3976ms
stdout | tests/bridge-p11-ready.test.ts > P11 recorded trends and full portfolio > bounds a120-year recorded query to13/52 points with exact totals and no calendar-year invention
{"kind":"p11-long-history-query-measurement","classification":"synthetic query-scale fixture; not played campaign evidence","weeks":6240,"ledgerEntries":6240,"elapsedMilliseconds":1.0676339999990887,"historyJsonBytes":101456,"syntheticStateJsonBytes":769575,"pointCounts":[13,52]}

 ✓ |core| tests/bridge-p11-ready.test.ts (17 tests) 41186ms
   ✓ P11 ready Upcoming and discarded financial successors > migrates authentic core25 without relabeling its bytes; strict26 includes a nullable Week0 history 2095ms
   ✓ P11 ready Upcoming and discarded financial successors > keeps completion and first Opex distinct, including the just-completed operational office 972ms
   ✓ P11 ready Upcoming and discarded financial successors > retains already-open renewal dates; expiry pays its final preceding advance only 5492ms
   ✓ P11 ready Upcoming and discarded financial successors > publishes only the existing public revenue aggregates and does not serialize locked weekly receipts 705ms
   ✓ P11 ready Upcoming and discarded financial successors > dates only an actually committed Set repair and adds no completion debit or new recurring cost 1406ms
   ✓ P11 ready Upcoming and discarded financial successors > release: exact pennies/guarantees and recurring costs agree with the real committed successor 2674ms
   ✓ P11 ready Upcoming and discarded financial successors > renew: RE-EXPRESSED under the market law — the renew quote is the engine's own underMarketCase refusal, and the same person's renewal is reachable as the incumbent's proposal 4756ms
   ✓ P11 ready Upcoming and discarded financial successors > a refused renewal has no financial successor and cannot become a commit 1252ms
   ✓ P11 ready Upcoming and discarded financial successors > release remains legal when the actual termination payment takes already-negative Cash further down 2277ms
   ✓ P11 ready Upcoming and discarded financial successors > immediate Greenlight pays the exact quoted financial amount once and replaces the project row by its real production 2878ms
   ✓ P11 ready Upcoming and discarded financial successors > hire reads the real successor, including a new seat; preview remains observation/RNG neutral 2677ms
   ✓ P11 ready Upcoming and discarded financial successors > queued Greenlight pays nothing now and remains one uncommitted canonical screenplay row 1874ms
   ✓ P11 recorded trends and full portfolio > serves the actual21-film/6240-advance public diagnostic as exact unique rows and52 completed history points 5072ms
   ✓ P11 recorded trends and full portfolio > covers Development/review, Ready Casting, Production, Post and Release Ready through actual fixture action chains 5271ms
   ✓ P11 recorded trends and full portfolio > keeps exact film identities, public phases and the accepted per-film economics 929ms
   ✓ P11 recorded trends and full portfolio > each cost point and period comes from the exact ledger category; missing partial values stay null 765ms
 ✓ |core| tests/bridge-p10a-w0-people-projection.test.ts (10 tests) 8573ms
   ✓ P10A W0 — people projection > R1 privacy: nothing hidden crosses; every profile is a stable Talent record 492ms
   ✓ P10A W0 — people projection > R8 grouped attention lists each person at most once, by the highest tier; contract horizons come from the contract alone 5483ms
   ✓ P10A W0 — people projection > R9 the served section is projection 32 and the projection-17/18 identities stay accepted 772ms
   ✓ P10A W0 — people projection > R10 a genuine V16 control migrates without changing any original person 1094ms
 ✓ |core| tests/bridge-r3n4-read-model-deltas.test.ts (9 tests) 1620ms
   ✓ R3-N4-SIM-20 — batched N4/N5/N6 read-model deltas (projection 31) > N6: finance attention keeps its three sentences and its order, and routes only where a route exists 305ms
   ✓ R3-N4-SIM-20 — batched N4/N5/N6 read-model deltas (projection 31) > serves the whole bundle under the regenerated schema with the new fields present 1005ms
 ✓ |core| tests/bridge-operations-events.test.ts (6 tests) 2140ms
   ✓ R3-N7-SIM-01 — operationsEventsProjection (projection 32) > L1 publishes every kind and every row in the log, week-descending 528ms
   ✓ R3-N7-SIM-01 — operationsEventsProjection (projection 32) > L6 is pure, mutates nothing, and validates inside the served projection-46 envelope 1588ms
 ✓ |core| tests/bridge-p13b-s5-adoption.test.ts (11 tests) 75602ms
   ✓ requirement 1: laboratory.adoptions[] structured rows and per-row StudioAdoptionQuote > a committed lighting adoption appears on adoptions[] with technologyId/route/committedWeek/operationalWeek/components/equipmentAssetId/postFacilityId 17610ms
   ✓ requirement 1: laboratory.adoptions[] structured rows and per-row StudioAdoptionQuote > the adopt-lighting-control-01-<stage> action row carries intent.kind "adoptTechnology" and a quote equal to the engine's own adoptionQuote (minus its ok flag) 347ms
   ✓ requirement 2: lighting rows are access-gated for presence and quote the exact 100,000 first-prototype total > no adopt-lighting-control-01-* row exists anywhere before lighting access is acquired 14057ms
   ✓ requirement 3: sound rows keep P13A stage+Post pairing, existing-Post reuse at $0 > a second stage's sound row reuses the first stage's operational Post: reusedPostFacilityId set, the Post component existing/$0 9687ms
   ✓ requirement 4: committing an adopt row through the bridge (engine-truth components, revision advance, stale refusal, row disappears) > commits exactly one adoption with the wire-quoted components, advances stateRevision, refuses the same intent at the old revision, and the committed stage's own row disappears 4187ms
   ✓ per-technology stage rule: a stage with an adoption of one technology still offers the other, never the same one again > after committing sound on a stage, that stage's own sound row is gone but its lighting row is still offered 18531ms
   ✓ requirement 5: plan-queue-adopt-<technologyId>-<stageFacilityId> companions never mint an adoption and follow the S4 reachable-hide rule > queues the stage-installation blueprint through queuePhysicalPlan, mints no adoption, and then hides itself once queued (duplicate-queue rule) 2926ms
   ✓ requirement 6: refusal disclosure and player-safety on a row whose engine quote is refused > a sound row before access is acquired publishes the engine's own refusal/rejections, agrees with disabledReason, and the underlying action throws that exact text 8233ms
 ✓ |core| tests/bridge-p06-checkpoint-recovery.test.ts (11 tests) 12550ms
   ✓ AUD-001 — frozen P06 checkpoint recovery > loads 'Ready with no explicit save' through the governed predecessor path 1322ms
   ✓ AUD-001 — frozen P06 checkpoint recovery > loads 'Committed with distinct Ready save an…' through the governed predecessor path 1742ms
   ✓ AUD-001 — frozen P06 checkpoint recovery > persists 'Ready with no explicit save' once and reopens without remigration 2805ms
   ✓ AUD-001 — frozen P06 checkpoint recovery > persists 'Committed with distinct Ready save an…' once and reopens without remigration 4674ms
   ✓ AUD-001 — frozen P06 checkpoint recovery > preserves the predecessor if the migration write fails 1633ms
 ✓ |core| tests/bridge-owner-ux-projection20-migration.test.ts (10 tests) 26624ms
   ✓ Owner UX outgoing projection20 migration > migrates 'frozen Week105 null slot' without changing either V18 gameplay slot 2593ms
   ✓ Owner UX outgoing projection20 migration > migrates 'frozen R12 Week106 null slot and genu…' without changing either V18 gameplay slot 1663ms
   ✓ Owner UX outgoing projection20 migration > migrates 'constructed distinct-slot envelope fr…' without changing either V18 gameplay slot 2311ms
   ✓ Owner UX outgoing projection20 migration > persists 'frozen Week105 null slot' once, then preserves the new session on restart 2776ms
   ✓ Owner UX outgoing projection20 migration > persists 'frozen R12 Week106 null slot and genu…' once, then preserves the new session on restart 3045ms
   ✓ Owner UX outgoing projection20 migration > persists 'constructed distinct-slot envelope fr…' once, then preserves the new session on restart 3577ms
   ✓ Owner UX outgoing projection20 migration > preserves current-schema journal/session and exact Save retries after real published advance 8746ms
   ✓ Owner UX outgoing projection20 migration > leaves both predecessor slots and journal intact when migration persistence fails 1621ms
 ✓ |core| tests/bridge-p13b-s1b-seats.test.ts (8 tests) 17557ms
   ✓ P13B-S1b Laboratory seats read model (projection 46 after P14B.2) > a. fresh Laboratory with no project publishes empty seats/receipts, zero weekly and snapshotVersion 38 607ms
   ✓ P13B-S1b Laboratory seats read model (projection 46 after P14B.2) > b. four staffed seats publish assignment-order rows, three ascending receipts and the current week quote 328ms
   ✓ P13B-S1b Laboratory seats read model (projection 46 after P14B.2) > d. a released seat keeps its history row; the quote drops to three seats; the next receipt names three ids 530ms
 ✓ |core| tests/bridge-p11-capital-contributors.test.ts (6 tests) 9402ms
   ✓ P11 recorded facility capital contributors over the real bridge > hydrates genuine outgoing projection24 and joins four original payments to exact construction events 2120ms
   ✓ P11 recorded facility capital contributors over the real bridge > preserves same-name site identities across periods, completion and history windows 3005ms
   ✓ P11 recorded facility capital contributors over the real bridge > keeps bounded overflow explicit and its signed amounts reconcilable to the category 713ms
   ✓ P11 recorded facility capital contributors over the real bridge > never uses history as amount authority or guesses a demolished site from its title or ledger note 731ms
   ✓ P11 recorded facility capital contributors over the real bridge > caps a real 26-purchase history at 20 without hiding the remaining payments 1641ms
   ✓ P11 recorded facility capital contributors over the real bridge > excludes the checkpoint prefix and keeps partial-period capital coverage honest 1190ms
 ✓ |core| tests/bridge-owner-ux-projection21-schema.test.ts (9 tests) 33651ms
   ✓ Owner UX projection21 public field wire boundary > parses actual current snapshot, Save, and Load envelopes 7275ms
   ✓ Owner UX projection21 public field wire boundary > requires savedSlot rather than silently defaulting it 4545ms
   ✓ Owner UX projection21 public field wire boundary > rejects malformed/fabricated slot metadata 0 4292ms
   ✓ Owner UX projection21 public field wire boundary > rejects malformed/fabricated slot metadata 1 3806ms
   ✓ Owner UX projection21 public field wire boundary > rejects malformed/fabricated slot metadata 2 2947ms
   ✓ Owner UX projection21 public field wire boundary > rejects malformed/fabricated slot metadata 3 3144ms
   ✓ Owner UX projection21 public field wire boundary > rejects malformed/fabricated slot metadata 4 4222ms
   ✓ Owner UX projection21 public field wire boundary > accepts public fractional and known-zero cells, rejects hidden values and malformed cells 3413ms
 ✓ |core| tests/bridge-p14b2-checkpoint.test.ts (2 tests) 3246ms
   ✓ P14B.2 outgoing projection45 runtime compatibility (Save29 unchanged) > opens genuine45 with a new session while preserving both distinct gameplay slots byte-for-byte 3158ms
 ❯ |core| tests/bridge-p13-campaign-isolation.test.ts (1 test | 1 failed) 73056ms
   × P13A research authority across named campaign operations > Save As branches real research, inactive and renamed campaigns stay frozen, and a new campaign receives none of their authority 73054ms
     → Test timed out in 60000ms.
If this is a long-running test, pass a timeout value as the last argument or configure it globally with "testTimeout".
 ✓ |core| tests/bridge-p13b-s2-labs.test.ts (10 tests) 176278ms
   ✓ case 1: a fresh Laboratory publishes snapshotVersion 38 and an empty projects array > a Laboratory with no research project at all reports laboratory.projects === [] 1713ms
   ✓ case 2: seating is lawful before a brief's research opens; the wire dates the wait instead of hiding the brief > before week 780 (week 263, S1-style state): both the sound and lighting assign rows exist for a free employed person; the lighting row's detail names the wait, the sound row's does not (sound opened 260); dispatching the lighting assign through the bridge is accepted, publishing a paused lighting project whose bottleneckLabel also names the wait; its begin row is disabled with the same engine text 13363ms
   ✓ case 2: seating is lawful before a brief's research opens; the wire dates the wait instead of hiding the brief > at week 780 (two-Laboratory world): both briefs are open, so no assign row still names the wait > every free employed person has BOTH technologies' assign rows on EACH Laboratory, neither detail mentions the wait, and the underlying spec carries technologyId 383ms
   ✓ case 3: two full Laboratories — the shared project reads identically from both pages > dispatches 4+4 sound assign rows through the bridge on both Laboratories, funds the full $80,000 ceiling through the bridge's own budget row (the S2-T6 gap that used to cap this menu at $40,000 was closed 2026-09-16 — the menu now reaches 60,000/80,000) and begins through the bridge; before the first tick both pages already report companion test 4 case (i) (7 funded weeks remain, 0 of 64 verified units); one bridge-advanced week reproduces case (i) exactly (output 9.75, units 1,560,000) on both pages 57694ms
   ✓ case 4: two technologies staffed on one Laboratory > lists two projects rows in stable id order; every project's progressLabel names its own verifiedWork/work; each fully-funded 2-seat project's cooperationLabel reads "One Laboratory: 2 seats" with the real $20,000/60,000 figures; the fifth assign for EITHER technology on this Laboratory is refused with "four seats" 34418ms
   ✓ case 5: a third Laboratory is refused on the wire > a real, completed third Laboratory (placed and its build time elapsed — the same construction tests/p13b-s2-labs.test.ts's own base3Setup uses for the identical core-level "test 3" case) publishes its assign row disabled with the engine's own "third Laboratory" refusal 10303ms
   ✓ case 6: a migrated V21 fixture keeps its honest single-pool receipts on the wire > loads through BridgeSession.fromSaveJson (a genuine V21 fixture, migrated on import): the sound project's three stored receipts read labs:null; the lighting project's three receipts each read one derived row; the next quoted week splits 4+2 seats at $60,000 into $40,000/$20,000, output 7.875 1376ms
   ✓ case 7: releasing a seat through the bridge recomputes the funding split > releasing one of Lab 2's two sound seats (4+2 -> 4+1) through the bridge recomputes next week's split to $40,000/$10,000, output 6.9375 8373ms
   ✓ case 8: player-safe — no rival project, seat or talent id ever appears > the Laboratory page names only the player studio's own project and talent ids 7370ms

⎯⎯⎯⎯⎯⎯⎯ Failed Tests 2 ⎯⎯⎯⎯⎯⎯⎯

 FAIL |core|  tests/bridge-p13-campaign-isolation.test.ts > P13A research authority across named campaign operations > Save As branches real research, inactive and renamed campaigns stay frozen, and a new campaign receives none of their authority
Error: Test timed out in 60000ms.
If this is a long-running test, pass a timeout value as the last argument or configure it globally with "testTimeout".
⎯⎯⎯⎯⎯⎯⎯⎯⎯⎯⎯⎯⎯⎯⎯⎯⎯⎯⎯⎯⎯⎯⎯⎯[1/2]⎯

 FAIL |core|  tests/bridge-schema.test.ts > canonical Unity bridge schema > rejects missing, additional, wrong-enum, wrong-nullability, and old-projection data
AssertionError: expected [Function] to throw error matching /expected literal 46/ but got '$.snapshotVersion: expected literal 47'

- Expected: 
/expected literal 46/

+ Received: 
"$.snapshotVersion: expected literal 47"

 ❯ tests/bridge-schema.test.ts:341:61
    339|     const oldProjection = { ...clone(envelope), snapshotVersion: 24 }
    340|     expect(PROJECTION_VERSION).toBe(47)
    341|     expect(() => parseWireValue(definition, oldProjection)).toThrow(/e…
       |                                                             ^
    342| 
    343|     const missingSection = clone(envelope)

⎯⎯⎯⎯⎯⎯⎯⎯⎯⎯⎯⎯⎯⎯⎯⎯⎯⎯⎯⎯⎯⎯⎯⎯[2/2]⎯

 Test Files  2 failed | 24 passed (26)
      Tests  2 failed | 365 passed | 2 todo (369)
   Start at  16:03:35
   Duration  442.84s (transform 6.21s, setup 0ms, collect 75.07s, tests 1200.59s, environment 8ms, prepare 5.47s)

EXIT=1
Mon Sep 21 14:10:58 UTC 2026
