Mon Sep 21 14:28:12 UTC 2026

 RUN  v2.1.9 /Users/zacheryspector/The-Movies-headless-program

stdout | tests/zz-600-t2-probe.test.ts > probe rivalWorlds prerequisites
w7 studio-aca408ec-r01 film=studio-aca408ec-r01:film:0 lead=person-studio-aca408ec-r01-4(actor,34) openBound=[] anyRoots=0 boundByIssuer=0 | antagonist=person-studio-aca408ec-r01-3(actor,40) openBound=[] anyRoots=0 boundByIssuer=0 | support=person-studio-aca408ec-r01-2(actor,30) openBound=[] anyRoots=0 boundByIssuer=0
w7 studio-aca408ec-r03 film=studio-aca408ec-r03:film:0 lead=person-studio-aca408ec-r03-3(actor,31) openBound=[] anyRoots=0 boundByIssuer=0 | antagonist=person-studio-aca408ec-r03-2(actor,28) openBound=[] anyRoots=0 boundByIssuer=0 | support=person-studio-aca408ec-r03-4(actor,28) openBound=[] anyRoots=0 boundByIssuer=0
w8 studio-aca408ec-r02 film=studio-aca408ec-r02:film:0 lead=person-studio-aca408ec-r02-3(actor,54) openBound=[] anyRoots=0 boundByIssuer=0 | antagonist=person-studio-aca408ec-r02-4(actor,43) openBound=[] anyRoots=0 boundByIssuer=0 | support=person-studio-aca408ec-r02-2(actor,40) openBound=[] anyRoots=0 boundByIssuer=0
w8 studio-aca408ec-r04 film=studio-aca408ec-r04:film:0 lead=person-studio-aca408ec-r04-3(actor,42) openBound=[] anyRoots=0 boundByIssuer=0 | antagonist=person-studio-aca408ec-r04-2(actor,34) openBound=[] anyRoots=0 boundByIssuer=0 | support=person-studio-aca408ec-r04-4(actor,35) openBound=[] anyRoots=0 boundByIssuer=0
w16 studio-aca408ec-r01 film=studio-aca408ec-r01:film:1 lead=person-studio-aca408ec-r01-4(actor,34) openBound=[] anyRoots=0 boundByIssuer=0 | antagonist=person-studio-aca408ec-r01-2(actor,30) openBound=[] anyRoots=0 boundByIssuer=0 | support=person-studio-aca408ec-r01-3(actor,40) openBound=[] anyRoots=0 boundByIssuer=0
w16 studio-aca408ec-r03 film=studio-aca408ec-r03:film:1 lead=person-studio-aca408ec-r03-3(actor,31) openBound=[] anyRoots=0 boundByIssuer=0 | antagonist=person-studio-aca408ec-r03-2(actor,28) openBound=[] anyRoots=0 boundByIssuer=0 | support=person-studio-aca408ec-r03-4(actor,28) openBound=[] anyRoots=0 boundByIssuer=0
w17 studio-aca408ec-r02 film=studio-aca408ec-r02:film:1 lead=person-studio-aca408ec-r02-4(actor,43) openBound=[] anyRoots=0 boundByIssuer=0 | antagonist=person-studio-aca408ec-r02-3(actor,54) openBound=[] anyRoots=0 boundByIssuer=0 | support=person-studio-aca408ec-r02-2(actor,40) openBound=[] anyRoots=0 boundByIssuer=0
w17 studio-aca408ec-r04 film=studio-aca408ec-r04:film:1 lead=person-studio-aca408ec-r04-3(actor,42) openBound=[] anyRoots=0 boundByIssuer=0 | antagonist=person-studio-aca408ec-r04-2(actor,34) openBound=[] anyRoots=0 boundByIssuer=0 | support=person-studio-aca408ec-r04-4(actor,35) openBound=[] anyRoots=0 boundByIssuer=0
w25 studio-aca408ec-r01 film=studio-aca408ec-r01:film:2 lead=person-studio-aca408ec-r01-4(actor,34) openBound=[] anyRoots=0 boundByIssuer=0 | antagonist=person-studio-aca408ec-r01-3(actor,40) openBound=[] anyRoots=0 boundByIssuer=0 | support=person-studio-aca408ec-r01-2(actor,30) openBound=[] anyRoots=0 boundByIssuer=0
w25 studio-aca408ec-r03 film=studio-aca408ec-r03:film:2 lead=person-studio-aca408ec-r03-3(actor,31) openBound=[] anyRoots=0 boundByIssuer=0 | antagonist=person-studio-aca408ec-r03-2(actor,28) openBound=[] anyRoots=0 boundByIssuer=0 | support=person-studio-aca408ec-r03-4(actor,28) openBound=[] anyRoots=0 boundByIssuer=0
w26 studio-aca408ec-r02 film=studio-aca408ec-r02:film:2 lead=person-studio-aca408ec-r02-4(actor,43) openBound=[] anyRoots=0 boundByIssuer=0 | antagonist=person-studio-aca408ec-r02-3(actor,54) openBound=[] anyRoots=0 boundByIssuer=0 | support=person-studio-aca408ec-r02-2(actor,40) openBound=[] anyRoots=0 boundByIssuer=0
w26 studio-aca408ec-r04 film=studio-aca408ec-r04:film:2 lead=person-studio-aca408ec-r04-3(actor,42) openBound=[] anyRoots=0 boundByIssuer=0 | antagonist=person-studio-aca408ec-r04-2(actor,34) openBound=[] anyRoots=0 boundByIssuer=0 | support=person-studio-aca408ec-r04-4(actor,35) openBound=[] anyRoots=0 boundByIssuer=0
w34 studio-aca408ec-r01 film=studio-aca408ec-r01:film:3 lead=person-studio-aca408ec-r01-4(actor,34) openBound=[] anyRoots=0 boundByIssuer=0 | antagonist=person-studio-aca408ec-r01-3(actor,40) openBound=[] anyRoots=0 boundByIssuer=0 | support=person-studio-aca408ec-r01-2(actor,30) openBound=[] anyRoots=0 boundByIssuer=0
w34 studio-aca408ec-r03 film=studio-aca408ec-r03:film:3 lead=person-studio-aca408ec-r03-3(actor,31) openBound=[] anyRoots=0 boundByIssuer=0 | antagonist=person-studio-aca408ec-r03-2(actor,28) openBound=[] anyRoots=0 boundByIssuer=0 | support=person-studio-aca408ec-r03-4(actor,28) openBound=[] anyRoots=0 boundByIssuer=0
w35 studio-aca408ec-r02 film=studio-aca408ec-r02:film:3 lead=person-studio-aca408ec-r02-3(actor,54) openBound=[] anyRoots=0 boundByIssuer=0 | antagonist=person-studio-aca408ec-r02-4(actor,43) openBound=[] anyRoots=0 boundByIssuer=0 | support=person-studio-aca408ec-r02-2(actor,40) openBound=[] anyRoots=0 boundByIssuer=0
w35 studio-aca408ec-r04 film=studio-aca408ec-r04:film:3 lead=person-studio-aca408ec-r04-3(actor,42) openBound=[] anyRoots=0 boundByIssuer=0 | antagonist=person-studio-aca408ec-r04-2(actor,34) openBound=[] anyRoots=0 boundByIssuer=0 | support=person-studio-aca408ec-r04-4(actor,35) openBound=[] anyRoots=0 boundByIssuer=0
w43 studio-aca408ec-r01 film=studio-aca408ec-r01:film:4 lead=person-studio-aca408ec-r01-4(actor,34) openBound=[] anyRoots=0 boundByIssuer=0 | antagonist=person-studio-aca408ec-r01-2(actor,30) openBound=[] anyRoots=0 boundByIssuer=0 | support=person-studio-aca408ec-r01-3(actor,40) openBound=[] anyRoots=0 boundByIssuer=0
w43 studio-aca408ec-r03 film=studio-aca408ec-r03:film:4 lead=person-studio-aca408ec-r03-3(actor,31) openBound=[] anyRoots=0 boundByIssuer=0 | antagonist=person-studio-aca408ec-r03-2(actor,28) openBound=[] anyRoots=0 boundByIssuer=0 | support=person-studio-aca408ec-r03-4(actor,28) openBound=[] anyRoots=0 boundByIssuer=0
w44 studio-aca408ec-r02 film=studio-aca408ec-r02:film:4 lead=person-studio-aca408ec-r02-4(actor,43) openBound=[] anyRoots=0 boundByIssuer=0 | antagonist=person-studio-aca408ec-r02-3(actor,54) openBound=[] anyRoots=0 boundByIssuer=0 | support=person-studio-aca408ec-r02-2(actor,40) openBound=[] anyRoots=0 boundByIssuer=0
w44 studio-aca408ec-r04 film=studio-aca408ec-r04:film:4 lead=person-studio-aca408ec-r04-3(actor,42) openBound=[] anyRoots=0 boundByIssuer=0 | antagonist=person-studio-aca408ec-r04-2(actor,34) openBound=[] anyRoots=0 boundByIssuer=0 | support=person-studio-aca408ec-r04-4(actor,35) openBound=[] anyRoots=0 boundByIssuer=0
w52 studio-aca408ec-r01 film=studio-aca408ec-r01:film:5 lead=person-studio-aca408ec-r01-4(actor,34) openBound=[] anyRoots=0 boundByIssuer=0 | antagonist=person-studio-aca408ec-r01-3(actor,40) openBound=[] anyRoots=0 boundByIssuer=0 | support=person-studio-aca408ec-r01-2(actor,30) openBound=[] anyRoots=0 boundByIssuer=0
w52 studio-aca408ec-r03 film=studio-aca408ec-r03:film:5 lead=person-studio-aca408ec-r03-3(actor,31) openBound=[] anyRoots=0 boundByIssuer=0 | antagonist=person-studio-aca408ec-r03-2(actor,28) openBound=[] anyRoots=0 boundByIssuer=0 | support=person-studio-aca408ec-r03-4(actor,28) openBound=[] anyRoots=0 boundByIssuer=0
w53 studio-aca408ec-r02 film=studio-aca408ec-r02:film:5 lead=person-studio-aca408ec-r02-4(actor,43) openBound=[] anyRoots=0 boundByIssuer=0 | antagonist=person-studio-aca408ec-r02-3(actor,54) openBound=[] anyRoots=0 boundByIssuer=0 | support=person-studio-aca408ec-r02-2(actor,40) openBound=[] anyRoots=0 boundByIssuer=0
w56 studio-aca408ec-r04 film=studio-aca408ec-r04:film:6 lead=person-studio-aca408ec-r04-3(actor,42) openBound=[] anyRoots=0 boundByIssuer=0 | antagonist=person-studio-aca408ec-r04-2(actor,34) openBound=[] anyRoots=0 boundByIssuer=0 | support=person-studio-aca408ec-r04-4(actor,35) openBound=[] anyRoots=0 boundByIssuer=0
w61 studio-aca408ec-r03 film=studio-aca408ec-r03:film:6 lead=person-studio-aca408ec-r03-2(actor,28) openBound=[] anyRoots=0 boundByIssuer=0 | antagonist=person-studio-aca408ec-r03-3(actor,31) openBound=[] anyRoots=0 boundByIssuer=0 | support=person-studio-aca408ec-r03-4(actor,28) openBound=[] anyRoots=0 boundByIssuer=0
w62 studio-aca408ec-r02 film=studio-aca408ec-r02:film:6 lead=person-studio-aca408ec-r02-4(actor,43) openBound=[] anyRoots=0 boundByIssuer=0 | antagonist=person-studio-aca408ec-r02-3(actor,54) openBound=[] anyRoots=0 boundByIssuer=0 | support=person-studio-aca408ec-r02-2(actor,40) openBound=[] anyRoots=0 boundByIssuer=0
w64 studio-aca408ec-r01 film=studio-aca408ec-r01:film:7 lead=person-studio-aca408ec-r01-4(actor,34) openBound=[] anyRoots=0 boundByIssuer=0 | antagonist=person-studio-aca408ec-r01-3(actor,40) openBound=[] anyRoots=0 boundByIssuer=0 | support=person-studio-aca408ec-r01-2(actor,30) openBound=[] anyRoots=0 boundByIssuer=0
w68 studio-aca408ec-r04 film=studio-aca408ec-r04:film:7 lead=person-studio-aca408ec-r04-3(actor,42) openBound=[] anyRoots=0 boundByIssuer=0 | antagonist=person-studio-aca408ec-r04-2(actor,34) openBound=[] anyRoots=0 boundByIssuer=0 | support=person-studio-aca408ec-r04-4(actor,35) openBound=[] anyRoots=0 boundByIssuer=0
w70 studio-aca408ec-r03 film=studio-aca408ec-r03:film:7 lead=person-studio-aca408ec-r03-3(actor,31) openBound=[] anyRoots=0 boundByIssuer=0 | antagonist=person-studio-aca408ec-r03-2(actor,28) openBound=[] anyRoots=0 boundByIssuer=0 | support=person-studio-aca408ec-r03-4(actor,28) openBound=[] anyRoots=0 boundByIssuer=0
w71 studio-aca408ec-r02 film=studio-aca408ec-r02:film:7 lead=person-studio-aca408ec-r02-4(actor,43) openBound=[] anyRoots=0 boundByIssuer=0 | antagonist=person-studio-aca408ec-r02-3(actor,54) openBound=[] anyRoots=0 boundByIssuer=0 | support=person-studio-aca408ec-r02-2(actor,40) openBound=[] anyRoots=0 boundByIssuer=0
w76 studio-aca408ec-r01 film=studio-aca408ec-r01:film:8 lead=person-studio-aca408ec-r01-4(actor,34) openBound=[] anyRoots=0 boundByIssuer=0 | antagonist=person-studio-aca408ec-r01-2(actor,30) openBound=[] anyRoots=0 boundByIssuer=0 | support=person-studio-aca408ec-r01-3(actor,40) openBound=[] anyRoots=0 boundByIssuer=0
w79 studio-aca408ec-r03 film=studio-aca408ec-r03:film:8 lead=person-studio-aca408ec-r03-3(actor,31) openBound=[] anyRoots=0 boundByIssuer=0 | antagonist=person-studio-aca408ec-r03-2(actor,28) openBound=[] anyRoots=0 boundByIssuer=0 | support=person-studio-aca408ec-r03-4(actor,28) openBound=[] anyRoots=0 boundByIssuer=0
w80 studio-aca408ec-r02 film=studio-aca408ec-r02:film:8 lead=person-studio-aca408ec-r02-4(actor,43) openBound=[] anyRoots=0 boundByIssuer=0 | antagonist=person-studio-aca408ec-r02-3(actor,54) openBound=[] anyRoots=0 boundByIssuer=0 | support=person-studio-aca408ec-r02-2(actor,40) openBound=[] anyRoots=0 boundByIssuer=0
w81 studio-aca408ec-r04 film=studio-aca408ec-r04:film:8 lead=person-studio-aca408ec-r04-3(actor,42) openBound=[] anyRoots=0 boundByIssuer=0 | antagonist=person-studio-aca408ec-r04-2(actor,34) openBound=[] anyRoots=0 boundByIssuer=0 | support=person-studio-aca408ec-r04-4(actor,35) openBound=[] anyRoots=0 boundByIssuer=0
w88 studio-aca408ec-r01 film=studio-aca408ec-r01:film:9 lead=person-studio-aca408ec-r01-4(actor,34) openBound=[] anyRoots=0 boundByIssuer=0 | antagonist=person-studio-aca408ec-r01-2(actor,30) openBound=[] anyRoots=0 boundByIssuer=0 | support=person-studio-aca408ec-r01-3(actor,40) openBound=[] anyRoots=0 boundByIssuer=0
w88 studio-aca408ec-r03 film=studio-aca408ec-r03:film:9 lead=person-studio-aca408ec-r03-3(actor,31) openBound=[] anyRoots=0 boundByIssuer=0 | antagonist=person-studio-aca408ec-r03-2(actor,28) openBound=[] anyRoots=0 boundByIssuer=0 | support=person-studio-aca408ec-r03-4(actor,28) openBound=[] anyRoots=0 boundByIssuer=0
w89 studio-aca408ec-r02 film=studio-aca408ec-r02:film:9 lead=person-studio-aca408ec-r02-4(actor,43) openBound=[] anyRoots=0 boundByIssuer=0 | antagonist=person-studio-aca408ec-r02-3(actor,54) openBound=[] anyRoots=0 boundByIssuer=0 | support=person-studio-aca408ec-r02-2(actor,40) openBound=[] anyRoots=0 boundByIssuer=0
w97 studio-aca408ec-r03 film=studio-aca408ec-r03:film:10 lead=person-studio-aca408ec-r03-3(actor,31) openBound=[] anyRoots=0 boundByIssuer=0 | antagonist=person-studio-aca408ec-r03-2(actor,28) openBound=[] anyRoots=0 boundByIssuer=0 | support=person-studio-aca408ec-r03-4(actor,28) openBound=[] anyRoots=0 boundByIssuer=0
w98 studio-aca408ec-r02 film=studio-aca408ec-r02:film:10 lead=person-studio-aca408ec-r02-3(actor,54) openBound=[] anyRoots=0 boundByIssuer=0 | antagonist=person-studio-aca408ec-r02-4(actor,43) openBound=[] anyRoots=0 boundByIssuer=0 | support=person-studio-aca408ec-r02-2(actor,40) openBound=[] anyRoots=0 boundByIssuer=0
w100 studio-aca408ec-r01 film=studio-aca408ec-r01:film:10 lead=person-studio-aca408ec-r01-4(actor,34) openBound=[] anyRoots=0 boundByIssuer=0 | antagonist=person-studio-aca408ec-r01-3(actor,40) openBound=[] anyRoots=0 boundByIssuer=0 | support=person-studio-aca408ec-r01-2(actor,30) openBound=[] anyRoots=0 boundByIssuer=0
w106 studio-aca408ec-r03 film=studio-aca408ec-r03:film:11 lead=person-studio-aca408ec-r03-3(actor,31) openBound=[] anyRoots=0 boundByIssuer=0 | antagonist=person-studio-aca408ec-r03-2(actor,28) openBound=[] anyRoots=0 boundByIssuer=0 | support=person-studio-aca408ec-r03-4(actor,28) openBound=[] anyRoots=0 boundByIssuer=0
w110 studio-aca408ec-r02 film=studio-aca408ec-r02:film:12 lead=person-studio-aca408ec-r02-4(actor,43) openBound=[] anyRoots=0 boundByIssuer=0 | antagonist=person-studio-aca408ec-r02-3(actor,54) openBound=[] anyRoots=0 boundByIssuer=0 | support=person-studio-aca408ec-r02-2(actor,40) openBound=[] anyRoots=0 boundByIssuer=0
w115 studio-aca408ec-r03 film=studio-aca408ec-r03:film:12 lead=person-studio-aca408ec-r03-2(actor,28) openBound=[] anyRoots=0 boundByIssuer=0 | antagonist=person-studio-aca408ec-r03-3(actor,31) openBound=[] anyRoots=0 boundByIssuer=0 | support=person-studio-aca408ec-r03-4(actor,28) openBound=[] anyRoots=0 boundByIssuer=0
w124 studio-aca408ec-r03 film=studio-aca408ec-r03:film:13 lead=person-studio-aca408ec-r03-3(actor,31) openBound=[] anyRoots=0 boundByIssuer=0 | antagonist=person-studio-aca408ec-r03-2(actor,28) openBound=[] anyRoots=0 boundByIssuer=0 | support=person-studio-aca408ec-r03-4(actor,28) openBound=[] anyRoots=0 boundByIssuer=0
w133 studio-aca408ec-r03 film=studio-aca408ec-r03:film:14 lead=person-studio-aca408ec-r03-3(actor,31) openBound=[] anyRoots=0 boundByIssuer=0 | antagonist=person-studio-aca408ec-r03-2(actor,28) openBound=[] anyRoots=0 boundByIssuer=0 | support=person-studio-aca408ec-r03-4(actor,28) openBound=[] anyRoots=0 boundByIssuer=0
w212 studio-aca408ec-r01 film=studio-aca408ec-r01:film:6 lead=person-studio-aca408ec-r02-4(actor,43) openBound=[promise-20:APPEARANCE_COUNT/-] anyRoots=2 boundByIssuer=1 | antagonist=person-studio-aca408ec-r02-3(actor,54) openBound=[promise-18:APPEARANCE_COUNT/-] anyRoots=2 boundByIssuer=1 | support=person-studio-aca408ec-r02-2(actor,40) openBound=[promise-16:APPEARANCE_COUNT/-] anyRoots=2 boundByIssuer=1
w221 studio-aca408ec-r01 film=studio-aca408ec-r01:film:11 lead=person-studio-aca408ec-r02-3(actor,54) openBound=[] anyRoots=2 boundByIssuer=0 | antagonist=person-studio-aca408ec-r02-2(actor,40) openBound=[] anyRoots=2 boundByIssuer=0 | support=person-studio-aca408ec-r02-4(actor,43) openBound=[] anyRoots=2 boundByIssuer=0
w233 studio-aca408ec-r01 film=studio-aca408ec-r01:film:12 lead=person-studio-aca408ec-r02-4(actor,43) openBound=[] anyRoots=2 boundByIssuer=0 | antagonist=person-studio-aca408ec-r02-3(actor,54) openBound=[] anyRoots=2 boundByIssuer=0 | support=person-studio-aca408ec-r02-2(actor,40) openBound=[] anyRoots=2 boundByIssuer=0
w246 studio-aca408ec-r01 film=studio-aca408ec-r01:film:13 lead=person-studio-aca408ec-r02-4(actor,43) openBound=[] anyRoots=2 boundByIssuer=0 | antagonist=person-studio-aca408ec-r02-3(actor,54) openBound=[] anyRoots=2 boundByIssuer=0 | support=person-studio-aca408ec-r02-2(actor,40) openBound=[] anyRoots=2 boundByIssuer=0
w259 studio-aca408ec-r01 film=studio-aca408ec-r01:film:14 lead=person-studio-aca408ec-r02-4(actor,43) openBound=[] anyRoots=2 boundByIssuer=0 | antagonist=person-studio-aca408ec-r02-3(actor,54) openBound=[] anyRoots=2 boundByIssuer=0 | support=person-studio-aca408ec-r02-2(actor,40) openBound=[] anyRoots=2 boundByIssuer=0
w268 studio-aca408ec-r01 film=studio-aca408ec-r01:film:15 lead=person-studio-aca408ec-r02-4(actor,43) openBound=[] anyRoots=2 boundByIssuer=0 | antagonist=person-studio-aca408ec-r02-3(actor,54) openBound=[] anyRoots=2 boundByIssuer=0 | support=person-studio-aca408ec-r02-2(actor,40) openBound=[] anyRoots=2 boundByIssuer=0
SUMMARY slotsFound {"lead":212,"antagonist":212,"support":212} genuineAt undefined tagged roots total 6 tagged BOUND roots: ["promise-11 studio-aca408ec-r02->person-studio-aca408ec-r01-5 craft outcome=null progress=0 window=[208,416)"]
TAGGED ["promise-10 studio-aca408ec-r01->person-studio-aca408ec-r01-5(craft) bound=false outcome=null","promise-11 studio-aca408ec-r02->person-studio-aca408ec-r01-5(craft) bound=true outcome=null","promise-28 studio-aca408ec-r01->person-studio-aca408ec-r03-2(actor) bound=false outcome=null","promise-29 studio-aca408ec-r02->person-studio-aca408ec-r03-2(actor) bound=false outcome=null","promise-32 studio-aca408ec-r01->person-studio-aca408ec-r03-4(actor) bound=false outcome=null","promise-33 studio-aca408ec-r02->person-studio-aca408ec-r03-4(actor) bound=false outcome=null"]

 ✓ |core| tests/zz-600-t2-probe.test.ts (1 test) 4429ms
   ✓ probe rivalWorlds prerequisites 4428ms

 Test Files  1 passed (1)
      Tests  1 passed (1)
   Start at  16:28:13
   Duration  6.64s (transform 1.28s, setup 0ms, collect 1.71s, tests 4.43s, environment 0ms, prepare 109ms)

EXIT=0
Mon Sep 21 14:28:20 UTC 2026
