Mon Sep 21 14:26:59 UTC 2026

 RUN  v2.1.9 /Users/zacheryspector/The-Movies-headless-program

 ✓ |core| tests/p14b4-joint-trace.test.ts (38 tests) 524ms
 ✓ |core| tests/operations.test.ts (13 tests) 1736ms
   ✓ Production Operations V1 > holds only the blocked production while world time and weekly costs continue 1004ms
 ✓ |core| tests/p14b4-production-admission.test.ts (32 tests) 2675ms
   ✓ P14B4 shared admission — real credit versus engaged work > keeps a genuinely busy credited writer out of engaged seats and labour 307ms
 ✓ |core| tests/p14b4-owner-fact-views.test.ts (7 tests) 3482ms
   ✓ P14B4 existing owner fact views — behavior-preserving narrowing > uses a genuine shooting-entry clock with nullable/default player identity (false) 377ms
   ✓ P14B4 existing owner fact views — behavior-preserving narrowing > uses a genuine shooting-entry clock with nullable/default player identity (true) 702ms
   ✓ P14B4 existing owner fact views — behavior-preserving narrowing > reads only actual property/placement facts for centres and the pre-arrival scenery owner result 688ms
   ✓ P14B4 existing owner fact views — behavior-preserving narrowing > keeps controlled far-body transit and missing-body withholding distinct from arrival 409ms
   ✓ P14B4 existing owner fact views — behavior-preserving narrowing > uses narrow real production/concept records for early, missing, legal and committed release 1007ms
 ✓ |core| tests/script-development.test.ts (10 tests) 295ms
 ✓ |core| tests/casting-sessions-actions.test.ts (8 tests) 2793ms
   ✓ Casting Sessions V1 action, tick, and read-model integration > runs one optional week, persists only observations, stops for review, and never holds talent 747ms
   ✓ Casting Sessions V1 action, tick, and read-model integration > hands capacity-only casting forward to a queueable Package and closes the exact queued project 492ms
   ✓ Casting Sessions V1 action, tick, and read-model integration > shares both slots with scripts in both directions and reports one combined occupancy 488ms
 ✓ |core| tests/p14bf2-acting-discipline.test.ts (13 tests) 8620ms
   ✓ B-F2: settled has-acting-discipline law, not primary-role eligibility > the real generated writer is lawfully cast as lead without relabeling or occupying two roles 4045ms
   ✓ B-F2: settled has-acting-discipline law, not primary-role eligibility > real winning writer P1 binds, then one completed scheduled cast take satisfies it with exact durable references 1343ms
   ✓ B-F2: genuine old role-refusal evidence survives, fresh evaluations use the live evaluator (4 after record 600) > valid load preserves the old erroneous receipt/root/digest bytes exactly without repairing history 1885ms
   ✓ B-F2: genuine old role-refusal evidence survives, fresh evaluations use the live evaluator (4 after record 600) > actual resubmit/attach evaluates afresh under4 but keeps the original version1 refusal untouched 842ms
 ✓ |core| tests/d11-employment.test.ts (36 tests) 14126ms
   ✓ D-11.2 — starting applicant draft > no guaranteed superstar: across many seeds, some drafts have no 90+ OVR actor 813ms
   ✓ D-11 — contracts & offers > payroll accrues each week; the ledger reconciles after several weeks 1186ms
   ✓ D-11.8 — expiration > a contract expires at term end and the talent becomes a free agent 4440ms
   ✓ D-11.7 — renewals > renewing inside the window is refused as underMarketCase and redirected to the proposal path (P14A §2.1.3 / R6) 2920ms
   ✓ D-11.14 — deterministic markets > the market rotates across epochs (different listings over a full rotation) 712ms
   ✓ D-11 — determinism & live saves > new games save at the live version and round-trip byte-identically 543ms
   ✓ D-11 — determinism & live saves > no duplicate payroll after reload (reload ≡ continuous run) 1388ms
   ✓ D-11 — determinism & live saves > two same-seed founded+advanced runs are byte-identical (deterministic offers/markets) 1316ms
 ✓ |core| tests/casting-package-read-model.test.ts (11 tests) 796ms
 ✓ |core| tests/p14b4-bounded-sort-owners.test.ts (7 tests) 700ms
   ✓ P14B4 real sort-owner parity, independently runnable before new helper > calls the actual allocator policy in input order but selects first-fit identically 424ms
 ✓ |core| tests/script-projects-actions.test.ts (4 tests) 572ms
   ✓ Script Projects V1 action and tick integration > runs Draft, one Rewrite, Ready, linked production, cancellation, and Produced history 303ms
 ✓ |core| tests/casting-sessions-domain.test.ts (8 tests) 255ms
 ✓ |core| tests/p14b4-joint-trace-mode-extension.test.ts (2 tests) 20ms
 ✓ |core| tests/p14b4-managed-clock-owner.test.ts (5 tests) 5873ms
   ✓ P14B4 behavior-preserving managed clock owner extraction > retains complete caller records/order and skips the actual greenlight week 455ms
   ✓ P14B4 behavior-preserving managed clock owner extraction > retains full-P callbacks and technology locks at real shooting entry, not a take 1023ms
   ✓ P14B4 behavior-preserving managed clock owner extraction > holds an unassigned real take, then returns exactly the scheduled 5→4 caller record 1767ms
   ✓ P14B4 behavior-preserving managed clock owner extraction > releases real wrapped stage/Set holds even when the supplied Post slots are occupied 1490ms
   ✓ P14B4 behavior-preserving managed clock owner extraction > holds actual Release Ready until real commitment, then returns its exact admission ID 1137ms
 ✓ |core| tests/p14a1-eligibility.test.ts (5 tests) 4302ms
   ✓ P14A.1 test 1: market eligibility (six states; reserved rivals; in-term refusal) > renewal_window: a 52-week player contract at its window-open week (week 40) opens a case; the incumbent (player) and every ENTERED rival may propose 2829ms
   ✓ P14A.1 test 1: market eligibility (six states; reserved rivals; in-term refusal) > reserved rivals cannot propose: row 5 (eligibleWeek 520, enteredWeek null at week 40) is excluded from the renewal_window proposer set 1316ms
 ✓ |core| tests/p12-starting-world.test.ts (3 tests) 2876ms
   ✓ R05 canonical starting history and genuine migration > opens four established distinct businesses with settled canonical history and protected applicants 403ms
   ✓ R05 canonical starting history and genuine migration > migrates at each old state own week with empty company histories and exact player state 2243ms
 ✓ |core| tests/p13a-research-employment.test.ts (1 test) 8708ms
   ✓ P13A research employment continuity > releasing the actual Scientist pauses work immediately and survives save/reload without losing verified work 8706ms

 Test Files  17 passed (17)
      Tests  203 passed (203)
   Start at  16:27:00
   Duration  30.96s (transform 3.06s, setup 0ms, collect 15.89s, tests 58.35s, environment 5ms, prepare 3.85s)

EXIT=0
Mon Sep 21 14:27:31 UTC 2026
