Mon Sep 21 14:35:38 UTC 2026

 RUN  v2.1.9 /Users/zacheryspector/The-Movies-headless-program

 ❯ |core| tests/bridge-p12-campaign-library.test.ts (13 tests | 11 failed) 105378ms
   ✓ R05 independent named campaign transactions > keeps a reviewed contract quote usable across failed and successful catalogue-only rename 7115ms
   ✓ R05 independent named campaign transactions > keeps a reviewed contract quote usable across failed and successful catalogue-only delete 4638ms
   × R05 independent named campaign transactions > keeps the shipped Save route and save-before-load consistent with the named record 5296ms
     → Test timed out in 5000ms.
If this is a long-running test, pass a timeout value as the last argument or configure it globally with "testTimeout".
   × R05 independent named campaign transactions > rejects a corrupted cross-world active binding and stops on an uncertain commit 5048ms
     → Test timed out in 5000ms.
If this is a long-running test, pass a timeout value as the last argument or configure it globally with "testTimeout".
   × R05 independent named campaign transactions > saves atomically across the bounded replay journal with a new logical session 5870ms
     → Test timed out in 5000ms.
If this is a long-running test, pass a timeout value as the last argument or configure it globally with "testTimeout".
   × R05 independent named campaign transactions > branches CURRENT complete state, preserves original records, switches scope and survives restart 5624ms
     → Test timed out in 5000ms.
If this is a long-running test, pass a timeout value as the last argument or configure it globally with "testTimeout".
   × R05 independent named campaign transactions > makes failed writes, cancel/unsaved conflicts, stale targets and rename collisions leave authority intact 6937ms
     → Test timed out in 5000ms.
If this is a long-running test, pass a timeout value as the last argument or configure it globally with "testTimeout".
   × R05 independent named campaign transactions > requires exact delete/overwrite confirmation and never recreates a deleted active record 5541ms
     → Test timed out in 5000ms.
If this is a long-running test, pass a timeout value as the last argument or configure it globally with "testTimeout".
   × R05 independent named campaign transactions > imports real old current/saved checkpoints as independently recoverable records without losing original bytes 5180ms
     → Test timed out in 5000ms.
If this is a long-running test, pass a timeout value as the last argument or configure it globally with "testTimeout".
   × R05 independent named campaign transactions > recovers different-world legacy slots and null saved state, preserving exact originals 5415ms
     → Test timed out in 5000ms.
If this is a long-running test, pass a timeout value as the last argument or configure it globally with "testTimeout".
   × R05 independent named campaign transactions > branches a full journal without changing source bytes and retries the exact durable copy after restart 5046ms
     → Test timed out in 5000ms.
If this is a long-running test, pass a timeout value as the last argument or configure it globally with "testTimeout".
   × R05 independent named campaign transactions > durably save dirty progress while preserving two inactive worlds and failed-write authority 23149ms
     → Test timed out in 20000ms.
If this is a long-running test, pass a timeout value as the last argument or configure it globally with "testTimeout".
   × R05 independent named campaign transactions > durably discard dirty progress while preserving two inactive worlds and failed-write authority 20516ms
     → Test timed out in 20000ms.
If this is a long-running test, pass a timeout value as the last argument or configure it globally with "testTimeout".
 ✓ |core| tests/bridge.test.ts (18 tests) 360377ms
   ✓ Current-game Unity adoption bridge > pins protocol v4/projection v32 and fingerprints named projections and exact intent fields 4679ms
   ✓ Current-game Unity adoption bridge > bootstraps through real founding and legal intents, releasing Movie #1 at the Movie #2 gate 2219ms
   ✓ Current-game Unity adoption bridge > plays exact Movie #2 end to end with current guidance, identities, blockers, and construction visible 100922ms
   ✓ Current-game Unity adoption bridge > makes the player choose a distinct evidenced cast before greenlight 16064ms
   ✓ Current-game Unity adoption bridge > rejects stale, forged, wrong-session, and reused command identities without changing truth 3290ms
   ✓ Current-game Unity adoption bridge > maps every rejection code to closed TypeScript-owned facts 1307ms
   ✓ Current-game Unity adoption bridge > uses opaque exact identities rather than titles and invalidates every prior-state intent 2646ms
   ✓ Current-game Unity adoption bridge > protects save/load controls and reconstructs a fresh reconnect session byte-for-byte 4611ms
   ✓ Current-game Unity adoption bridge > matches direct headless save bytes/digests and is independent of polling cadence 190779ms
   ✓ Current-game Unity adoption bridge > keeps read-only polling and failed direct intent application save-neutral 3171ms
   ✓ Current-game Unity adoption bridge > keeps every named projection and root authority token stable across identical polls 2585ms
   ✓ Current-game Unity adoption bridge > emits and admits a screenplay commission when both authoritative slots are occupied 1468ms
   ✓ Current-game Unity adoption bridge > emits and admits exact-project auditions when both authoritative slots are occupied 6865ms
   ✓ Current-game Unity adoption bridge > emits and admits an evidenced exact-project greenlight without committing the package 4073ms
   ✓ Current-game Unity adoption bridge > publishes advanceWeek through the ready-to-package family and withholds it at a casting-review decision stop 14680ms
   ✓ Current-game Unity adoption bridge > keeps advanceWeek available while a greenlight sits queued for Development & Casting capacity 805ms

⎯⎯⎯⎯⎯⎯ Failed Tests 11 ⎯⎯⎯⎯⎯⎯⎯

 FAIL |core|  tests/bridge-p12-campaign-library.test.ts > R05 independent named campaign transactions > keeps the shipped Save route and save-before-load consistent with the named record
 FAIL |core|  tests/bridge-p12-campaign-library.test.ts > R05 independent named campaign transactions > rejects a corrupted cross-world active binding and stops on an uncertain commit
 FAIL |core|  tests/bridge-p12-campaign-library.test.ts > R05 independent named campaign transactions > saves atomically across the bounded replay journal with a new logical session
 FAIL |core|  tests/bridge-p12-campaign-library.test.ts > R05 independent named campaign transactions > branches CURRENT complete state, preserves original records, switches scope and survives restart
 FAIL |core|  tests/bridge-p12-campaign-library.test.ts > R05 independent named campaign transactions > makes failed writes, cancel/unsaved conflicts, stale targets and rename collisions leave authority intact
 FAIL |core|  tests/bridge-p12-campaign-library.test.ts > R05 independent named campaign transactions > requires exact delete/overwrite confirmation and never recreates a deleted active record
 FAIL |core|  tests/bridge-p12-campaign-library.test.ts > R05 independent named campaign transactions > imports real old current/saved checkpoints as independently recoverable records without losing original bytes
 FAIL |core|  tests/bridge-p12-campaign-library.test.ts > R05 independent named campaign transactions > recovers different-world legacy slots and null saved state, preserving exact originals
 FAIL |core|  tests/bridge-p12-campaign-library.test.ts > R05 independent named campaign transactions > branches a full journal without changing source bytes and retries the exact durable copy after restart
Error: Test timed out in 5000ms.
If this is a long-running test, pass a timeout value as the last argument or configure it globally with "testTimeout".
⎯⎯⎯⎯⎯⎯⎯⎯⎯⎯⎯⎯⎯⎯⎯⎯⎯⎯⎯⎯⎯⎯⎯[1/11]⎯

 FAIL |core|  tests/bridge-p12-campaign-library.test.ts > R05 independent named campaign transactions > durably save dirty progress while preserving two inactive worlds and failed-write authority
 FAIL |core|  tests/bridge-p12-campaign-library.test.ts > R05 independent named campaign transactions > durably discard dirty progress while preserving two inactive worlds and failed-write authority
Error: Test timed out in 20000ms.
If this is a long-running test, pass a timeout value as the last argument or configure it globally with "testTimeout".
⎯⎯⎯⎯⎯⎯⎯⎯⎯⎯⎯⎯⎯⎯⎯⎯⎯⎯⎯⎯⎯⎯⎯[2/11]⎯

 Test Files  1 failed | 1 passed (2)
      Tests  11 failed | 20 passed (31)
   Start at  16:35:38
   Duration  364.93s (transform 3.45s, setup 0ms, collect 7.61s, tests 465.75s, environment 1ms, prepare 389ms)

EXIT=1
Mon Sep 21 14:41:43 UTC 2026
